{
  "turn": 0,
  "actions": [
    {
      "entity": "bot",
      "action_name": "information_element_extraction",
      "output": {
        "information_element_extraction": {
          "triggering_screen_reference": null,
          "triggering_GUI_interactions": null,
          "buggy_behavior": {
            "value": "It restarts on its own.",
            "evidence": [
              "It restarts on its own."
            ]
          },
          "correct_behavior": null,
          "steps_to_reproduce": null
        }
      },
      "meta_data": {
        "latency": "1.4484026669997547 s",
        "node_token_consumption": {
          "input_tokens": 800,
          "output_tokens": 61,
          "total_tokens": 861,
          "llm_calls": 1,
          "llm_calls_with_usage": 1,
          "llm_calls_missing_usage": 0
        }
      }
    },
    {
      "entity": "bot",
      "action_name": "clarity_check",
      "output": {
        "clarity_route": "needs_clarification",
        "clarity_issues": [
          "Buggy Behavior is unclear: 'It' is not referentially resolved."
        ]
      },
      "meta_data": {
        "latency": "1.3518318340002224 s",
        "node_token_consumption": {
          "input_tokens": 408,
          "output_tokens": 41,
          "total_tokens": 449,
          "llm_calls": 1,
          "llm_calls_with_usage": 1,
          "llm_calls_missing_usage": 0
        }
      }
    },
    {
      "entity": "bot",
      "action_name": "clarity_follow_up",
      "output": {
        "generated_question": "What is restarting on its own—the Material Files app, your phone, or a specific screen/operation in the app?",
        "clarification_rounds": 1
      },
      "meta_data": {
        "latency": "1.4333467500000552 s",
        "node_token_consumption": {
          "input_tokens": 300,
          "output_tokens": 38,
          "total_tokens": 338,
          "llm_calls": 1,
          "llm_calls_with_usage": 1,
          "llm_calls_missing_usage": 0
        }
      }
    }
  ]
}
{
  "turn": 1,
  "actions": [
    {
      "entity": "user",
      "action_name": "user_description",
      "output": {
        "messages": {
          "content": "The FTP server is restarting on its own.",
          "additional_kwargs": {},
          "response_metadata": {},
          "type": "human",
          "name": null,
          "id": "49c07eed-acff-4a39-81dd-b563bb106ea7"
        }
      },
      "meta_data": {
        "latency": "2.0708000192826148e-05 s",
        "node_token_consumption": null
      }
    },
    {
      "entity": "bot",
      "action_name": "information_element_extraction",
      "output": {
        "information_element_extraction": {
          "triggering_screen_reference": null,
          "triggering_GUI_interactions": null,
          "buggy_behavior": {
            "value": "The FTP server is restarting on its own.",
            "evidence": [
              "It restarts on its own.",
              "The FTP server is restarting on its own."
            ]
          },
          "correct_behavior": {
            "value": "The FTP server should not restart on its own.",
            "evidence": [
              "The FTP server is restarting on its own."
            ]
          },
          "steps_to_reproduce": null
        }
      },
      "meta_data": {
        "latency": "1.9851533749997543 s",
        "node_token_consumption": {
          "input_tokens": 832,
          "output_tokens": 96,
          "total_tokens": 928,
          "llm_calls": 1,
          "llm_calls_with_usage": 1,
          "llm_calls_missing_usage": 0
        }
      }
    },
    {
      "entity": "bot",
      "action_name": "clarity_check",
      "output": {
        "clarity_route": "continue",
        "clarity_issues": []
      },
      "meta_data": {
        "latency": "1.7968174999996336 s",
        "node_token_consumption": {
          "input_tokens": 451,
          "output_tokens": 21,
          "total_tokens": 472,
          "llm_calls": 1,
          "llm_calls_with_usage": 1,
          "llm_calls_missing_usage": 0
        }
      }
    },
    {
      "entity": "bot",
      "action_name": "extract_and_update",
      "output": {
        "BugInfo": {
          "triggering_screen_reference": {
            "status": "inferred",
            "candidates": [
              {
                "value": "a0ae2c21a12bc864024f18b7af900668f54e251f7fd5fc6e49da5bf1f8c6a013",
                "evidence": "Bug is about 'The FTP server is restarting on its own.' The FTP server controls are shown on state a0ae2c21... (FtpServerActivity(Window=Main), title 'FTP server', status switch and configuration), making it the most plausible screen where the restart is observed."
              }
            ]
          },
          "triggering_GUI_interactions": [],
          "buggy_behavior": {
            "status": "confirmed",
            "candidates": [
              {
                "value": "The FTP server is restarting on its own.",
                "evidence": "User-stated directly: 'The FTP server is restarting on its own.' / 'It restarts on its own.'"
              }
            ]
          },
          "correct_behavior": {
            "status": "confirmed",
            "candidates": [
              {
                "value": "The FTP server should not restart on its own.",
                "evidence": "Directly supported by the report of undesired behavior: 'The FTP server is restarting on its own.' implying it should not do so."
              }
            ]
          },
          "steps_to_reproduce": []
        },
        "information_element_extraction": {
          "triggering_screen_reference": null,
          "triggering_GUI_interactions": null,
          "buggy_behavior": null,
          "correct_behavior": null,
          "steps_to_reproduce": null
        },
        "clarification_window_start_idx": 2
      },
      "meta_data": {
        "latency": "11.506811707999987 s",
        "node_token_consumption": {
          "input_tokens": 270072,
          "output_tokens": 254,
          "total_tokens": 270326,
          "llm_calls": 1,
          "llm_calls_with_usage": 1,
          "llm_calls_missing_usage": 0
        }
      }
    },
    {
      "entity": "bot",
      "action_name": "evaluate",
      "output": {
        "unknown_and_low_confidence_info": [
          "triggering_GUI_interactions",
          "steps_to_reproduce"
        ]
      },
      "meta_data": {
        "latency": "0.0005002090001653414 s",
        "node_token_consumption": null
      }
    },
    {
      "entity": "bot",
      "action_name": "follow_up",
      "output": {
        "generated_question": "What were you doing in the FTP server screen right before it restarted on its own—for example, did you toggle the main Status switch, change any FTP settings like Anonymous login or Allow writing, tap URL/Root folder, or was it idle with no interaction?"
      },
      "meta_data": {
        "latency": "8.600046040999587 s",
        "node_token_consumption": {
          "input_tokens": 269598,
          "output_tokens": 66,
          "total_tokens": 269664,
          "llm_calls": 1,
          "llm_calls_with_usage": 1,
          "llm_calls_missing_usage": 0
        }
      }
    }
  ]
}
{
  "turn": 2,
  "actions": [
    {
      "entity": "user",
      "action_name": "user_description",
      "output": {
        "messages": {
          "content": "I toggled the main status switch from on to off, then I exited the application. ",
          "additional_kwargs": {},
          "response_metadata": {},
          "type": "human",
          "name": null,
          "id": "936419e6-981c-436e-aaf7-d2cdaf9ac533"
        }
      },
      "meta_data": {
        "latency": "2.1582999579550233e-05 s",
        "node_token_consumption": null
      }
    },
    {
      "entity": "bot",
      "action_name": "information_element_extraction",
      "output": {
        "information_element_extraction": {
          "triggering_screen_reference": {
            "value": "the FTP server screen",
            "evidence": [
              "What were you doing in the FTP server screen right before it restarted on its own",
              "I toggled the main status switch from on to off"
            ]
          },
          "triggering_GUI_interactions": {
            "value": "toggled the main status switch from on to off, then exited the application",
            "evidence": [
              "I toggled the main status switch from on to off, then I exited the application."
            ]
          },
          "buggy_behavior": null,
          "correct_behavior": null,
          "steps_to_reproduce": null
        }
      },
      "meta_data": {
        "latency": "2.147660333999738 s",
        "node_token_consumption": {
          "input_tokens": 862,
          "output_tokens": 119,
          "total_tokens": 981,
          "llm_calls": 1,
          "llm_calls_with_usage": 1,
          "llm_calls_missing_usage": 0
        }
      }
    },
    {
      "entity": "bot",
      "action_name": "clarity_check",
      "output": {
        "clarity_route": "continue",
        "clarity_issues": []
      },
      "meta_data": {
        "latency": "1.124781124999572 s",
        "node_token_consumption": {
          "input_tokens": 479,
          "output_tokens": 21,
          "total_tokens": 500,
          "llm_calls": 1,
          "llm_calls_with_usage": 1,
          "llm_calls_missing_usage": 0
        }
      }
    },
    {
      "entity": "bot",
      "action_name": "extract_and_update",
      "output": {
        "BugInfo": {
          "triggering_screen_reference": {
            "status": "inferred",
            "candidates": [
              {
                "value": "a0ae2c21a12bc864024f18b7af900668f54e251f7fd5fc6e49da5bf1f8c6a013",
                "evidence": "Existing inferred mapping already points to the FTP server screen, and new evidence directly references 'the FTP server screen' plus toggling its main status switch."
              }
            ]
          },
          "triggering_GUI_interactions": [
            {
              "status": "inferred",
              "candidates": [
                {
                  "value": "5f369cd30bd1e5644d294c31e5ff58277cad40b2633f69cc4105944721df8b1b",
                  "evidence": "User said: 'I toggled the main status switch from on to off' on the FTP server screen. On state a0ae2c21... (FTP server), transition 5f369cd... is click on Switch with tx=OFF, matching toggling from ON to OFF."
                }
              ]
            },
            {
              "status": "ambiguous",
              "candidates": [
                {
                  "value": "944abf1e97748f2436418aea5aa65a35e80ea307f807f0264ae85d2c80188e7c",
                  "evidence": "User said: 'then I exited the application.' From the FTP server screen, transition 944abf1... uses BACK_MODAL to RecentsActivity, which is one plausible first step of exiting."
                },
                {
                  "value": "9ee38e4247c787f431691ea4e765677e4e8f9fd0a53136b25f19d62d12e2b656",
                  "evidence": "Another plausible interpretation of 'exited the application' is leaving the FTP server via Navigate up first. From FTP server state a0ae2c21..., transition 9ee38e4... returns to FileListActivity."
                }
              ]
            }
          ],
          "buggy_behavior": {
            "status": "confirmed",
            "candidates": [
              {
                "value": "The FTP server is restarting on its own.",
                "evidence": "User-stated directly: 'The FTP server is restarting on its own.' / 'It restarts on its own.'"
              }
            ]
          },
          "correct_behavior": {
            "status": "confirmed",
            "candidates": [
              {
                "value": "The FTP server should not restart on its own.",
                "evidence": "Directly supported by the report of undesired behavior: 'The FTP server is restarting on its own.' implying it should not do so."
              }
            ]
          },
          "steps_to_reproduce": [
            {
              "status": "inferred",
              "candidates": [
                {
                  "value": "aa09f6aef3409759f67d672c9efcbd64d8f3b0ee61cf3e8d197f0539e34430d2",
                  "evidence": "Required app-open step from start state into the app."
                }
              ]
            },
            {
              "status": "inferred",
              "candidates": [
                {
                  "value": "9253ef287211a96261d15d2522d1499f880b411f5e49851b98bae34f3403ab9d",
                  "evidence": "Most plausible path from launch shown in trace: grant storage permission via Allow."
                }
              ]
            },
            {
              "status": "inferred",
              "candidates": [
                {
                  "value": "3abd760d81519f7d0b2fe5daa74c918b40f9496bef2bf776dd7b0d8e95a47b49",
                  "evidence": "Navigate up from initial file list to the main navigation list, consistent with known path to FTP server."
                }
              ]
            },
            {
              "status": "inferred",
              "candidates": [
                {
                  "value": "ed4ddd149d2da1bda9c6a957048313602988bce3f183bd199efeacece662aeec",
                  "evidence": "On the navigation list, click 'FTP server' to open the FTP server screen."
                }
              ]
            },
            {
              "status": "inferred",
              "candidates": [
                {
                  "value": "5f369cd30bd1e5644d294c31e5ff58277cad40b2633f69cc4105944721df8b1b",
                  "evidence": "User explicitly said: 'I toggled the main status switch from on to off' on the FTP server screen."
                }
              ]
            },
            {
              "status": "ambiguous",
              "candidates": [
                {
                  "value": "944abf1e97748f2436418aea5aa65a35e80ea307f807f0264ae85d2c80188e7c",
                  "evidence": "User then said: 'then I exited the application.' From FTP server, BACK to Recents is one plausible exit action represented in the graph."
                },
                {
                  "value": "9ee38e4247c787f431691ea4e765677e4e8f9fd0a53136b25f19d62d12e2b656",
                  "evidence": "Alternative graph-backed interpretation of 'exited the application' is leaving FTP server via Navigate up to the file list before exiting further."
                }
              ]
            }
          ]
        },
        "information_element_extraction": {
          "triggering_screen_reference": null,
          "triggering_GUI_interactions": null,
          "buggy_behavior": null,
          "correct_behavior": null,
          "steps_to_reproduce": null
        },
        "clarification_window_start_idx": 3
      },
      "meta_data": {
        "latency": "28.670073124999362 s",
        "node_token_consumption": {
          "input_tokens": 270300,
          "output_tokens": 1030,
          "total_tokens": 271330,
          "llm_calls": 1,
          "llm_calls_with_usage": 1,
          "llm_calls_missing_usage": 0
        }
      }
    },
    {
      "entity": "bot",
      "action_name": "evaluate",
      "output": {
        "unknown_and_low_confidence_info": [
          "triggering_GUI_interactions[1]",
          "steps_to_reproduce[5]"
        ]
      },
      "meta_data": {
        "latency": "0.0005630840005323989 s",
        "node_token_consumption": null
      }
    },
    {
      "entity": "bot",
      "action_name": "follow_up",
      "output": {
        "generated_question": "When you say you then exited the app after turning the FTP server switch off, what exactly did you do on the FTP server screen: did you press the system Back button, or did you tap the top-left Navigate up arrow?"
      },
      "meta_data": {
        "latency": "4.095700249999936 s",
        "node_token_consumption": {
          "input_tokens": 270462,
          "output_tokens": 60,
          "total_tokens": 270522,
          "llm_calls": 1,
          "llm_calls_with_usage": 1,
          "llm_calls_missing_usage": 0
        }
      }
    }
  ]
}
{
  "turn": 3,
  "actions": [
    {
      "entity": "user",
      "action_name": "user_description",
      "output": {
        "messages": {
          "content": "I pressed the system back button, then I swiped the application up to close it. ",
          "additional_kwargs": {},
          "response_metadata": {},
          "type": "human",
          "name": null,
          "id": "a6322419-ca5f-4655-95a7-22af342ec2eb"
        }
      },
      "meta_data": {
        "latency": "1.462500040361192e-05 s",
        "node_token_consumption": null
      }
    },
    {
      "entity": "bot",
      "action_name": "information_element_extraction",
      "output": {
        "information_element_extraction": {
          "triggering_screen_reference": {
            "value": "the FTP server screen",
            "evidence": [
              "When you say you then exited the app after turning the FTP server switch off",
              "on the FTP server screen",
              "I pressed the system back button"
            ]
          },
          "triggering_GUI_interactions": {
            "value": "pressed the system back button on the FTP server screen, then swiped the application up to close it",
            "evidence": [
              "I pressed the system back button, then I swiped the application up to close it."
            ]
          },
          "buggy_behavior": null,
          "correct_behavior": null,
          "steps_to_reproduce": null
        }
      },
      "meta_data": {
        "latency": "2.1632474580001144 s",
        "node_token_consumption": {
          "input_tokens": 856,
          "output_tokens": 124,
          "total_tokens": 980,
          "llm_calls": 1,
          "llm_calls_with_usage": 1,
          "llm_calls_missing_usage": 0
        }
      }
    },
    {
      "entity": "bot",
      "action_name": "clarity_check",
      "output": {
        "clarity_route": "continue",
        "clarity_issues": []
      },
      "meta_data": {
        "latency": "1.1696719170004144 s",
        "node_token_consumption": {
          "input_tokens": 486,
          "output_tokens": 21,
          "total_tokens": 507,
          "llm_calls": 1,
          "llm_calls_with_usage": 1,
          "llm_calls_missing_usage": 0
        }
      }
    },
    {
      "entity": "bot",
      "action_name": "extract_and_update",
      "output": {
        "BugInfo": {
          "triggering_screen_reference": {
            "status": "inferred",
            "candidates": [
              {
                "value": "a0ae2c21a12bc864024f18b7af900668f54e251f7fd5fc6e49da5bf1f8c6a013",
                "evidence": "Existing inferred mapping already points to the FTP server screen, and new evidence directly references 'the FTP server screen' plus 'I pressed the system back button' there."
              }
            ]
          },
          "triggering_GUI_interactions": [
            {
              "status": "inferred",
              "candidates": [
                {
                  "value": "5f369cd30bd1e5644d294c31e5ff58277cad40b2633f69cc4105944721df8b1b",
                  "evidence": "Previously inferred and unchanged: user had turned the FTP server main status switch off on the FTP server screen."
                }
              ]
            },
            {
              "status": "confirmed",
              "candidates": [
                {
                  "value": "944abf1e97748f2436418aea5aa65a35e80ea307f807f0264ae85d2c80188e7c",
                  "evidence": "User explicitly clarified: 'I pressed the system back button' on the FTP server screen. Transition 944abf1e... is BACK_MODAL from FTP server state a0ae2c21..."
                }
              ]
            },
            {
              "status": "inferred",
              "candidates": [
                {
                  "value": "b05234dc13810ef197b494fe9ce3b3d6e6927d53c722ad904f3dc53e425da84c",
                  "evidence": "User explicitly said: 'then I swiped the application up to close it.' After pressing back from FTP server, the app is on RecentsActivity f9deaa0c..., where transition b05234dc... dismisses the Files task ('Dismiss Files.'). This is the graph-backed close-app action after the confirmed back step."
                }
              ]
            }
          ],
          "buggy_behavior": {
            "status": "confirmed",
            "candidates": [
              {
                "value": "The FTP server is restarting on its own.",
                "evidence": "User-stated directly: 'The FTP server is restarting on its own.' / 'It restarts on its own.'"
              }
            ]
          },
          "correct_behavior": {
            "status": "confirmed",
            "candidates": [
              {
                "value": "The FTP server should not restart on its own.",
                "evidence": "Directly supported by the report of undesired behavior: 'The FTP server is restarting on its own.' implying it should not do so."
              }
            ]
          },
          "steps_to_reproduce": [
            {
              "status": "inferred",
              "candidates": [
                {
                  "value": "aa09f6aef3409759f67d672c9efcbd64d8f3b0ee61cf3e8d197f0539e34430d2",
                  "evidence": "Required app-open step from start state into the app."
                }
              ]
            },
            {
              "status": "inferred",
              "candidates": [
                {
                  "value": "9253ef287211a96261d15d2522d1499f880b411f5e49851b98bae34f3403ab9d",
                  "evidence": "Most plausible path from launch shown in trace: grant storage permission via Allow."
                }
              ]
            },
            {
              "status": "inferred",
              "candidates": [
                {
                  "value": "3abd760d81519f7d0b2fe5daa74c918b40f9496bef2bf776dd7b0d8e95a47b49",
                  "evidence": "Navigate up from initial file list to the main navigation list, consistent with known path to FTP server."
                }
              ]
            },
            {
              "status": "inferred",
              "candidates": [
                {
                  "value": "ed4ddd149d2da1bda9c6a957048313602988bce3f183bd199efeacece662aeec",
                  "evidence": "On the navigation list, click 'FTP server' to open the FTP server screen."
                }
              ]
            },
            {
              "status": "inferred",
              "candidates": [
                {
                  "value": "5f369cd30bd1e5644d294c31e5ff58277cad40b2633f69cc4105944721df8b1b",
                  "evidence": "User explicitly said they turned the FTP server switch off on the FTP server screen."
                }
              ]
            },
            {
              "status": "confirmed",
              "candidates": [
                {
                  "value": "944abf1e97748f2436418aea5aa65a35e80ea307f807f0264ae85d2c80188e7c",
                  "evidence": "User clarified the exit sequence: 'I pressed the system back button' after turning it off. This is BACK_MODAL from the FTP server screen."
                }
              ]
            },
            {
              "status": "inferred",
              "candidates": [
                {
                  "value": "b05234dc13810ef197b494fe9ce3b3d6e6927d53c722ad904f3dc53e425da84c",
                  "evidence": "User then said: 'then I swiped the application up to close it.' From RecentsActivity reached after the back step, transition b05234dc... dismisses the Files task, matching swiping the app up to close it."
                }
              ]
            }
          ]
        },
        "information_element_extraction": {
          "triggering_screen_reference": null,
          "triggering_GUI_interactions": null,
          "buggy_behavior": null,
          "correct_behavior": null,
          "steps_to_reproduce": null
        },
        "clarification_window_start_idx": 4
      },
      "meta_data": {
        "latency": "20.739171915999577 s",
        "node_token_consumption": {
          "input_tokens": 271166,
          "output_tokens": 1046,
          "total_tokens": 272212,
          "llm_calls": 1,
          "llm_calls_with_usage": 1,
          "llm_calls_missing_usage": 0
        }
      }
    },
    {
      "entity": "bot",
      "action_name": "evaluate",
      "output": {
        "unknown_and_low_confidence_info": []
      },
      "meta_data": {
        "latency": "2.725000013015233e-05 s",
        "node_token_consumption": null
      }
    },
    {
      "entity": "user",
      "action_name": "generate_report",
      "output": {
        "full_report": {
          "title": "FTP server restarts on its own after being turned off and the app is dismissed from Recents",
          "observed_behavior": "On the FTP server screen, if the user turns the FTP server off, presses Back, and dismisses the app from the Recents screen, the FTP server restarts on its own.",
          "expected_behavior": "The FTP server should not restart on its own.",
          "steps_to_reproduce": "1. Open the app and allow the storage permission.\n2. On the Files screen, tap the Navigate up button.\n3. In the navigation drawer, tap FTP server.\n4. On the FTP server screen, turn the Status switch off.\n5. Press the Back button to leave the app.\n6. Open the Recents screen.\n7. Dismiss the Files app from Recents."
        }
      },
      "meta_data": {
        "latency": "12.24485525 s",
        "node_token_consumption": {
          "input_tokens": 269696,
          "output_tokens": 177,
          "total_tokens": 269873,
          "llm_calls": 1,
          "llm_calls_with_usage": 1,
          "llm_calls_missing_usage": 0
        }
      }
    }
  ]
}
{
  "record_type": "conversation_summary",
  "conversation_id": "10",
  "started_at": "2026-04-05T15:23:01.658857+00:00",
  "ended_at": "2026-04-05T15:28:15.454640+00:00",
  "total_latency_seconds": 313.7911699160004,
  "token_consumption": {
    "input_tokens": 1626768,
    "output_tokens": 3175,
    "total_tokens": 1629943,
    "llm_calls": 15,
    "llm_calls_with_usage": 15,
    "llm_calls_missing_usage": 0
  }
}
