{
  "turn": 0,
  "actions": [
    {
      "entity": "bot",
      "action_name": "information_element_extraction",
      "output": {
        "information_element_extraction": {
          "triggering_screen_reference": {
            "value": "Display of Incomes by Articles pop-up of the Reports screen",
            "evidence": [
              "On Display of Incomes by Articles pop-up of the Reports screen"
            ]
          },
          "triggering_GUI_interactions": {
            "value": "changing the report appearance from 'view values' to 'use percent values' by checking 'view values', checking 'use percent values', and tapping OK",
            "evidence": [
              "changing the report appearance from 'view values' to 'use percent values'",
              "check 'view values'",
              "check 'use percent values'",
              "tap OK"
            ]
          },
          "buggy_behavior": {
            "value": "the application crashes",
            "evidence": [
              "causes the application to crash"
            ]
          },
          "correct_behavior": {
            "value": "the appearance of the report should be changed to 'use percent values'",
            "evidence": [
              "the appearance of the report should be changed to 'use percent values'"
            ]
          },
          "steps_to_reproduce": {
            "value": "Open the app, tap Allow, select Report, choose Incomes By Articles or Expenses By Articles, tap View, check 'view values', check 'use percent values', and tap OK.",
            "evidence": [
              "I took these steps: Open the app, tap Allow, select Report, choose Incomes By Articles or Expenses By Articles, tap View, check 'view values', check 'use percent values', and tap OK."
            ]
          }
        }
      },
      "meta_data": {
        "latency": "4.1886416669995015 s",
        "node_token_consumption": {
          "input_tokens": 886,
          "output_tokens": 275,
          "total_tokens": 1161,
          "llm_calls": 1,
          "llm_calls_with_usage": 1,
          "llm_calls_missing_usage": 0
        }
      }
    },
    {
      "entity": "bot",
      "action_name": "clarity_check",
      "output": {
        "clarity_route": "continue",
        "clarity_issues": []
      },
      "meta_data": {
        "latency": "1.1202447910000046 s",
        "node_token_consumption": {
          "input_tokens": 657,
          "output_tokens": 21,
          "total_tokens": 678,
          "llm_calls": 1,
          "llm_calls_with_usage": 1,
          "llm_calls_missing_usage": 0
        }
      }
    },
    {
      "entity": "bot",
      "action_name": "extract_and_update",
      "output": {
        "BugInfo": {
          "triggering_screen_reference": {
            "status": "confirmed",
            "candidates": [
              {
                "value": "f189f23124c6c372973bbff27e30b7107f27022f74836d7085daf2817f565790",
                "evidence": "User said: 'Display of Incomes by Articles pop-up of the Reports screen'. This exactly matches the 'Display of Incomes by Articles' pop-up dialog screen."
              }
            ]
          },
          "triggering_GUI_interactions": [
            {
              "status": "confirmed",
              "candidates": [
                {
                  "value": "dc01c666d81db01f9ceb751ff256033bcc27f75ab0951ef2f9eff49e39233d64",
                  "evidence": "User said: \"check 'view values'\" on the 'Display of Incomes by Articles' pop-up. This matches clicking the 'View values' checkbox."
                }
              ]
            },
            {
              "status": "confirmed",
              "candidates": [
                {
                  "value": "c3292f1abb084883da9f0bf06776dd33343b186505d53bedfbb8b83717e4b319",
                  "evidence": "User said: \"check 'use percent values'\" on the same pop-up. This matches clicking the 'Use percent values' checkbox."
                }
              ]
            },
            {
              "status": "confirmed",
              "candidates": [
                {
                  "value": "26c0ae2d76021672cf80c07928394773aec07f5be831f91ab09b5f7c2392b6aa",
                  "evidence": "User said: 'tap OK' after checking both options on the 'Display of Incomes by Articles' pop-up. This matches the OK button transition from that dialog."
                }
              ]
            }
          ],
          "buggy_behavior": {
            "status": "confirmed",
            "candidates": [
              {
                "value": "the application crashes",
                "evidence": "User explicitly said this action 'causes the application to crash'."
              }
            ]
          },
          "correct_behavior": {
            "status": "confirmed",
            "candidates": [
              {
                "value": "the appearance of the report should be changed to 'use percent values'",
                "evidence": "User explicitly said 'the appearance of the report should be changed to use percent values'."
              }
            ]
          },
          "steps_to_reproduce": [
            {
              "status": "confirmed",
              "candidates": [
                {
                  "value": "8407e328c4a9d75304cf3edee19af6616ae654caca4e79229e0df0c827909816",
                  "evidence": "User said: 'Open the app, tap Allow'. From the observed trace, tapping Allow after app open corresponds to this permission-allow transition."
                }
              ]
            },
            {
              "status": "confirmed",
              "candidates": [
                {
                  "value": "9a4f389ec16dc06bc51519fd35159ab49c667d2cae3e0323df9bf08cd98bda88",
                  "evidence": "User said: 'select Report'. This matches tapping 'Reports' from the dashboard."
                }
              ]
            },
            {
              "status": "ambiguous",
              "candidates": [
                {
                  "value": "c010db1badf9deb0564b10c46916ad505c7d1acca0f840fdc12c4867c81990d0",
                  "evidence": "User said: 'choose Incomes By Articles or Expenses By Articles'. This candidate is choosing 'Incomes by Articles' from the Reports screen."
                },
                {
                  "value": "8725429b5f40ee537ff83bd3f7f22b9f4e767bceacea23dc1dd6736c457b18c1",
                  "evidence": "User said: 'choose Incomes By Articles or Expenses By Articles'. This candidate is choosing 'Expenses by Articles' from the Reports screen."
                }
              ]
            },
            {
              "status": "confirmed",
              "candidates": [
                {
                  "value": "c7c181b4d07f85b6731edefa0c51eca8637b088e992c8d07e2349379db3cd413",
                  "evidence": "User said: 'tap View'. In the provided path for 'Incomes by Articles', this matches tapping the 'Display' action to open the display pop-up."
                }
              ]
            },
            {
              "status": "confirmed",
              "candidates": [
                {
                  "value": "dc01c666d81db01f9ceb751ff256033bcc27f75ab0951ef2f9eff49e39233d64",
                  "evidence": "User said: \"check 'view values'\". This matches the checkbox interaction in the display pop-up."
                }
              ]
            },
            {
              "status": "confirmed",
              "candidates": [
                {
                  "value": "c3292f1abb084883da9f0bf06776dd33343b186505d53bedfbb8b83717e4b319",
                  "evidence": "User said: \"check 'use percent values'\". This matches the checkbox interaction in the display pop-up."
                }
              ]
            },
            {
              "status": "confirmed",
              "candidates": [
                {
                  "value": "26c0ae2d76021672cf80c07928394773aec07f5be831f91ab09b5f7c2392b6aa",
                  "evidence": "User said: 'tap OK'. This matches the OK button on the display pop-up, after which the crash occurs."
                }
              ]
            }
          ]
        },
        "information_element_extraction": {
          "triggering_screen_reference": null,
          "triggering_GUI_interactions": null,
          "buggy_behavior": null,
          "correct_behavior": null,
          "steps_to_reproduce": null
        },
        "clarification_window_start_idx": 1
      },
      "meta_data": {
        "latency": "21.300232917000358 s",
        "node_token_consumption": {
          "input_tokens": 81755,
          "output_tokens": 1058,
          "total_tokens": 82813,
          "llm_calls": 1,
          "llm_calls_with_usage": 1,
          "llm_calls_missing_usage": 0
        }
      }
    },
    {
      "entity": "bot",
      "action_name": "evaluate",
      "output": {
        "unknown_and_low_confidence_info": [
          "steps_to_reproduce[2]"
        ]
      },
      "meta_data": {
        "latency": "7.862500024202745e-05 s",
        "node_token_consumption": null
      }
    },
    {
      "entity": "bot",
      "action_name": "follow_up",
      "output": {
        "generated_question": "When you were on the Reports screen, which tab did you select before tapping View: 'Incomes by Articles' or 'Expenses by Articles'?"
      },
      "meta_data": {
        "latency": "3.374146084000131 s",
        "node_token_consumption": {
          "input_tokens": 81972,
          "output_tokens": 44,
          "total_tokens": 82016,
          "llm_calls": 1,
          "llm_calls_with_usage": 1,
          "llm_calls_missing_usage": 0
        }
      }
    }
  ]
}
{
  "turn": 1,
  "actions": [
    {
      "entity": "user",
      "action_name": "user_description",
      "output": {
        "messages": {
          "content": "I selected Incomes by Articles.",
          "additional_kwargs": {},
          "response_metadata": {},
          "type": "human",
          "name": null,
          "id": "9b0d0a24-d026-434a-be4f-d76133ea5ddd"
        }
      },
      "meta_data": {
        "latency": "1.7124999430961907e-05 s",
        "node_token_consumption": null
      }
    },
    {
      "entity": "bot",
      "action_name": "information_element_extraction",
      "output": {
        "information_element_extraction": {
          "triggering_screen_reference": {
            "value": "Reports screen, Incomes by Articles tab",
            "evidence": [
              "When you were on the Reports screen, which tab did you select before tapping View: 'Incomes by Articles' or 'Expenses by Articles'?",
              "I selected Incomes by Articles."
            ]
          },
          "triggering_GUI_interactions": null,
          "buggy_behavior": null,
          "correct_behavior": null,
          "steps_to_reproduce": null
        }
      },
      "meta_data": {
        "latency": "1.9887609590005013 s",
        "node_token_consumption": {
          "input_tokens": 829,
          "output_tokens": 93,
          "total_tokens": 922,
          "llm_calls": 1,
          "llm_calls_with_usage": 1,
          "llm_calls_missing_usage": 0
        }
      }
    },
    {
      "entity": "bot",
      "action_name": "clarity_check",
      "output": {
        "clarity_route": "continue",
        "clarity_issues": []
      },
      "meta_data": {
        "latency": "1.0214786249998724 s",
        "node_token_consumption": {
          "input_tokens": 443,
          "output_tokens": 21,
          "total_tokens": 464,
          "llm_calls": 1,
          "llm_calls_with_usage": 1,
          "llm_calls_missing_usage": 0
        }
      }
    },
    {
      "entity": "bot",
      "action_name": "extract_and_update",
      "output": {
        "BugInfo": {
          "triggering_screen_reference": {
            "status": "confirmed",
            "candidates": [
              {
                "value": "f189f23124c6c372973bbff27e30b7107f27022f74836d7085daf2817f565790",
                "evidence": "User said: 'Display of Incomes by Articles pop-up of the Reports screen'. This exactly matches the 'Display of Incomes by Articles' pop-up dialog screen."
              }
            ]
          },
          "triggering_GUI_interactions": [
            {
              "status": "confirmed",
              "candidates": [
                {
                  "value": "dc01c666d81db01f9ceb751ff256033bcc27f75ab0951ef2f9eff49e39233d64",
                  "evidence": "User said: \"check 'view values'\" on the 'Display of Incomes by Articles' pop-up. This matches clicking the 'View values' checkbox."
                }
              ]
            },
            {
              "status": "confirmed",
              "candidates": [
                {
                  "value": "c3292f1abb084883da9f0bf06776dd33343b186505d53bedfbb8b83717e4b319",
                  "evidence": "User said: \"check 'use percent values'\" on the same pop-up. This matches clicking the 'Use percent values' checkbox."
                }
              ]
            },
            {
              "status": "confirmed",
              "candidates": [
                {
                  "value": "26c0ae2d76021672cf80c07928394773aec07f5be831f91ab09b5f7c2392b6aa",
                  "evidence": "User said: 'tap OK' after checking both options on the 'Display of Incomes by Articles' pop-up. This matches the OK button transition from that dialog."
                }
              ]
            }
          ],
          "buggy_behavior": {
            "status": "confirmed",
            "candidates": [
              {
                "value": "the application crashes",
                "evidence": "User explicitly said this action 'causes the application to crash'."
              }
            ]
          },
          "correct_behavior": {
            "status": "confirmed",
            "candidates": [
              {
                "value": "the appearance of the report should be changed to 'use percent values'",
                "evidence": "User explicitly said 'the appearance of the report should be changed to use percent values'."
              }
            ]
          },
          "steps_to_reproduce": [
            {
              "status": "confirmed",
              "candidates": [
                {
                  "value": "8407e328c4a9d75304cf3edee19af6616ae654caca4e79229e0df0c827909816",
                  "evidence": "User said: 'Open the app, tap Allow'. From the observed trace, tapping Allow after app open corresponds to this permission-allow transition."
                }
              ]
            },
            {
              "status": "confirmed",
              "candidates": [
                {
                  "value": "9a4f389ec16dc06bc51519fd35159ab49c667d2cae3e0323df9bf08cd98bda88",
                  "evidence": "User said: 'select Report'. This matches tapping 'Reports' from the dashboard."
                }
              ]
            },
            {
              "status": "inferred",
              "candidates": [
                {
                  "value": "c010db1badf9deb0564b10c46916ad505c7d1acca0f840fdc12c4867c81990d0",
                  "evidence": "User clarified: 'I selected Incomes by Articles' when asked which tab was selected on the Reports screen before tapping View. This resolves the prior ambiguity in favor of the 'Incomes by Articles' tab transition."
                }
              ]
            },
            {
              "status": "confirmed",
              "candidates": [
                {
                  "value": "c7c181b4d07f85b6731edefa0c51eca8637b088e992c8d07e2349379db3cd413",
                  "evidence": "User said: 'tap View'. In the provided path for 'Incomes by Articles', this matches tapping the 'Display' action to open the display pop-up."
                }
              ]
            },
            {
              "status": "confirmed",
              "candidates": [
                {
                  "value": "dc01c666d81db01f9ceb751ff256033bcc27f75ab0951ef2f9eff49e39233d64",
                  "evidence": "User said: \"check 'view values'\". This matches the checkbox interaction in the display pop-up."
                }
              ]
            },
            {
              "status": "confirmed",
              "candidates": [
                {
                  "value": "c3292f1abb084883da9f0bf06776dd33343b186505d53bedfbb8b83717e4b319",
                  "evidence": "User said: \"check 'use percent values'\". This matches the checkbox interaction in the display pop-up."
                }
              ]
            },
            {
              "status": "confirmed",
              "candidates": [
                {
                  "value": "26c0ae2d76021672cf80c07928394773aec07f5be831f91ab09b5f7c2392b6aa",
                  "evidence": "User said: 'tap OK'. This matches the OK button on the display pop-up, after which the crash occurs."
                }
              ]
            }
          ]
        },
        "information_element_extraction": {
          "triggering_screen_reference": null,
          "triggering_GUI_interactions": null,
          "buggy_behavior": null,
          "correct_behavior": null,
          "steps_to_reproduce": null
        },
        "clarification_window_start_idx": 2
      },
      "meta_data": {
        "latency": "16.794077832999392 s",
        "node_token_consumption": {
          "input_tokens": 82642,
          "output_tokens": 999,
          "total_tokens": 83641,
          "llm_calls": 1,
          "llm_calls_with_usage": 1,
          "llm_calls_missing_usage": 0
        }
      }
    },
    {
      "entity": "bot",
      "action_name": "evaluate",
      "output": {
        "unknown_and_low_confidence_info": []
      },
      "meta_data": {
        "latency": "2.633399981277762e-05 s",
        "node_token_consumption": null
      }
    },
    {
      "entity": "user",
      "action_name": "generate_report",
      "output": {
        "full_report": {
          "title": "App crashes when applying the display option \"Use percent values\" for the Incomes by Articles report",
          "observed_behavior": "On the Display dialog for the Incomes by Articles report, if the user enables \"View values\", enables \"Use percent values\", and taps \"OK\", the application crashes.",
          "expected_behavior": "The appearance of the report should be changed to use percent values.",
          "steps_to_reproduce": "1. Launch the app and allow the SMS permission.\n2. On the dashboard, tap \"Reports\".\n3. On the Reports screen, open the \"Incomes by Articles\" report.\n4. Tap \"Display\".\n5. In the display dialog, enable \"View values\".\n6. Enable \"Use percent values\".\n7. Tap \"OK\"."
        }
      },
      "meta_data": {
        "latency": "3.3799831659998745 s",
        "node_token_consumption": {
          "input_tokens": 81152,
          "output_tokens": 173,
          "total_tokens": 81325,
          "llm_calls": 1,
          "llm_calls_with_usage": 1,
          "llm_calls_missing_usage": 0
        }
      }
    }
  ]
}
{
  "record_type": "conversation_summary",
  "conversation_id": "2",
  "started_at": "2026-04-05T15:17:23.985336+00:00",
  "ended_at": "2026-04-05T15:20:07.817242+00:00",
  "total_latency_seconds": 163.82997625000007,
  "token_consumption": {
    "input_tokens": 330336,
    "output_tokens": 2684,
    "total_tokens": 333020,
    "llm_calls": 8,
    "llm_calls_with_usage": 8,
    "llm_calls_missing_usage": 0
  }
}
