{
  "session_id": "0ff55692-efde-4f4c-bd2e-92f762397c8a",
  "turn": 1,
  "started_at": "2026-06-01T23:05:42.414406+00:00",
  "ended_at": "2026-06-01T23:05:55.346441+00:00",
  "actions": [
    {
      "entity": "user",
      "action_name": "user_description",
      "output": {
        "messages": {
          "content": "App crashes when trying to duplicate an existing plant entry",
          "additional_kwargs": {},
          "response_metadata": {},
          "type": "human",
          "name": null,
          "id": "a0a668bf-dd97-4407-b5e6-862e9216779f"
        }
      },
      "meta_data": {
        "latency": "3.3159973099827766e-05 s",
        "node_token_consumption": null
      }
    },
    {
      "entity": "bot",
      "action_name": "information_element_extraction",
      "output": {
        "information_element_extraction": {
          "triggering_screen_reference": null,
          "triggering_GUI_interactions": {
            "value": "trying to duplicate an existing plant entry",
            "evidence": [
              "trying to duplicate an existing plant entry"
            ]
          },
          "buggy_behavior": {
            "value": "App crashes",
            "evidence": [
              "App crashes"
            ]
          },
          "correct_behavior": null,
          "steps_to_reproduce": null
        }
      },
      "meta_data": {
        "latency": "1.6950265759369358 s",
        "node_token_consumption": {
          "input_tokens": 887,
          "output_tokens": 72,
          "total_tokens": 959,
          "llm_calls": 1,
          "llm_calls_with_usage": 1,
          "llm_calls_missing_usage": 0
        }
      }
    },
    {
      "entity": "bot",
      "action_name": "clarity_check",
      "output": {
        "clarity_route": "continue",
        "clarity_issues": []
      },
      "meta_data": {
        "latency": "0.8161854119971395 s",
        "node_token_consumption": {
          "input_tokens": 441,
          "output_tokens": 21,
          "total_tokens": 462,
          "llm_calls": 1,
          "llm_calls_with_usage": 1,
          "llm_calls_missing_usage": 0
        }
      }
    },
    {
      "entity": "bot",
      "action_name": "extract_and_update",
      "output": {
        "BugInfo": {
          "triggering_screen_reference": {
            "status": "inferred",
            "candidates": [
              {
                "value": "-878131199",
                "evidence": "The bug happens when 'trying to duplicate an existing plant entry'. In the GUI graph, the Duplicate action is available in the PlantDetailsActivity popup menu screen (-878131199), via the Duplicate menu item."
              }
            ]
          },
          "triggering_GUI_interactions": [
            {
              "status": "inferred",
              "candidates": [
                {
                  "value": "2104660620",
                  "evidence": "User reported 'trying to duplicate an existing plant entry'. In the graph, transition 2104660620 is tapping 'Duplicate' from the Plant details popup menu."
                }
              ]
            }
          ],
          "buggy_behavior": {
            "status": "confirmed",
            "candidates": [
              {
                "value": "App crashes",
                "evidence": "User explicitly stated: 'App crashes'."
              }
            ]
          },
          "correct_behavior": {
            "status": "inferred",
            "candidates": [
              {
                "value": "The app should duplicate the existing plant entry instead of crashing.",
                "evidence": "Derived from the confirmed buggy behavior 'App crashes' and the triggering action 'trying to duplicate an existing plant entry'."
              }
            ]
          },
          "steps_to_reproduce": [
            {
              "status": "inferred",
              "candidates": [
                {
                  "value": "-985609370",
                  "evidence": "App must first be opened."
                }
              ]
            },
            {
              "status": "ambiguous",
              "candidates": [
                {
                  "value": "391657823",
                  "evidence": "After opening, the permission dialog may require a choice; DENY leads into the app."
                },
                {
                  "value": "209336389",
                  "evidence": "After opening, the permission dialog may require a choice; ALLOW leads into the app."
                }
              ]
            },
            {
              "status": "inferred",
              "candidates": [
                {
                  "value": "515114713",
                  "evidence": "A plausible path to create/select a plant begins from the main screen by tapping add."
                }
              ]
            },
            {
              "status": "inferred",
              "candidates": [
                {
                  "value": "1972602105",
                  "evidence": "From Add new plant, navigating up is part of a valid path back toward a plant list state shown in the graph."
                }
              ]
            },
            {
              "status": "inferred",
              "candidates": [
                {
                  "value": "2136516104",
                  "evidence": "From the filtered main screen, tapping a plant-related entry leads onward in the recorded graph."
                }
              ]
            },
            {
              "status": "inferred",
              "candidates": [
                {
                  "value": "1326171146",
                  "evidence": "On Plant details, opening More options is required before choosing Duplicate."
                }
              ]
            },
            {
              "status": "inferred",
              "candidates": [
                {
                  "value": "2104660620",
                  "evidence": "Tap 'Duplicate' in the popup menu; this is the reported triggering interaction."
                }
              ]
            }
          ]
        },
        "information_element_extraction": {
          "triggering_screen_reference": null,
          "triggering_GUI_interactions": null,
          "buggy_behavior": null,
          "correct_behavior": null,
          "steps_to_reproduce": null
        },
        "active_follow_up": null,
        "clarification_window_start_idx": 1
      },
      "meta_data": {
        "latency": "7.980739458929747 s",
        "node_token_consumption": {
          "input_tokens": 15083,
          "output_tokens": 519,
          "total_tokens": 15602,
          "llm_calls": 1,
          "llm_calls_with_usage": 1,
          "llm_calls_missing_usage": 0
        }
      }
    },
    {
      "entity": "bot",
      "action_name": "evaluate",
      "output": {
        "unknown_and_low_confidence_info": [
          "steps_to_reproduce[1]"
        ]
      },
      "meta_data": {
        "latency": "4.236202221363783e-05 s",
        "node_token_consumption": null
      }
    },
    {
      "entity": "bot",
      "action_name": "follow_up",
      "output": {
        "active_follow_up": {
          "kind": "more_info",
          "question": "When you opened the app before reproducing the crash, did an Android storage/photos/files permission popup appear? If it did, did you tap ALLOW or DENY before continuing to the plant list and duplicating the plant?",
          "target_info_elements": [
            "steps_to_reproduce"
          ]
        }
      },
      "meta_data": {
        "latency": "2.3824637349462137 s",
        "node_token_consumption": {
          "input_tokens": 14949,
          "output_tokens": 73,
          "total_tokens": 15022,
          "llm_calls": 1,
          "llm_calls_with_usage": 1,
          "llm_calls_missing_usage": 0
        }
      }
    }
  ]
}
{
  "session_id": "0ff55692-efde-4f4c-bd2e-92f762397c8a",
  "turn": 1,
  "started_at": "2026-06-01T23:06:52.878075+00:00",
  "ended_at": "2026-06-01T23:07:05.993963+00:00",
  "actions": [
    {
      "entity": "user",
      "action_name": "user_description",
      "output": {
        "messages": {
          "content": "Yes and I clicked on the Allow button",
          "additional_kwargs": {},
          "response_metadata": {},
          "type": "human",
          "name": null,
          "id": "12dc3144-7bf0-4da3-a2ff-ff4400f41bee"
        }
      },
      "meta_data": {
        "latency": "2.842303365468979e-05 s",
        "node_token_consumption": null
      }
    },
    {
      "entity": "bot",
      "action_name": "information_element_extraction",
      "output": {
        "information_element_extraction": {
          "triggering_screen_reference": null,
          "triggering_GUI_interactions": null,
          "buggy_behavior": null,
          "correct_behavior": null,
          "steps_to_reproduce": {
            "value": "When the Android storage/photos/files permission popup appeared after opening the app, the user clicked the Allow button before continuing.",
            "evidence": [
              "Yes and I clicked on the Allow button"
            ]
          }
        }
      },
      "meta_data": {
        "latency": "2.3931497120065615 s",
        "node_token_consumption": {
          "input_tokens": 946,
          "output_tokens": 78,
          "total_tokens": 1024,
          "llm_calls": 1,
          "llm_calls_with_usage": 1,
          "llm_calls_missing_usage": 0
        }
      }
    },
    {
      "entity": "bot",
      "action_name": "clarity_check",
      "output": {
        "clarity_route": "continue",
        "clarity_issues": []
      },
      "meta_data": {
        "latency": "0.9563113439362496 s",
        "node_token_consumption": {
          "input_tokens": 438,
          "output_tokens": 21,
          "total_tokens": 459,
          "llm_calls": 1,
          "llm_calls_with_usage": 1,
          "llm_calls_missing_usage": 0
        }
      }
    },
    {
      "entity": "bot",
      "action_name": "extract_and_update",
      "output": {
        "BugInfo": {
          "triggering_screen_reference": {
            "status": "inferred",
            "candidates": [
              {
                "value": "-878131199",
                "evidence": "The bug happens when 'trying to duplicate an existing plant entry'. In the GUI graph, the Duplicate action is available in the PlantDetailsActivity popup menu screen (-878131199), via the Duplicate menu item."
              }
            ]
          },
          "triggering_GUI_interactions": [
            {
              "status": "inferred",
              "candidates": [
                {
                  "value": "2104660620",
                  "evidence": "User reported 'trying to duplicate an existing plant entry'. In the graph, transition 2104660620 is tapping 'Duplicate' from the Plant details popup menu."
                }
              ]
            }
          ],
          "buggy_behavior": {
            "status": "confirmed",
            "candidates": [
              {
                "value": "App crashes",
                "evidence": "User explicitly stated: 'App crashes'."
              }
            ]
          },
          "correct_behavior": {
            "status": "inferred",
            "candidates": [
              {
                "value": "The app should duplicate the existing plant entry instead of crashing.",
                "evidence": "Derived from the confirmed buggy behavior 'App crashes' and the triggering action 'trying to duplicate an existing plant entry'."
              }
            ]
          },
          "steps_to_reproduce": [
            {
              "status": "inferred",
              "candidates": [
                {
                  "value": "-985609370",
                  "evidence": "App must first be opened."
                }
              ]
            },
            {
              "status": "confirmed",
              "candidates": [
                {
                  "value": "209336389",
                  "evidence": "User explicitly stated: 'Yes and I clicked on the Allow button', which matches the permission dialog transition for tapping ALLOW after opening the app."
                }
              ]
            },
            {
              "status": "inferred",
              "candidates": [
                {
                  "value": "515114713",
                  "evidence": "A plausible path to create/select a plant begins from the main screen by tapping add."
                }
              ]
            },
            {
              "status": "inferred",
              "candidates": [
                {
                  "value": "1972602105",
                  "evidence": "From Add new plant, navigating up is part of a valid path back toward a plant list state shown in the graph."
                }
              ]
            },
            {
              "status": "inferred",
              "candidates": [
                {
                  "value": "2136516104",
                  "evidence": "From the filtered main screen, tapping a plant-related entry leads onward in the recorded graph."
                }
              ]
            },
            {
              "status": "inferred",
              "candidates": [
                {
                  "value": "1326171146",
                  "evidence": "On Plant details, opening More options is required before choosing Duplicate."
                }
              ]
            },
            {
              "status": "inferred",
              "candidates": [
                {
                  "value": "2104660620",
                  "evidence": "Tap 'Duplicate' in the popup menu; this is the reported triggering interaction."
                }
              ]
            }
          ]
        },
        "information_element_extraction": {
          "triggering_screen_reference": null,
          "triggering_GUI_interactions": null,
          "buggy_behavior": null,
          "correct_behavior": null,
          "steps_to_reproduce": null
        },
        "active_follow_up": null,
        "clarification_window_start_idx": 2
      },
      "meta_data": {
        "latency": "6.474297294043936 s",
        "node_token_consumption": {
          "input_tokens": 15621,
          "output_tokens": 501,
          "total_tokens": 16122,
          "llm_calls": 1,
          "llm_calls_with_usage": 1,
          "llm_calls_missing_usage": 0
        }
      }
    },
    {
      "entity": "bot",
      "action_name": "evaluate",
      "output": {
        "unknown_and_low_confidence_info": []
      },
      "meta_data": {
        "latency": "4.6843080781400204e-05 s",
        "node_token_consumption": null
      }
    },
    {
      "entity": "bot",
      "action_name": "generate_report",
      "output": {
        "full_report": {
          "title": "App crashes when duplicating an existing plant entry from the plant details menu",
          "observed_behavior": "On the plant details popup menu screen, if the user taps Duplicate, the app crashes.",
          "expected_behavior": "The app should duplicate the existing plant entry instead of crashing.",
          "steps_to_reproduce": "1. Open the app. <-985609370>\n2. On the permission dialog, tap ALLOW. <209336389>\n3. On the main screen, tap the add button. <515114713>\n4. On the Add new plant screen, tap Navigate up. <1972602105>\n5. Tap the Feed entry. <2136516104>\n6. On the plant details screen, tap More options. <1326171146>\n7. In the popup menu, tap Duplicate. <2104660620>"
        }
      },
      "meta_data": {
        "latency": "3.2725132980849594 s",
        "node_token_consumption": {
          "input_tokens": 12466,
          "output_tokens": 185,
          "total_tokens": 12651,
          "llm_calls": 1,
          "llm_calls_with_usage": 1,
          "llm_calls_missing_usage": 0
        }
      }
    }
  ]
}
{
  "record_type": "final_report",
  "session_id": "0ff55692-efde-4f4c-bd2e-92f762397c8a",
  "final_report": {
    "title": "App crashes when duplicating an existing plant entry from the plant details menu",
    "observed_behavior": "On the plant details popup menu screen, if the user taps Duplicate, the app crashes.",
    "expected_behavior": "The app should duplicate the existing plant entry instead of crashing.",
    "steps_to_reproduce": "1. Open the app. <-985609370>\n2. On the permission dialog, tap ALLOW. <209336389>\n3. On the main screen, tap the add button. <515114713>\n4. On the Add new plant screen, tap Navigate up. <1972602105>\n5. Tap the Feed entry. <2136516104>\n6. On the plant details screen, tap More options. <1326171146>\n7. In the popup menu, tap Duplicate. <2104660620>"
  }
}
{
  "record_type": "conversation_summary",
  "session_id": "0ff55692-efde-4f4c-bd2e-92f762397c8a",
  "run_metadata": {
    "bug_id": 5,
    "description_level": null,
    "input_source": "user",
    "runtime": "api"
  },
  "started_at": "2026-06-01T23:05:42.414406+00:00",
  "ended_at": "2026-06-01T23:07:05.993963+00:00",
  "total_wall_clock_seconds": 83.579557,
  "total_turn_processing_seconds": 26.047923,
  "total_conversation_turns": 2,
  "token_consumption": {
    "input_tokens": 60831,
    "output_tokens": 1470,
    "total_tokens": 62301,
    "llm_calls": 8,
    "llm_calls_with_usage": 8,
    "llm_calls_missing_usage": 0
  }
}
