{
  "session_id": "5fdaf86e-9b1d-4f1a-b5f7-cfeeee5c469b",
  "turn": 1,
  "started_at": "2026-08-12T02:05:21.226370+00:00",
  "ended_at": "2026-08-12T02:05:34.342604+00:00",
  "actions": [
    {
      "entity": "user",
      "action_name": "user_description",
      "output": {
        "messages": {
          "content": "When attempting to add a podcast, when searching for the keyword \"mis\" podcasts on iTunes I get the following error message: \"org.json.JSONException: No value for feedUrl\" and no responses are listed.\tNo error message should appear and the results should show up\topen the main app menu\tTap on \"Add a podcast\"\tClick \"Search iTunes\"\tTap on search button\tEnter \"mis\" on the \"Search iTunes\" text field",
          "additional_kwargs": {},
          "response_metadata": {},
          "type": "human",
          "name": null,
          "id": "958f1fc4-643e-4f5d-850a-9bf4f3b4ddf8"
        }
      },
      "meta_data": {
        "latency": "2.579099964350462e-05 s",
        "node_token_consumption": null
      }
    },
    {
      "entity": "bot",
      "action_name": "information_element_extraction",
      "output": {
        "information_element_extraction": {
          "triggering_screen_reference": {
            "value": "\"Search iTunes\"",
            "evidence": [
              "\"Search iTunes\"",
              "\"Search iTunes\" text field"
            ]
          },
          "triggering_GUI_interactions": {
            "value": "attempting to add a podcast by searching iTunes for the keyword \"mis\" and tapping the search button",
            "evidence": [
              "\"When attempting to add a podcast\"",
              "\"when searching for the keyword \\\"mis\\\" podcasts on iTunes\"",
              "\"Tap on search button\"",
              "\"Enter \\\"mis\\\" on the \\\"Search iTunes\\\" text field\""
            ]
          },
          "buggy_behavior": {
            "value": "I get the error message \"org.json.JSONException: No value for feedUrl\" and no responses are listed",
            "evidence": [
              "\"I get the following error message: \\\"org.json.JSONException: No value for feedUrl\\\" and no responses are listed\""
            ]
          },
          "correct_behavior": {
            "value": "No error message should appear and the results should show up",
            "evidence": [
              "\"No error message should appear and the results should show up\""
            ]
          },
          "steps_to_reproduce": {
            "value": "open the main app menu; tap on \"Add a podcast\"; click \"Search iTunes\"; tap on search button; enter \"mis\" on the \"Search iTunes\" text field",
            "evidence": [
              "\"open the main app menu\"",
              "\"Tap on \\\"Add a podcast\\\"\"",
              "\"Click \\\"Search iTunes\\\"\"",
              "\"Tap on search button\"",
              "\"Enter \\\"mis\\\" on the \\\"Search iTunes\\\" text field\""
            ]
          }
        }
      },
      "meta_data": {
        "latency": "4.5979901690006955 s",
        "node_token_consumption": {
          "input_tokens": 971,
          "output_tokens": 331,
          "total_tokens": 1302,
          "llm_calls": 1,
          "llm_calls_with_usage": 1,
          "llm_calls_missing_usage": 0
        }
      }
    },
    {
      "entity": "bot",
      "action_name": "clarity_check",
      "output": {
        "clarity_route": "continue",
        "clarity_issues": []
      },
      "meta_data": {
        "latency": "0.8116409999984171 s",
        "node_token_consumption": {
          "input_tokens": 710,
          "output_tokens": 21,
          "total_tokens": 731,
          "llm_calls": 1,
          "llm_calls_with_usage": 1,
          "llm_calls_missing_usage": 0
        }
      }
    },
    {
      "entity": "bot",
      "action_name": "extract_and_update",
      "output": {
        "BugInfo": {
          "triggering_screen_reference": {
            "status": "inferred",
            "candidates": [
              {
                "value": "1585597646",
                "evidence": "The bug occurs while \"searching for the keyword \\\"mis\\\" podcasts on iTunes\" after clicking \"Search iTunes\" and using the search UI. In the graph, screen 1585597646 is the Add Podcast iTunes search results screen reached from the Add Podcast screen via the \"SEARCH ITUNES\" action, and it exposes the toolbar Search action used to enter the query."
              }
            ]
          },
          "triggering_GUI_interactions": [
            {
              "status": "inferred",
              "candidates": [
                {
                  "value": "2045346857",
                  "evidence": "\"Click \\\"Search iTunes\\\"\" matches the Add Podcast screen transition from -1407732013 to 1585597646 via the button labeled \"SEARCH ITUNES\"."
                }
              ]
            },
            {
              "status": "inferred",
              "candidates": [
                {
                  "value": "1430424811",
                  "evidence": "\"Tap on search button\" after opening Search iTunes matches the toolbar Search action on the iTunes results screen, transitioning from 1585597646 to -1495655772."
                }
              ]
            },
            {
              "status": "inferred",
              "candidates": [
                {
                  "value": "850196619",
                  "evidence": "\"Enter \\\"mis\\\" on the \\\"Search iTunes\\\" text field\" matches typing into the expanded search field on screen -1495655772."
                }
              ]
            }
          ],
          "buggy_behavior": {
            "status": "confirmed",
            "candidates": [
              {
                "value": "I get the error message \"org.json.JSONException: No value for feedUrl\" and no responses are listed",
                "evidence": "\"I get the following error message: \\\"org.json.JSONException: No value for feedUrl\\\" and no responses are listed\""
              }
            ]
          },
          "correct_behavior": {
            "status": "confirmed",
            "candidates": [
              {
                "value": "No error message should appear and the results should show up",
                "evidence": "\"No error message should appear and the results should show up\""
              }
            ]
          },
          "steps_to_reproduce": [
            {
              "status": "confirmed",
              "candidates": [
                {
                  "value": "634634449",
                  "evidence": "Always start with opening the app."
                }
              ]
            },
            {
              "status": "inferred",
              "candidates": [
                {
                  "value": "256133940",
                  "evidence": "From the opened main menu screen, \"Tap on \\\"Add a podcast\\\"\" matches the navigation drawer action from -295652100 to -1407732013 via Add Podcast."
                }
              ]
            },
            {
              "status": "inferred",
              "candidates": [
                {
                  "value": "2045346857",
                  "evidence": "\"Click \\\"Search iTunes\\\"\" matches the button labeled \"SEARCH ITUNES\" on the Add Podcast screen."
                }
              ]
            },
            {
              "status": "inferred",
              "candidates": [
                {
                  "value": "1430424811",
                  "evidence": "\"Tap on search button\" matches the Search toolbar action on the iTunes search results screen."
                }
              ]
            },
            {
              "status": "inferred",
              "candidates": [
                {
                  "value": "850196619",
                  "evidence": "\"Enter \\\"mis\\\" on the \\\"Search iTunes\\\" text field\" matches typing into the expanded search field."
                }
              ]
            }
          ]
        },
        "information_element_extraction": {
          "triggering_screen_reference": null,
          "triggering_GUI_interactions": null,
          "buggy_behavior": null,
          "correct_behavior": null,
          "steps_to_reproduce": null
        },
        "active_follow_up": null,
        "clarification_window_start_idx": 1
      },
      "meta_data": {
        "latency": "5.174229710999498 s",
        "node_token_consumption": {
          "input_tokens": 26508,
          "output_tokens": 634,
          "total_tokens": 27142,
          "llm_calls": 1,
          "llm_calls_with_usage": 1,
          "llm_calls_missing_usage": 0
        }
      }
    },
    {
      "entity": "bot",
      "action_name": "evaluate",
      "output": {
        "unknown_and_low_confidence_info": []
      },
      "meta_data": {
        "latency": "1.5833000361453742e-05 s",
        "node_token_consumption": null
      }
    },
    {
      "entity": "bot",
      "action_name": "generate_report",
      "output": {
        "full_report": {
          "title": "Searching iTunes for \"mis\" shows a JSONException error and no podcast results.",
          "observed_behavior": "On the Add Podcast iTunes search screen, if the user taps \"SEARCH ITUNES,\" taps the Search action, and enters \"mis\" in the search field, the app shows the error message \"org.json.JSONException: No value for feedUrl\" and no responses are listed.",
          "expected_behavior": "No error message should appear, and the results should show up.",
          "steps_to_reproduce": "1. Open the app. <634634449>\n2. Tap \"Add Podcast\" from the main menu. <256133940>\n3. Tap the \"SEARCH ITUNES\" button. <2045346857>\n4. Tap the Search action in the toolbar. <1430424811>\n5. Enter \"mis\" in the \"Search iTunes\" text field. <850196619>"
        }
      },
      "meta_data": {
        "latency": "2.511984750999545 s",
        "node_token_consumption": {
          "input_tokens": 20940,
          "output_tokens": 197,
          "total_tokens": 21137,
          "llm_calls": 1,
          "llm_calls_with_usage": 1,
          "llm_calls_missing_usage": 0
        }
      }
    }
  ]
}
{
  "record_type": "draft_report",
  "session_id": "5fdaf86e-9b1d-4f1a-b5f7-cfeeee5c469b",
  "revision": 1,
  "draft_report": {
    "title": "Searching iTunes for \"mis\" shows a JSONException error and no podcast results.",
    "observed_behavior": "On the Add Podcast iTunes search screen, if the user taps \"SEARCH ITUNES,\" taps the Search action, and enters \"mis\" in the search field, the app shows the error message \"org.json.JSONException: No value for feedUrl\" and no responses are listed.",
    "expected_behavior": "No error message should appear, and the results should show up.",
    "steps_to_reproduce": "1. Open the app. <634634449>\n2. Tap \"Add Podcast\" from the main menu. <256133940>\n3. Tap the \"SEARCH ITUNES\" button. <2045346857>\n4. Tap the Search action in the toolbar. <1430424811>\n5. Enter \"mis\" in the \"Search iTunes\" text field. <850196619>"
  }
}
{
  "record_type": "conversation_summary",
  "session_id": "5fdaf86e-9b1d-4f1a-b5f7-cfeeee5c469b",
  "run_metadata": {
    "bug_id": 2,
    "description_level": null,
    "input_source": "user",
    "runtime": "api"
  },
  "started_at": "2026-08-12T02:05:21.226370+00:00",
  "ended_at": "2026-08-12T02:05:34.342604+00:00",
  "total_wall_clock_seconds": 13.116234,
  "total_turn_processing_seconds": 13.116234,
  "total_conversation_turns": 1,
  "token_consumption": {
    "input_tokens": 49129,
    "output_tokens": 1183,
    "total_tokens": 50312,
    "llm_calls": 4,
    "llm_calls_with_usage": 4,
    "llm_calls_missing_usage": 0
  }
}
{
  "record_type": "modified_report",
  "session_id": "5fdaf86e-9b1d-4f1a-b5f7-cfeeee5c469b",
  "revision": 1,
  "modified_report": {
    "title": "Searching iTunes for \"mis\" shows a JSONException error and no podcast results.",
    "observed_behavior": "On the Add Podcast iTunes search screen, if the user taps \"SEARCH ITUNES,\" taps the Search action, and enters \"mis\" in the search field, the app shows the error message \"org.json.JSONException: No value for feedUrl\" and no responses are listed.",
    "expected_behavior": "No error message should appear, and the results should show up.",
    "steps_to_reproduce": "1. Open the app.\n2. Tap \"Add Podcast\" from the main menu.\n3. Tap the \"SEARCH ITUNES\" button.\n4. Tap the Search action in the toolbar on the top-right corner.\n5. Enter \"mis\" in the \"Search iTunes\" text field."
  }
}
{
  "session_id": "5fdaf86e-9b1d-4f1a-b5f7-cfeeee5c469b",
  "turn": 1,
  "started_at": "2026-08-12T02:06:30.697687+00:00",
  "ended_at": "2026-08-12T02:06:40.608911+00:00",
  "actions": [
    {
      "entity": "user",
      "action_name": "user_description",
      "output": {
        "messages": {
          "content": "I corrected the bug report you generated. Treat the corrected report below as my description of the bug and regenerate the report from it.\n\nTitle: Searching iTunes for \"mis\" shows a JSONException error and no podcast results.\n\nObserved Behavior: On the Add Podcast iTunes search screen, if the user taps \"SEARCH ITUNES,\" taps the Search action, and enters \"mis\" in the search field, the app shows the error message \"org.json.JSONException: No value for feedUrl\" and no responses are listed.\n\nExpected Behavior: No error message should appear, and the results should show up.\n\nSteps To Reproduce: 1. Open the app.\n2. Tap \"Add Podcast\" from the main menu.\n3. Tap the \"SEARCH ITUNES\" button.\n4. Tap the Search action in the toolbar on the top-right corner.\n5. Enter \"mis\" in the \"Search iTunes\" text field.",
          "additional_kwargs": {},
          "response_metadata": {},
          "type": "human",
          "name": null,
          "id": "655d813c-b30d-449f-9c18-fff80bdf64d6"
        }
      },
      "meta_data": {
        "latency": "9.625000529922545e-06 s",
        "node_token_consumption": null
      }
    },
    {
      "entity": "bot",
      "action_name": "information_element_extraction",
      "output": {
        "information_element_extraction": {
          "triggering_screen_reference": {
            "value": "the Add Podcast iTunes search screen",
            "evidence": [
              "On the Add Podcast iTunes search screen"
            ]
          },
          "triggering_GUI_interactions": {
            "value": "tap \"SEARCH ITUNES,\" tap the Search action, and enter \"mis\" in the search field",
            "evidence": [
              "if the user taps \"SEARCH ITUNES,\" taps the Search action, and enters \"mis\" in the search field"
            ]
          },
          "buggy_behavior": {
            "value": "the app shows the error message \"org.json.JSONException: No value for feedUrl\" and no responses are listed",
            "evidence": [
              "the app shows the error message \"org.json.JSONException: No value for feedUrl\" and no responses are listed"
            ]
          },
          "correct_behavior": {
            "value": "No error message should appear, and the results should show up",
            "evidence": [
              "No error message should appear, and the results should show up."
            ]
          },
          "steps_to_reproduce": {
            "value": "1. Open the app. 2. Tap \"Add Podcast\" from the main menu. 3. Tap the \"SEARCH ITUNES\" button. 4. Tap the Search action in the toolbar on the top-right corner. 5. Enter \"mis\" in the \"Search iTunes\" text field.",
            "evidence": [
              "1. Open the app.",
              "2. Tap \"Add Podcast\" from the main menu.",
              "3. Tap the \"SEARCH ITUNES\" button.",
              "4. Tap the Search action in the toolbar on the top-right corner.",
              "5. Enter \"mis\" in the \"Search iTunes\" text field."
            ]
          }
        }
      },
      "meta_data": {
        "latency": "2.7154405010005576 s",
        "node_token_consumption": {
          "input_tokens": 1064,
          "output_tokens": 326,
          "total_tokens": 1390,
          "llm_calls": 1,
          "llm_calls_with_usage": 1,
          "llm_calls_missing_usage": 0
        }
      }
    },
    {
      "entity": "bot",
      "action_name": "clarity_check",
      "output": {
        "clarity_route": "continue",
        "clarity_issues": []
      },
      "meta_data": {
        "latency": "0.8163508759989782 s",
        "node_token_consumption": {
          "input_tokens": 733,
          "output_tokens": 21,
          "total_tokens": 754,
          "llm_calls": 1,
          "llm_calls_with_usage": 1,
          "llm_calls_missing_usage": 0
        }
      }
    },
    {
      "entity": "bot",
      "action_name": "extract_and_update",
      "output": {
        "BugInfo": {
          "triggering_screen_reference": {
            "status": "confirmed",
            "candidates": [
              {
                "value": "1585597646",
                "evidence": "User explicitly says the bug occurs on 'the Add Podcast iTunes search screen'. In the graph, screen 1585597646 is the Add Podcast iTunes search results/search screen with a Search action in the toolbar."
              }
            ]
          },
          "triggering_GUI_interactions": [
            {
              "status": "confirmed",
              "candidates": [
                {
                  "value": "2045346857",
                  "evidence": "Matches 'tap \"SEARCH ITUNES\"' from the Add Podcast screen (-1407732013) to the Add Podcast iTunes search screen (1585597646)."
                }
              ]
            },
            {
              "status": "confirmed",
              "candidates": [
                {
                  "value": "1430424811",
                  "evidence": "Matches 'tap the Search action' on the Add Podcast iTunes search screen, opening the expanded search field."
                }
              ]
            },
            {
              "status": "confirmed",
              "candidates": [
                {
                  "value": "850196619",
                  "evidence": "Matches 'enter \"mis\" in the search field' on the expanded Add Podcast iTunes search screen."
                }
              ]
            }
          ],
          "buggy_behavior": {
            "status": "confirmed",
            "candidates": [
              {
                "value": "the app shows the error message \"org.json.JSONException: No value for feedUrl\" and no responses are listed",
                "evidence": "Directly stated by the user: 'the app shows the error message \"org.json.JSONException: No value for feedUrl\" and no responses are listed'."
              }
            ]
          },
          "correct_behavior": {
            "status": "confirmed",
            "candidates": [
              {
                "value": "No error message should appear, and the results should show up",
                "evidence": "Directly stated by the user: 'No error message should appear, and the results should show up.'"
              }
            ]
          },
          "steps_to_reproduce": [
            {
              "status": "confirmed",
              "candidates": [
                {
                  "value": "634634449",
                  "evidence": "Matches '1. Open the app.'"
                }
              ]
            },
            {
              "status": "inferred",
              "candidates": [
                {
                  "value": "256133940",
                  "evidence": "To perform 'Tap \"Add Podcast\" from the main menu' after app open, the graph shows the navigation drawer already open on screen -295652100, and transition 256133940 goes to Add Podcast."
                }
              ]
            },
            {
              "status": "confirmed",
              "candidates": [
                {
                  "value": "2045346857",
                  "evidence": "Matches '3. Tap the \"SEARCH ITUNES\" button.'"
                }
              ]
            },
            {
              "status": "confirmed",
              "candidates": [
                {
                  "value": "1430424811",
                  "evidence": "Matches '4. Tap the Search action in the toolbar on the top-right corner.'"
                }
              ]
            },
            {
              "status": "confirmed",
              "candidates": [
                {
                  "value": "850196619",
                  "evidence": "Matches '5. Enter \"mis\" in the \"Search iTunes\" text field.'"
                }
              ]
            }
          ]
        },
        "information_element_extraction": {
          "triggering_screen_reference": null,
          "triggering_GUI_interactions": null,
          "buggy_behavior": null,
          "correct_behavior": null,
          "steps_to_reproduce": null
        },
        "active_follow_up": null,
        "clarification_window_start_idx": 1
      },
      "meta_data": {
        "latency": "4.405086542999925 s",
        "node_token_consumption": {
          "input_tokens": 26531,
          "output_tokens": 560,
          "total_tokens": 27091,
          "llm_calls": 1,
          "llm_calls_with_usage": 1,
          "llm_calls_missing_usage": 0
        }
      }
    },
    {
      "entity": "bot",
      "action_name": "evaluate",
      "output": {
        "unknown_and_low_confidence_info": []
      },
      "meta_data": {
        "latency": "1.529200017102994e-05 s",
        "node_token_consumption": null
      }
    },
    {
      "entity": "bot",
      "action_name": "generate_report",
      "output": {
        "full_report": {
          "title": "Searching iTunes for \"mis\" on the Add Podcast screen shows a JSON error and no results",
          "observed_behavior": "On the Add Podcast iTunes search screen, if the user taps \"SEARCH ITUNES,\" taps the Search action in the toolbar, and enters \"mis\" in the search field, the app shows the error message \"org.json.JSONException: No value for feedUrl\" and no responses are listed.",
          "expected_behavior": "No error message should appear, and the results should show up.",
          "steps_to_reproduce": "1. Open the app. <634634449>\n2. Tap \"Add Podcast\" from the main menu. <256133940>\n3. Tap the \"SEARCH ITUNES\" button. <2045346857>\n4. Tap the Search action in the toolbar on the top-right corner. <1430424811>\n5. Enter \"mis\" in the \"Search iTunes\" text field. <850196619>"
        }
      },
      "meta_data": {
        "latency": "1.9558594589998393 s",
        "node_token_consumption": {
          "input_tokens": 20870,
          "output_tokens": 209,
          "total_tokens": 21079,
          "llm_calls": 1,
          "llm_calls_with_usage": 1,
          "llm_calls_missing_usage": 0
        }
      }
    }
  ]
}
{
  "record_type": "draft_report",
  "session_id": "5fdaf86e-9b1d-4f1a-b5f7-cfeeee5c469b",
  "revision": 2,
  "draft_report": {
    "title": "Searching iTunes for \"mis\" on the Add Podcast screen shows a JSON error and no results",
    "observed_behavior": "On the Add Podcast iTunes search screen, if the user taps \"SEARCH ITUNES,\" taps the Search action in the toolbar, and enters \"mis\" in the search field, the app shows the error message \"org.json.JSONException: No value for feedUrl\" and no responses are listed.",
    "expected_behavior": "No error message should appear, and the results should show up.",
    "steps_to_reproduce": "1. Open the app. <634634449>\n2. Tap \"Add Podcast\" from the main menu. <256133940>\n3. Tap the \"SEARCH ITUNES\" button. <2045346857>\n4. Tap the Search action in the toolbar on the top-right corner. <1430424811>\n5. Enter \"mis\" in the \"Search iTunes\" text field. <850196619>"
  }
}
{
  "record_type": "conversation_summary",
  "session_id": "5fdaf86e-9b1d-4f1a-b5f7-cfeeee5c469b",
  "run_metadata": {
    "bug_id": 2,
    "description_level": null,
    "input_source": "user",
    "runtime": "api"
  },
  "started_at": "2026-08-12T02:06:30.697687+00:00",
  "ended_at": "2026-08-12T02:06:40.608911+00:00",
  "total_wall_clock_seconds": 9.911224,
  "total_turn_processing_seconds": 9.911224,
  "total_conversation_turns": 1,
  "token_consumption": {
    "input_tokens": 49198,
    "output_tokens": 1116,
    "total_tokens": 50314,
    "llm_calls": 4,
    "llm_calls_with_usage": 4,
    "llm_calls_missing_usage": 0
  }
}
