{
  "session_id": "8717db15-3999-4ef6-befb-e9a6ff3069a2",
  "turn": 1,
  "started_at": "2026-08-08T02:27:02.868801+00:00",
  "ended_at": "2026-08-08T02:27:06.993492+00:00",
  "actions": [
    {
      "entity": "user",
      "action_name": "user_description",
      "output": {
        "messages": {
          "content": "I got crash when creating account names with an apostrophe.",
          "additional_kwargs": {},
          "response_metadata": {},
          "type": "human",
          "name": null,
          "id": "09a4aebc-249b-4424-b314-fdd49a335865"
        }
      },
      "meta_data": {
        "latency": "5.441599932964891e-05 s",
        "node_token_consumption": null
      }
    },
    {
      "entity": "bot",
      "action_name": "information_element_extraction",
      "output": {
        "information_element_extraction": {
          "triggering_screen_reference": null,
          "triggering_GUI_interactions": {
            "value": "creating account names with an apostrophe",
            "evidence": [
              "creating account names with an apostrophe"
            ]
          },
          "buggy_behavior": {
            "value": "I got crash",
            "evidence": [
              "I got crash"
            ]
          },
          "correct_behavior": null,
          "steps_to_reproduce": null
        }
      },
      "meta_data": {
        "latency": "1.4841291669999919 s",
        "node_token_consumption": {
          "input_tokens": 889,
          "output_tokens": 74,
          "total_tokens": 963,
          "llm_calls": 1,
          "llm_calls_with_usage": 1,
          "llm_calls_missing_usage": 0
        }
      }
    },
    {
      "entity": "bot",
      "action_name": "clarity_check",
      "output": {
        "clarity_route": "needs_clarification",
        "clarity_issues": [
          "Buggy Behavior is unclear: 'I got crash' does not identify what crashed or the specific failure."
        ]
      },
      "meta_data": {
        "latency": "1.3160756260003836 s",
        "node_token_consumption": {
          "input_tokens": 443,
          "output_tokens": 46,
          "total_tokens": 489,
          "llm_calls": 1,
          "llm_calls_with_usage": 1,
          "llm_calls_missing_usage": 0
        }
      }
    },
    {
      "entity": "bot",
      "action_name": "clarity_follow_up",
      "output": {
        "active_follow_up": {
          "kind": "clarity",
          "question": "When you say “I got crash,” what exactly crashed—did the GNU app close unexpectedly while creating an account name with an apostrophe, and if so, at what step did it happen?",
          "target_info_elements": []
        },
        "clarification_rounds": 1
      },
      "meta_data": {
        "latency": "1.3009039999997185 s",
        "node_token_consumption": {
          "input_tokens": 297,
          "output_tokens": 55,
          "total_tokens": 352,
          "llm_calls": 1,
          "llm_calls_with_usage": 1,
          "llm_calls_missing_usage": 0
        }
      }
    }
  ]
}
{
  "session_id": "8717db15-3999-4ef6-befb-e9a6ff3069a2",
  "turn": 1,
  "started_at": "2026-08-08T02:28:04.769085+00:00",
  "ended_at": "2026-08-08T02:28:15.837130+00:00",
  "actions": [
    {
      "entity": "user",
      "action_name": "user_description",
      "output": {
        "messages": {
          "content": "I Unselect Income option then Tap on create accounts\t then Tap on plus button in the title bar\t and then Enter the \"Ben's\" in the account name\tFinally i pressed Save",
          "additional_kwargs": {},
          "response_metadata": {},
          "type": "human",
          "name": null,
          "id": "506ddcfe-4803-4d15-9a00-e41e8c21fcc7"
        }
      },
      "meta_data": {
        "latency": "9.250001312466338e-06 s",
        "node_token_consumption": null
      }
    },
    {
      "entity": "bot",
      "action_name": "information_element_extraction",
      "output": {
        "information_element_extraction": {
          "triggering_screen_reference": {
            "value": "creating account names with an apostrophe",
            "evidence": [
              "I got crash when creating account names with an apostrophe."
            ]
          },
          "triggering_GUI_interactions": {
            "value": "Unselect Income option, tap on create accounts, tap on plus button in the title bar, enter \"Ben's\" in the account name, and press Save",
            "evidence": [
              "I Unselect Income option then Tap on create accounts then Tap on plus button in the title bar and then Enter the \"Ben's\" in the account name Finally i pressed Save"
            ]
          },
          "buggy_behavior": {
            "value": "I got crash",
            "evidence": [
              "I got crash when creating account names with an apostrophe."
            ]
          },
          "correct_behavior": null,
          "steps_to_reproduce": {
            "value": "Unselect Income option, tap on create accounts, tap on plus button in the title bar, enter \"Ben's\" in the account name, and press Save",
            "evidence": [
              "I Unselect Income option then Tap on create accounts then Tap on plus button in the title bar and then Enter the \"Ben's\" in the account name Finally i pressed Save"
            ]
          }
        }
      },
      "meta_data": {
        "latency": "2.2493558339992887 s",
        "node_token_consumption": {
          "input_tokens": 973,
          "output_tokens": 234,
          "total_tokens": 1207,
          "llm_calls": 1,
          "llm_calls_with_usage": 1,
          "llm_calls_missing_usage": 0
        }
      }
    },
    {
      "entity": "bot",
      "action_name": "clarity_check",
      "output": {
        "clarity_route": "continue",
        "clarity_issues": []
      },
      "meta_data": {
        "latency": "0.7561061260003044 s",
        "node_token_consumption": {
          "input_tokens": 619,
          "output_tokens": 21,
          "total_tokens": 640,
          "llm_calls": 1,
          "llm_calls_with_usage": 1,
          "llm_calls_missing_usage": 0
        }
      }
    },
    {
      "entity": "bot",
      "action_name": "extract_and_update",
      "output": {
        "BugInfo": {
          "triggering_screen_reference": {
            "status": "inferred",
            "candidates": [
              {
                "value": "-1489414740",
                "evidence": "The bug is described as occurring 'when creating account names with an apostrophe' after the user 'Enter the \"Ben's\" in the account name Finally i pressed Save'. The account name is entered on the Create Account dialog (screen -1489414740), making it the most plausible triggering screen."
              }
            ]
          },
          "triggering_GUI_interactions": [
            {
              "status": "inferred",
              "candidates": [
                {
                  "value": "1872202551",
                  "evidence": "User said 'Unselect Income option'. In the initial account-selection dialog, clicking the checked 'Income' option toggles it off; transition 1872202551 is the click on 'Income'."
                }
              ]
            },
            {
              "status": "inferred",
              "candidates": [
                {
                  "value": "-537431751",
                  "evidence": "User said 'Tap on create accounts'. Transition -537431751 is the 'Create Accounts' button from the initial account-selection dialog to the Accounts screen."
                }
              ]
            },
            {
              "status": "inferred",
              "candidates": [
                {
                  "value": "-80703439",
                  "evidence": "User said 'Tap on plus button in the title bar'. On the Accounts screen, the title-bar add action is 'Create Account'; transition -80703439 matches tapping that action."
                }
              ]
            },
            {
              "status": "confirmed",
              "candidates": [
                {
                  "value": "920809737",
                  "evidence": "User said 'Enter the \"Ben's\" in the account name'. Transition 920809737 is typing into the account name field on the Create Account dialog."
                }
              ]
            },
            {
              "status": "confirmed",
              "candidates": [
                {
                  "value": "-1127280829",
                  "evidence": "User said 'Finally i pressed Save'. Transition -1127280829 is the Save button on the Create Account dialog."
                }
              ]
            }
          ],
          "buggy_behavior": {
            "status": "confirmed",
            "candidates": [
              {
                "value": "I got crash",
                "evidence": "User explicitly reported: 'I got crash when creating account names with an apostrophe.'"
              }
            ]
          },
          "correct_behavior": {
            "status": "inferred",
            "candidates": [
              {
                "value": "The app should save/create the account successfully when the account name contains an apostrophe instead of crashing.",
                "evidence": "Inferred from the reported bug 'I got crash when creating account names with an apostrophe' after entering \"Ben's\" and pressing Save."
              }
            ]
          },
          "steps_to_reproduce": [
            {
              "status": "confirmed",
              "candidates": [
                {
                  "value": "846193342",
                  "evidence": "Reproduction must start with opening the app."
                }
              ]
            },
            {
              "status": "inferred",
              "candidates": [
                {
                  "value": "1872202551",
                  "evidence": "User said 'Unselect Income option'; this corresponds to clicking the selected 'Income' item in the initial account-selection dialog."
                }
              ]
            },
            {
              "status": "inferred",
              "candidates": [
                {
                  "value": "-537431751",
                  "evidence": "User said 'Tap on create accounts'."
                }
              ]
            },
            {
              "status": "inferred",
              "candidates": [
                {
                  "value": "-80703439",
                  "evidence": "User said 'Tap on plus button in the title bar'; on the Accounts screen this maps to the Create Account action in the title bar."
                }
              ]
            },
            {
              "status": "confirmed",
              "candidates": [
                {
                  "value": "920809737",
                  "evidence": "User said 'Enter the \"Ben's\" in the account name'."
                }
              ]
            },
            {
              "status": "confirmed",
              "candidates": [
                {
                  "value": "-1127280829",
                  "evidence": "User said 'Finally i pressed Save'."
                }
              ]
            }
          ]
        },
        "information_element_extraction": {
          "triggering_screen_reference": null,
          "triggering_GUI_interactions": null,
          "buggy_behavior": null,
          "correct_behavior": null,
          "steps_to_reproduce": null
        },
        "active_follow_up": null,
        "clarification_window_start_idx": 2
      },
      "meta_data": {
        "latency": "5.903015919000609 s",
        "node_token_consumption": {
          "input_tokens": 15044,
          "output_tokens": 707,
          "total_tokens": 15751,
          "llm_calls": 1,
          "llm_calls_with_usage": 1,
          "llm_calls_missing_usage": 0
        }
      }
    },
    {
      "entity": "bot",
      "action_name": "evaluate",
      "output": {
        "unknown_and_low_confidence_info": []
      },
      "meta_data": {
        "latency": "1.8291000742465258e-05 s",
        "node_token_consumption": null
      }
    },
    {
      "entity": "bot",
      "action_name": "generate_report",
      "output": {
        "full_report": {
          "title": "App crashes when saving a new account name containing an apostrophe",
          "observed_behavior": "On the Create Account dialog, if the user unselects Income, taps Create Accounts, taps the title-bar Create Account action, enters an account name containing an apostrophe such as \"Ben's\", and taps Save, the app crashes.",
          "expected_behavior": "The app should save/create the account successfully when the account name contains an apostrophe instead of crashing.",
          "steps_to_reproduce": "1. Open the app. <846193342>\n2. On the initial account-selection dialog, unselect the Income option. <1872202551>\n3. Tap Create Accounts. <-537431751>\n4. On the Accounts screen, tap the Create Account action (plus button) in the title bar. <-80703439>\n5. In the account name field on the Create Account dialog, enter \"Ben's\". <920809737>\n6. Tap Save. <-1127280829>"
        }
      },
      "meta_data": {
        "latency": "2.149729501001275 s",
        "node_token_consumption": {
          "input_tokens": 12892,
          "output_tokens": 214,
          "total_tokens": 13106,
          "llm_calls": 1,
          "llm_calls_with_usage": 1,
          "llm_calls_missing_usage": 0
        }
      }
    }
  ]
}
{
  "record_type": "draft_report",
  "session_id": "8717db15-3999-4ef6-befb-e9a6ff3069a2",
  "draft_report": {
    "title": "App crashes when saving a new account name containing an apostrophe",
    "observed_behavior": "On the Create Account dialog, if the user unselects Income, taps Create Accounts, taps the title-bar Create Account action, enters an account name containing an apostrophe such as \"Ben's\", and taps Save, the app crashes.",
    "expected_behavior": "The app should save/create the account successfully when the account name contains an apostrophe instead of crashing.",
    "steps_to_reproduce": "1. Open the app. <846193342>\n2. On the initial account-selection dialog, unselect the Income option. <1872202551>\n3. Tap Create Accounts. <-537431751>\n4. On the Accounts screen, tap the Create Account action (plus button) in the title bar. <-80703439>\n5. In the account name field on the Create Account dialog, enter \"Ben's\". <920809737>\n6. Tap Save. <-1127280829>"
  }
}
{
  "record_type": "conversation_summary",
  "session_id": "8717db15-3999-4ef6-befb-e9a6ff3069a2",
  "run_metadata": {
    "bug_id": 4,
    "description_level": null,
    "input_source": "user",
    "runtime": "api"
  },
  "started_at": "2026-08-08T02:27:02.868801+00:00",
  "ended_at": "2026-08-08T02:28:15.837130+00:00",
  "total_wall_clock_seconds": 72.968329,
  "total_turn_processing_seconds": 15.192736,
  "total_conversation_turns": 2,
  "token_consumption": {
    "input_tokens": 31157,
    "output_tokens": 1351,
    "total_tokens": 32508,
    "llm_calls": 7,
    "llm_calls_with_usage": 7,
    "llm_calls_missing_usage": 0
  }
}
