{
  "session_id": "bc9f8d89-bec8-4123-91ff-11aedd48890a",
  "turn": 1,
  "started_at": "2026-05-05T20:29:38.405982+00:00",
  "ended_at": "2026-05-05T20:30:07.870449+00:00",
  "actions": [
    {
      "entity": "user",
      "action_name": "user_description",
      "output": {
        "messages": {
          "content": "On Display of Incomes by Articles pop-up of the Reports screen changing the report appearance from 'view values' to 'use percent values' causes the application to crash, but the appearance of the report should be changed to 'use percent values'. I took these steps: Open the app, tap Allow, select Report, choose Incomes By Articles or Expenses By Articles, tap View, check 'view values', check 'use percent values', and tap OK.",
          "additional_kwargs": {},
          "response_metadata": {},
          "type": "human",
          "name": null,
          "id": "d67db14a-b6a7-4516-b3c8-cd332ea55cd9"
        }
      },
      "meta_data": {
        "latency": "1.1415999324526638e-05 s",
        "node_token_consumption": null
      }
    },
    {
      "entity": "bot",
      "action_name": "information_element_extraction",
      "output": {
        "information_element_extraction": {
          "triggering_screen_reference": {
            "value": "Display of Incomes by Articles pop-up of the Reports screen",
            "evidence": [
              "On Display of Incomes by Articles pop-up of the Reports screen"
            ]
          },
          "triggering_GUI_interactions": {
            "value": "changing the report appearance from 'view values' to 'use percent values' by checking 'view values', checking 'use percent values', and tapping OK",
            "evidence": [
              "changing the report appearance from 'view values' to 'use percent values'",
              "check 'view values'",
              "check 'use percent values'",
              "tap OK"
            ]
          },
          "buggy_behavior": {
            "value": "the application crashes",
            "evidence": [
              "causes the application to crash"
            ]
          },
          "correct_behavior": {
            "value": "the appearance of the report should be changed to 'use percent values'",
            "evidence": [
              "the appearance of the report should be changed to 'use percent values'"
            ]
          },
          "steps_to_reproduce": {
            "value": "Open the app, tap Allow, select Report, choose Incomes By Articles or Expenses By Articles, tap View, check 'view values', check 'use percent values', and tap OK.",
            "evidence": [
              "Open the app, tap Allow, select Report, choose Incomes By Articles or Expenses By Articles, tap View, check 'view values', check 'use percent values', and tap OK."
            ]
          }
        }
      },
      "meta_data": {
        "latency": "4.427010167000844 s",
        "node_token_consumption": {
          "input_tokens": 969,
          "output_tokens": 270,
          "total_tokens": 1239,
          "llm_calls": 1,
          "llm_calls_with_usage": 1,
          "llm_calls_missing_usage": 0
        }
      }
    },
    {
      "entity": "bot",
      "action_name": "clarity_check",
      "output": {
        "clarity_route": "continue",
        "clarity_issues": []
      },
      "meta_data": {
        "latency": "1.4852814580008271 s",
        "node_token_consumption": {
          "input_tokens": 664,
          "output_tokens": 21,
          "total_tokens": 685,
          "llm_calls": 1,
          "llm_calls_with_usage": 1,
          "llm_calls_missing_usage": 0
        }
      }
    },
    {
      "entity": "bot",
      "action_name": "extract_and_update",
      "output": {
        "BugInfo": {
          "triggering_screen_reference": {
            "status": "confirmed",
            "candidates": [
              {
                "value": "f189f23124c6c372973bbff27e30b7107f27022f74836d7085daf2817f565790",
                "evidence": "User said: 'On Display of Incomes by Articles pop-up of the Reports screen'. In the graph, screen f189f23124c6c372973bbff27e30b7107f27022f74836d7085daf2817f565790 is 'ChartActivity(Window=Main)' described as 'This dialog is titled Display of Incomes by Articles'."
              }
            ]
          },
          "triggering_GUI_interactions": [
            {
              "status": "confirmed",
              "candidates": [
                {
                  "value": "dc01c666d81db01f9ceb751ff256033bcc27f75ab0951ef2f9eff49e39233d64",
                  "evidence": "User said: \"check 'view values'\". Transition dc01c666d81db01f9ceb751ff256033bcc27f75ab0951ef2f9eff49e39233d64 is clicking checkbox 'View values' on the Display of Incomes by Articles dialog."
                }
              ]
            },
            {
              "status": "confirmed",
              "candidates": [
                {
                  "value": "c3292f1abb084883da9f0bf06776dd33343b186505d53bedfbb8b83717e4b319",
                  "evidence": "User said: \"check 'use percent values'\". Transition c3292f1abb084883da9f0bf06776dd33343b186505d53bedfbb8b83717e4b319 is clicking checkbox 'Use percent values' on the Display of Incomes by Articles dialog."
                }
              ]
            },
            {
              "status": "confirmed",
              "candidates": [
                {
                  "value": "26c0ae2d76021672cf80c07928394773aec07f5be831f91ab09b5f7c2392b6aa",
                  "evidence": "User said: 'tap OK'. Transition 26c0ae2d76021672cf80c07928394773aec07f5be831f91ab09b5f7c2392b6aa is clicking OK on the Display of Incomes by Articles dialog and leads to the crash dialog."
                }
              ]
            }
          ],
          "buggy_behavior": {
            "status": "confirmed",
            "candidates": [
              {
                "value": "the application crashes",
                "evidence": "User said: 'causes the application to crash'."
              }
            ]
          },
          "correct_behavior": {
            "status": "confirmed",
            "candidates": [
              {
                "value": "the appearance of the report should be changed to 'use percent values'",
                "evidence": "User said: 'the appearance of the report should be changed to 'use percent values''."
              }
            ]
          },
          "steps_to_reproduce": [
            {
              "status": "confirmed",
              "candidates": [
                {
                  "value": "fa8baa4de2d1015dd5da60a38bcc25a725e918d25bafb6b4b8bafe8f727ccfcf",
                  "evidence": "User said: 'Open the app'. This transition is the app open action to the SMS permission dialog."
                }
              ]
            },
            {
              "status": "confirmed",
              "candidates": [
                {
                  "value": "8407e328c4a9d75304cf3edee19af6616ae654caca4e79229e0df0c827909816",
                  "evidence": "User said: 'tap Allow'. Transition 8407e328c4a9d75304cf3edee19af6616ae654caca4e79229e0df0c827909816 is clicking Allow on the permission dialog."
                }
              ]
            },
            {
              "status": "confirmed",
              "candidates": [
                {
                  "value": "9a4f389ec16dc06bc51519fd35159ab49c667d2cae3e0323df9bf08cd98bda88",
                  "evidence": "User said: 'select Report'. Transition 9a4f389ec16dc06bc51519fd35159ab49c667d2cae3e0323df9bf08cd98bda88 is clicking Reports from the dashboard."
                }
              ]
            },
            {
              "status": "confirmed",
              "candidates": [
                {
                  "value": "c010db1badf9deb0564b10c46916ad505c7d1acca0f840fdc12c4867c81990d0",
                  "evidence": "User said: 'choose Incomes By Articles or Expenses By Articles'. For the stated triggering dialog 'Display of Incomes by Articles', the needed tab selection is Incomes by Articles. Transition c010db1badf9deb0564b10c46916ad505c7d1acca0f840fdc12c4867c81990d0 selects 'Incomes by Articles' from the Reports screen."
                }
              ]
            },
            {
              "status": "inferred",
              "candidates": [
                {
                  "value": "c7c181b4d07f85b6731edefa0c51eca8637b088e992c8d07e2349379db3cd413",
                  "evidence": "User said: 'tap View'. In the graph, the corresponding control on the Incomes by Articles report is the 'Display' action. Transition c7c181b4d07f85b6731edefa0c51eca8637b088e992c8d07e2349379db3cd413 opens the Display of Incomes by Articles dialog."
                }
              ]
            },
            {
              "status": "confirmed",
              "candidates": [
                {
                  "value": "dc01c666d81db01f9ceb751ff256033bcc27f75ab0951ef2f9eff49e39233d64",
                  "evidence": "User said: \"check 'view values'\"."
                }
              ]
            },
            {
              "status": "confirmed",
              "candidates": [
                {
                  "value": "c3292f1abb084883da9f0bf06776dd33343b186505d53bedfbb8b83717e4b319",
                  "evidence": "User said: \"check 'use percent values'\"."
                }
              ]
            },
            {
              "status": "confirmed",
              "candidates": [
                {
                  "value": "26c0ae2d76021672cf80c07928394773aec07f5be831f91ab09b5f7c2392b6aa",
                  "evidence": "User said: 'tap OK'. This step triggers the crash after the dialog selections."
                }
              ]
            }
          ]
        },
        "information_element_extraction": {
          "triggering_screen_reference": null,
          "triggering_GUI_interactions": null,
          "buggy_behavior": null,
          "correct_behavior": null,
          "steps_to_reproduce": null
        },
        "active_follow_up": null,
        "clarification_window_start_idx": 1
      },
      "meta_data": {
        "latency": "15.458973666998645 s",
        "node_token_consumption": {
          "input_tokens": 30972,
          "output_tokens": 1329,
          "total_tokens": 32301,
          "llm_calls": 1,
          "llm_calls_with_usage": 1,
          "llm_calls_missing_usage": 0
        }
      }
    },
    {
      "entity": "bot",
      "action_name": "evaluate",
      "output": {
        "unknown_and_low_confidence_info": []
      },
      "meta_data": {
        "latency": "6.03340013185516e-05 s",
        "node_token_consumption": null
      }
    },
    {
      "entity": "bot",
      "action_name": "generate_report",
      "output": {
        "full_report": {
          "title": "Selecting both \"View values\" and \"Use percent values\" for the Incomes by Articles report causes the app to crash",
          "observed_behavior": "On the Display of Incomes by Articles dialog, if the user checks \"View values\", checks \"Use percent values\", and taps OK, the application crashes.",
          "expected_behavior": "The appearance of the report should be changed to \"use percent values\".",
          "steps_to_reproduce": "1. Open the app. <fa8baa4de2d1015dd5da60a38bcc25a725e918d25bafb6b4b8bafe8f727ccfcf>\n2. On the SMS permission dialog, tap \"Allow\". <8407e328c4a9d75304cf3edee19af6616ae654caca4e79229e0df0c827909816>\n3. On the main screen, tap \"Reports\". <9a4f389ec16dc06bc51519fd35159ab49c667d2cae3e0323df9bf08cd98bda88>\n4. On the Reports screen, select \"Incomes by Articles\". <c010db1badf9deb0564b10c46916ad505c7d1acca0f840fdc12c4867c81990d0>\n5. Tap \"Display\" to open the Display of Incomes by Articles dialog. <c7c181b4d07f85b6731edefa0c51eca8637b088e992c8d07e2349379db3cd413>\n6. Check \"View values\". <dc01c666d81db01f9ceb751ff256033bcc27f75ab0951ef2f9eff49e39233d64>\n7. Check \"Use percent values\". <c3292f1abb084883da9f0bf06776dd33343b186505d53bedfbb8b83717e4b319>\n8. Tap \"OK\". <26c0ae2d76021672cf80c07928394773aec07f5be831f91ab09b5f7c2392b6aa>"
        }
      },
      "meta_data": {
        "latency": "8.08471712499886 s",
        "node_token_consumption": {
          "input_tokens": 27407,
          "output_tokens": 491,
          "total_tokens": 27898,
          "llm_calls": 1,
          "llm_calls_with_usage": 1,
          "llm_calls_missing_usage": 0
        }
      }
    }
  ]
}
{
  "record_type": "final_report",
  "session_id": "bc9f8d89-bec8-4123-91ff-11aedd48890a",
  "final_report": {
    "title": "Selecting both \"View values\" and \"Use percent values\" for the Incomes by Articles report causes the app to crash",
    "observed_behavior": "On the Display of Incomes by Articles dialog, if the user checks \"View values\", checks \"Use percent values\", and taps OK, the application crashes.",
    "expected_behavior": "The appearance of the report should be changed to \"use percent values\".",
    "steps_to_reproduce": "1. Open the app. <fa8baa4de2d1015dd5da60a38bcc25a725e918d25bafb6b4b8bafe8f727ccfcf>\n2. On the SMS permission dialog, tap \"Allow\". <8407e328c4a9d75304cf3edee19af6616ae654caca4e79229e0df0c827909816>\n3. On the main screen, tap \"Reports\". <9a4f389ec16dc06bc51519fd35159ab49c667d2cae3e0323df9bf08cd98bda88>\n4. On the Reports screen, select \"Incomes by Articles\". <c010db1badf9deb0564b10c46916ad505c7d1acca0f840fdc12c4867c81990d0>\n5. Tap \"Display\" to open the Display of Incomes by Articles dialog. <c7c181b4d07f85b6731edefa0c51eca8637b088e992c8d07e2349379db3cd413>\n6. Check \"View values\". <dc01c666d81db01f9ceb751ff256033bcc27f75ab0951ef2f9eff49e39233d64>\n7. Check \"Use percent values\". <c3292f1abb084883da9f0bf06776dd33343b186505d53bedfbb8b83717e4b319>\n8. Tap \"OK\". <26c0ae2d76021672cf80c07928394773aec07f5be831f91ab09b5f7c2392b6aa>"
  }
}
{
  "record_type": "conversation_summary",
  "session_id": "bc9f8d89-bec8-4123-91ff-11aedd48890a",
  "run_metadata": {
    "bug_id": 2,
    "description_level": "HC_HP",
    "input_source": "dev_csv",
    "runtime": "cli"
  },
  "started_at": "2026-05-05T20:29:38.405982+00:00",
  "ended_at": "2026-05-05T20:30:07.870449+00:00",
  "total_wall_clock_seconds": 29.464467,
  "total_turn_processing_seconds": 29.464467,
  "total_conversation_turns": 1,
  "token_consumption": {
    "input_tokens": 60012,
    "output_tokens": 2111,
    "total_tokens": 62123,
    "llm_calls": 4,
    "llm_calls_with_usage": 4,
    "llm_calls_missing_usage": 0
  }
}
