{
  "session_id": "bd6060d5-d177-4a2f-9465-e0c554b5d060",
  "turn": 1,
  "started_at": "2026-06-01T23:03:49.258980+00:00",
  "ended_at": "2026-06-01T23:04:05.237833+00:00",
  "actions": [
    {
      "entity": "user",
      "action_name": "user_description",
      "output": {
        "messages": {
          "content": "The app crashes when trying to add a previous comment to a weight record",
          "additional_kwargs": {},
          "response_metadata": {},
          "type": "human",
          "name": null,
          "id": "afc3241b-5252-4f22-8d06-089c5966c290"
        }
      },
      "meta_data": {
        "latency": "3.4563010558485985e-05 s",
        "node_token_consumption": null
      }
    },
    {
      "entity": "bot",
      "action_name": "information_element_extraction",
      "output": {
        "information_element_extraction": {
          "triggering_screen_reference": {
            "value": "a weight record",
            "evidence": [
              "add a previous comment to a weight record"
            ]
          },
          "triggering_GUI_interactions": {
            "value": "trying to add a previous comment to a weight record",
            "evidence": [
              "trying to add a previous comment to a weight record"
            ]
          },
          "buggy_behavior": {
            "value": "The app crashes",
            "evidence": [
              "The app crashes"
            ]
          },
          "correct_behavior": null,
          "steps_to_reproduce": null
        }
      },
      "meta_data": {
        "latency": "2.2819085769588128 s",
        "node_token_consumption": {
          "input_tokens": 891,
          "output_tokens": 97,
          "total_tokens": 988,
          "llm_calls": 1,
          "llm_calls_with_usage": 1,
          "llm_calls_missing_usage": 0
        }
      }
    },
    {
      "entity": "bot",
      "action_name": "clarity_check",
      "output": {
        "clarity_route": "continue",
        "clarity_issues": []
      },
      "meta_data": {
        "latency": "1.737860132008791 s",
        "node_token_consumption": {
          "input_tokens": 475,
          "output_tokens": 21,
          "total_tokens": 496,
          "llm_calls": 1,
          "llm_calls_with_usage": 1,
          "llm_calls_missing_usage": 0
        }
      }
    },
    {
      "entity": "bot",
      "action_name": "extract_and_update",
      "output": {
        "BugInfo": {
          "triggering_screen_reference": {
            "status": "inferred",
            "candidates": [
              {
                "value": "686788283",
                "evidence": "User says the bug occurs on 'a weight record' when 'add[ing] a previous comment to a weight record'. In the graph, screen 686788283 is the Tracking screen showing recorded weight entries, and from there a long click on a weight record opens the menu containing 'Add previous comment'."
              }
            ]
          },
          "triggering_GUI_interactions": [
            {
              "status": "inferred",
              "candidates": [
                {
                  "value": "1427014792",
                  "evidence": "To add a previous comment to a weight record, the graph shows a long click on a weight record's BMI entry from screen 686788283 to the popup menu screen 739537420, which contains the 'Add previous comment' option."
                }
              ]
            },
            {
              "status": "confirmed",
              "candidates": [
                {
                  "value": "1634204121",
                  "evidence": "User explicitly reports 'trying to add a previous comment to a weight record'. In the graph, selecting 'Add previous comment' is transition 1634204121 from the popup menu to PreviousCommentActivity."
                }
              ]
            }
          ],
          "buggy_behavior": {
            "status": "confirmed",
            "candidates": [
              {
                "value": "The app crashes",
                "evidence": "User explicitly states: 'The app crashes'."
              }
            ]
          },
          "correct_behavior": {
            "status": "inferred",
            "candidates": [
              {
                "value": "The app should open the 'Add previous comment' screen and allow adding/selecting a previous comment for the weight record without crashing.",
                "evidence": "Inferred from the reported bug 'The app crashes' while 'trying to add a previous comment to a weight record' and from the graph showing the intended destination PreviousCommentActivity after selecting 'Add previous comment'."
              }
            ]
          },
          "steps_to_reproduce": [
            {
              "status": "confirmed",
              "candidates": [
                {
                  "value": "-707067098",
                  "evidence": "Always start from opening the app."
                }
              ]
            },
            {
              "status": "inferred",
              "candidates": [
                {
                  "value": "-888680512",
                  "evidence": "A valid path from app launch to a screen with a weight record begins by saving the current weight from the initial Tracking screen to create/view a record list."
                }
              ]
            },
            {
              "status": "inferred",
              "candidates": [
                {
                  "value": "-449246432",
                  "evidence": "From the Tracking screen with a record list, selecting 'Set Current Weight in kg' leads to screen 686788283, which clearly shows weight records and supports the later 'Add previous comment' interaction."
                }
              ]
            },
            {
              "status": "inferred",
              "candidates": [
                {
                  "value": "1427014792",
                  "evidence": "To act on a specific weight record, the graph shows long clicking the record to open the menu with 'Add previous comment'."
                }
              ]
            },
            {
              "status": "confirmed",
              "candidates": [
                {
                  "value": "1634204121",
                  "evidence": "Selecting 'Add previous comment' is the reported triggering interaction."
                }
              ]
            }
          ]
        },
        "information_element_extraction": {
          "triggering_screen_reference": null,
          "triggering_GUI_interactions": null,
          "buggy_behavior": null,
          "correct_behavior": null,
          "steps_to_reproduce": null
        },
        "active_follow_up": null,
        "clarification_window_start_idx": 1
      },
      "meta_data": {
        "latency": "7.935512522002682 s",
        "node_token_consumption": {
          "input_tokens": 9890,
          "output_tokens": 586,
          "total_tokens": 10476,
          "llm_calls": 1,
          "llm_calls_with_usage": 1,
          "llm_calls_missing_usage": 0
        }
      }
    },
    {
      "entity": "bot",
      "action_name": "evaluate",
      "output": {
        "unknown_and_low_confidence_info": []
      },
      "meta_data": {
        "latency": "3.6063953302800655e-05 s",
        "node_token_consumption": null
      }
    },
    {
      "entity": "bot",
      "action_name": "generate_report",
      "output": {
        "full_report": {
          "title": "Selecting \"Add previous comment\" for a weight record crashes the app",
          "observed_behavior": "On the Tracking screen showing weight records, if the user long-presses a weight record to open its context menu and then taps \"Add previous comment,\" the app crashes.",
          "expected_behavior": "The app should open the \"Add previous comment\" screen and allow adding or selecting a previous comment for the weight record without crashing.",
          "steps_to_reproduce": "1. Open the app. <-707067098>\n2. Tap \"Set Current Weight in kg\" from the initial screen. <-888680512>\n3. Tap \"Set Current Weight in kg\" again to reach the screen showing weight records. <-449246432>\n4. Long-press a weight record to open the context menu. <1427014792>\n5. Tap \"Add previous comment.\" <1634204121>"
        }
      },
      "meta_data": {
        "latency": "3.973648436018266 s",
        "node_token_consumption": {
          "input_tokens": 8507,
          "output_tokens": 192,
          "total_tokens": 8699,
          "llm_calls": 1,
          "llm_calls_with_usage": 1,
          "llm_calls_missing_usage": 0
        }
      }
    }
  ]
}
{
  "record_type": "final_report",
  "session_id": "bd6060d5-d177-4a2f-9465-e0c554b5d060",
  "final_report": {
    "title": "Selecting \"Add previous comment\" for a weight record crashes the app",
    "observed_behavior": "On the Tracking screen showing weight records, if the user long-presses a weight record to open its context menu and then taps \"Add previous comment,\" the app crashes.",
    "expected_behavior": "The app should open the \"Add previous comment\" screen and allow adding or selecting a previous comment for the weight record without crashing.",
    "steps_to_reproduce": "1. Open the app. <-707067098>\n2. Tap \"Set Current Weight in kg\" from the initial screen. <-888680512>\n3. Tap \"Set Current Weight in kg\" again to reach the screen showing weight records. <-449246432>\n4. Long-press a weight record to open the context menu. <1427014792>\n5. Tap \"Add previous comment.\" <1634204121>"
  }
}
{
  "record_type": "conversation_summary",
  "session_id": "bd6060d5-d177-4a2f-9465-e0c554b5d060",
  "run_metadata": {
    "bug_id": 12,
    "description_level": null,
    "input_source": "user",
    "runtime": "api"
  },
  "started_at": "2026-06-01T23:03:49.258980+00:00",
  "ended_at": "2026-06-01T23:04:05.237833+00:00",
  "total_wall_clock_seconds": 15.978853,
  "total_turn_processing_seconds": 15.978853,
  "total_conversation_turns": 1,
  "token_consumption": {
    "input_tokens": 19763,
    "output_tokens": 896,
    "total_tokens": 20659,
    "llm_calls": 4,
    "llm_calls_with_usage": 4,
    "llm_calls_missing_usage": 0
  }
}
