{
  "session_id": "bf26d4f3-5add-40dc-bc07-b87ef4796a85",
  "turn": 1,
  "started_at": "2026-05-06T04:05:04.051885+00:00",
  "ended_at": "2026-05-06T04:05:30.006063+00:00",
  "actions": [
    {
      "entity": "user",
      "action_name": "user_description",
      "output": {
        "messages": {
          "content": "On Display of Incomes by Articles pop-up of the Reports screen changing the report appearance from 'view values' to 'use percent values' causes the application to crash, but the appearance of the report should be changed to 'use percent values'. I took these steps: Open the app, tap Allow, select Report, choose Incomes By Articles or Expenses By Articles, tap View, check 'view values', check 'use percent values', and tap OK.",
          "additional_kwargs": {},
          "response_metadata": {},
          "type": "human",
          "name": null,
          "id": "ab8adb64-de74-46b6-a4b3-65a3d51def69"
        }
      },
      "meta_data": {
        "latency": "5.97499999912543e-05 s",
        "node_token_consumption": null
      }
    },
    {
      "entity": "bot",
      "action_name": "information_element_extraction",
      "output": {
        "information_element_extraction": {
          "triggering_screen_reference": {
            "value": "Display of Incomes by Articles pop-up of the Reports screen",
            "evidence": [
              "On Display of Incomes by Articles pop-up of the Reports screen"
            ]
          },
          "triggering_GUI_interactions": {
            "value": "changing the report appearance from 'view values' to 'use percent values'",
            "evidence": [
              "changing the report appearance from 'view values' to 'use percent values'"
            ]
          },
          "buggy_behavior": {
            "value": "the application crashes",
            "evidence": [
              "causes the application to crash"
            ]
          },
          "correct_behavior": {
            "value": "the appearance of the report should be changed to 'use percent values'",
            "evidence": [
              "the appearance of the report should be changed to 'use percent values'"
            ]
          },
          "steps_to_reproduce": {
            "value": "Open the app, tap Allow, select Report, choose Incomes By Articles or Expenses By Articles, tap View, check 'view values', check 'use percent values', and tap OK.",
            "evidence": [
              "Open the app, tap Allow, select Report, choose Incomes By Articles or Expenses By Articles, tap View, check 'view values', check 'use percent values', and tap OK."
            ]
          }
        }
      },
      "meta_data": {
        "latency": "5.273460128000011 s",
        "node_token_consumption": {
          "input_tokens": 969,
          "output_tokens": 239,
          "total_tokens": 1208,
          "llm_calls": 1,
          "llm_calls_with_usage": 1,
          "llm_calls_missing_usage": 0
        }
      }
    },
    {
      "entity": "bot",
      "action_name": "clarity_check",
      "output": {
        "clarity_route": "continue",
        "clarity_issues": []
      },
      "meta_data": {
        "latency": "1.4801434180000115 s",
        "node_token_consumption": {
          "input_tokens": 628,
          "output_tokens": 21,
          "total_tokens": 649,
          "llm_calls": 1,
          "llm_calls_with_usage": 1,
          "llm_calls_missing_usage": 0
        }
      }
    },
    {
      "entity": "bot",
      "action_name": "extract_and_update",
      "output": {
        "BugInfo": {
          "triggering_screen_reference": {
            "status": "confirmed",
            "candidates": [
              {
                "value": "f189f23124c6c372973bbff27e30b7107f27022f74836d7085daf2817f565790",
                "evidence": "User said the bug happens on the 'Display of Incomes by Articles pop-up of the Reports screen', which matches ChartActivity(Window=Main) described as 'This dialog is titled Display of Incomes by Articles'."
              }
            ]
          },
          "triggering_GUI_interactions": [
            {
              "status": "confirmed",
              "candidates": [
                {
                  "value": "dc01c666d81db01f9ceb751ff256033bcc27f75ab0951ef2f9eff49e39233d64",
                  "evidence": "User explicitly mentions changing report appearance from 'view values' to 'use percent values'; this transition is clicking the 'View values' checkbox on the Display of Incomes by Articles dialog."
                }
              ]
            },
            {
              "status": "confirmed",
              "candidates": [
                {
                  "value": "c3292f1abb084883da9f0bf06776dd33343b186505d53bedfbb8b83717e4b319",
                  "evidence": "User explicitly mentions changing report appearance from 'view values' to 'use percent values'; this transition is clicking the 'Use percent values' checkbox on the Display of Incomes by Articles dialog."
                }
              ]
            },
            {
              "status": "confirmed",
              "candidates": [
                {
                  "value": "26c0ae2d76021672cf80c07928394773aec07f5be831f91ab09b5f7c2392b6aa",
                  "evidence": "The reproduced sequence ends by tapping OK after selecting 'view values' and 'use percent values'; on the Display of Incomes by Articles dialog this is the OK transition that leads to the crash dialog."
                }
              ]
            }
          ],
          "buggy_behavior": {
            "status": "confirmed",
            "candidates": [
              {
                "value": "the application crashes",
                "evidence": "User explicitly stated this action 'causes the application to crash'."
              }
            ]
          },
          "correct_behavior": {
            "status": "confirmed",
            "candidates": [
              {
                "value": "the appearance of the report should be changed to 'use percent values'",
                "evidence": "User explicitly stated that the report appearance should be changed to 'use percent values' instead of crashing."
              }
            ]
          },
          "steps_to_reproduce": [
            {
              "status": "confirmed",
              "candidates": [
                {
                  "value": "fa8baa4de2d1015dd5da60a38bcc25a725e918d25bafb6b4b8bafe8f727ccfcf",
                  "evidence": "Matches user step 'Open the app' leading to the SMS permission dialog."
                }
              ]
            },
            {
              "status": "confirmed",
              "candidates": [
                {
                  "value": "8407e328c4a9d75304cf3edee19af6616ae654caca4e79229e0df0c827909816",
                  "evidence": "Matches user step 'tap Allow' on the permission dialog."
                }
              ]
            },
            {
              "status": "confirmed",
              "candidates": [
                {
                  "value": "9a4f389ec16dc06bc51519fd35159ab49c667d2cae3e0323df9bf08cd98bda88",
                  "evidence": "Matches user step 'select Report' from the dashboard via the 'Reports' button."
                }
              ]
            },
            {
              "status": "ambiguous",
              "candidates": [
                {
                  "value": "c010db1badf9deb0564b10c46916ad505c7d1acca0f840fdc12c4867c81990d0",
                  "evidence": "Matches user step 'choose Incomes By Articles' from the Reports screen; this transition directly selects the 'Incomes by Articles' tab from ChartActivity."
                },
                {
                  "value": "8725429b5f40ee537ff83bd3f7f22b9f4e767bceacea23dc1dd6736c457b18c1",
                  "evidence": "User also said 'choose Incomes By Articles or Expenses By Articles'; this alternative navigates first to 'Expenses by Articles', another explicitly mentioned option."
                }
              ]
            },
            {
              "status": "confirmed",
              "candidates": [
                {
                  "value": "c7c181b4d07f85b6731edefa0c51eca8637b088e992c8d07e2349379db3cd413",
                  "evidence": "Matches user step 'tap View' on the Incomes by Articles report screen; graph labels this as the 'Display' action opening the 'Display of Incomes by Articles' dialog."
                }
              ]
            },
            {
              "status": "confirmed",
              "candidates": [
                {
                  "value": "dc01c666d81db01f9ceb751ff256033bcc27f75ab0951ef2f9eff49e39233d64",
                  "evidence": "Matches user step 'check view values' on the display dialog."
                }
              ]
            },
            {
              "status": "confirmed",
              "candidates": [
                {
                  "value": "c3292f1abb084883da9f0bf06776dd33343b186505d53bedfbb8b83717e4b319",
                  "evidence": "Matches user step 'check use percent values' on the display dialog."
                }
              ]
            },
            {
              "status": "confirmed",
              "candidates": [
                {
                  "value": "26c0ae2d76021672cf80c07928394773aec07f5be831f91ab09b5f7c2392b6aa",
                  "evidence": "Matches user step 'tap OK'; this leads from the display dialog to the crash dialog, completing reproduction."
                }
              ]
            }
          ]
        },
        "information_element_extraction": {
          "triggering_screen_reference": null,
          "triggering_GUI_interactions": null,
          "buggy_behavior": null,
          "correct_behavior": null,
          "steps_to_reproduce": null
        },
        "active_follow_up": null,
        "clarification_window_start_idx": 1
      },
      "meta_data": {
        "latency": "15.948882339999983 s",
        "node_token_consumption": {
          "input_tokens": 30936,
          "output_tokens": 1129,
          "total_tokens": 32065,
          "llm_calls": 1,
          "llm_calls_with_usage": 1,
          "llm_calls_missing_usage": 0
        }
      }
    },
    {
      "entity": "bot",
      "action_name": "evaluate",
      "output": {
        "unknown_and_low_confidence_info": [
          "steps_to_reproduce[3]"
        ]
      },
      "meta_data": {
        "latency": "5.337499999313877e-05 s",
        "node_token_consumption": null
      }
    },
    {
      "entity": "bot",
      "action_name": "follow_up",
      "output": {
        "active_follow_up": {
          "kind": "more_info",
          "question": "When you were on the Reports screen, which report tab did you select just before tapping Display: did you choose Incomes by Articles directly, or did you first switch to Expenses by Articles and then move to Incomes by Articles? Please list the exact taps in order from the Reports screen up to opening the Display of Incomes by Articles dialog.",
          "target_info_elements": [
            "steps_to_reproduce"
          ]
        }
      },
      "meta_data": {
        "latency": "3.2332403759999977 s",
        "node_token_consumption": {
          "input_tokens": 31257,
          "output_tokens": 96,
          "total_tokens": 31353,
          "llm_calls": 1,
          "llm_calls_with_usage": 1,
          "llm_calls_missing_usage": 0
        }
      }
    }
  ]
}
{
  "session_id": "bf26d4f3-5add-40dc-bc07-b87ef4796a85",
  "turn": 1,
  "started_at": "2026-05-06T04:06:01.242879+00:00",
  "ended_at": "2026-05-06T04:06:22.239101+00:00",
  "actions": [
    {
      "entity": "user",
      "action_name": "user_description",
      "output": {
        "messages": {
          "content": "I selected Incomes by Articles directly before tapping Display.",
          "additional_kwargs": {},
          "response_metadata": {},
          "type": "human",
          "name": null,
          "id": "a8fb0df2-9b3f-4b79-b674-7e8ed57b9823"
        }
      },
      "meta_data": {
        "latency": "7.207999999536696e-06 s",
        "node_token_consumption": null
      }
    },
    {
      "entity": "bot",
      "action_name": "information_element_extraction",
      "output": {
        "information_element_extraction": {
          "triggering_screen_reference": null,
          "triggering_GUI_interactions": null,
          "buggy_behavior": null,
          "correct_behavior": null,
          "steps_to_reproduce": {
            "value": "From the Reports screen, select Incomes by Articles directly, then tap Display to open the Display of Incomes by Articles dialog.",
            "evidence": [
              "I selected Incomes by Articles directly before tapping Display."
            ]
          }
        }
      },
      "meta_data": {
        "latency": "1.8018546259999937 s",
        "node_token_consumption": {
          "input_tokens": 973,
          "output_tokens": 84,
          "total_tokens": 1057,
          "llm_calls": 1,
          "llm_calls_with_usage": 1,
          "llm_calls_missing_usage": 0
        }
      }
    },
    {
      "entity": "bot",
      "action_name": "clarity_check",
      "output": {
        "clarity_route": "continue",
        "clarity_issues": []
      },
      "meta_data": {
        "latency": "1.3694020840000007 s",
        "node_token_consumption": {
          "input_tokens": 444,
          "output_tokens": 21,
          "total_tokens": 465,
          "llm_calls": 1,
          "llm_calls_with_usage": 1,
          "llm_calls_missing_usage": 0
        }
      }
    },
    {
      "entity": "bot",
      "action_name": "extract_and_update",
      "output": {
        "BugInfo": {
          "triggering_screen_reference": {
            "status": "confirmed",
            "candidates": [
              {
                "value": "f189f23124c6c372973bbff27e30b7107f27022f74836d7085daf2817f565790",
                "evidence": "User said the bug happens on the 'Display of Incomes by Articles pop-up of the Reports screen', which matches ChartActivity(Window=Main) described as 'This dialog is titled Display of Incomes by Articles'."
              }
            ]
          },
          "triggering_GUI_interactions": [
            {
              "status": "confirmed",
              "candidates": [
                {
                  "value": "dc01c666d81db01f9ceb751ff256033bcc27f75ab0951ef2f9eff49e39233d64",
                  "evidence": "User explicitly mentions changing report appearance from 'view values' to 'use percent values'; this transition is clicking the 'View values' checkbox on the Display of Incomes by Articles dialog."
                }
              ]
            },
            {
              "status": "confirmed",
              "candidates": [
                {
                  "value": "c3292f1abb084883da9f0bf06776dd33343b186505d53bedfbb8b83717e4b319",
                  "evidence": "User explicitly mentions changing report appearance from 'view values' to 'use percent values'; this transition is clicking the 'Use percent values' checkbox on the Display of Incomes by Articles dialog."
                }
              ]
            },
            {
              "status": "confirmed",
              "candidates": [
                {
                  "value": "26c0ae2d76021672cf80c07928394773aec07f5be831f91ab09b5f7c2392b6aa",
                  "evidence": "The reproduced sequence ends by tapping OK after selecting 'view values' and 'use percent values'; on the Display of Incomes by Articles dialog this is the OK transition that leads to the crash dialog."
                }
              ]
            }
          ],
          "buggy_behavior": {
            "status": "confirmed",
            "candidates": [
              {
                "value": "the application crashes",
                "evidence": "User explicitly stated this action 'causes the application to crash'."
              }
            ]
          },
          "correct_behavior": {
            "status": "confirmed",
            "candidates": [
              {
                "value": "the appearance of the report should be changed to 'use percent values'",
                "evidence": "User explicitly stated that the report appearance should be changed to 'use percent values' instead of crashing."
              }
            ]
          },
          "steps_to_reproduce": [
            {
              "status": "confirmed",
              "candidates": [
                {
                  "value": "fa8baa4de2d1015dd5da60a38bcc25a725e918d25bafb6b4b8bafe8f727ccfcf",
                  "evidence": "Matches user step 'Open the app' leading to the SMS permission dialog."
                }
              ]
            },
            {
              "status": "confirmed",
              "candidates": [
                {
                  "value": "8407e328c4a9d75304cf3edee19af6616ae654caca4e79229e0df0c827909816",
                  "evidence": "Matches user step 'tap Allow' on the permission dialog."
                }
              ]
            },
            {
              "status": "confirmed",
              "candidates": [
                {
                  "value": "9a4f389ec16dc06bc51519fd35159ab49c667d2cae3e0323df9bf08cd98bda88",
                  "evidence": "Matches user step 'select Report' from the dashboard via the 'Reports' button."
                }
              ]
            },
            {
              "status": "confirmed",
              "candidates": [
                {
                  "value": "c010db1badf9deb0564b10c46916ad505c7d1acca0f840fdc12c4867c81990d0",
                  "evidence": "New user evidence says 'I selected Incomes by Articles directly before tapping Display,' which directly matches the Reports-screen transition to the 'Incomes by Articles' tab."
                }
              ]
            },
            {
              "status": "confirmed",
              "candidates": [
                {
                  "value": "c7c181b4d07f85b6731edefa0c51eca8637b088e992c8d07e2349379db3cd413",
                  "evidence": "Matches user step 'then tap Display to open the Display of Incomes by Articles dialog.'"
                }
              ]
            },
            {
              "status": "confirmed",
              "candidates": [
                {
                  "value": "dc01c666d81db01f9ceb751ff256033bcc27f75ab0951ef2f9eff49e39233d64",
                  "evidence": "Matches user step 'check view values' on the display dialog."
                }
              ]
            },
            {
              "status": "confirmed",
              "candidates": [
                {
                  "value": "c3292f1abb084883da9f0bf06776dd33343b186505d53bedfbb8b83717e4b319",
                  "evidence": "Matches user step 'check use percent values' on the display dialog."
                }
              ]
            },
            {
              "status": "confirmed",
              "candidates": [
                {
                  "value": "26c0ae2d76021672cf80c07928394773aec07f5be831f91ab09b5f7c2392b6aa",
                  "evidence": "Matches user step 'tap OK'; this leads from the display dialog to the crash dialog, completing reproduction."
                }
              ]
            }
          ]
        },
        "information_element_extraction": {
          "triggering_screen_reference": null,
          "triggering_GUI_interactions": null,
          "buggy_behavior": null,
          "correct_behavior": null,
          "steps_to_reproduce": null
        },
        "active_follow_up": null,
        "clarification_window_start_idx": 2
      },
      "meta_data": {
        "latency": "10.956926546999995 s",
        "node_token_consumption": {
          "input_tokens": 31934,
          "output_tokens": 1037,
          "total_tokens": 32971,
          "llm_calls": 1,
          "llm_calls_with_usage": 1,
          "llm_calls_missing_usage": 0
        }
      }
    },
    {
      "entity": "bot",
      "action_name": "evaluate",
      "output": {
        "unknown_and_low_confidence_info": []
      },
      "meta_data": {
        "latency": "2.370800001472162e-05 s",
        "node_token_consumption": null
      }
    },
    {
      "entity": "bot",
      "action_name": "generate_report",
      "output": {
        "full_report": {
          "title": "App crashes when switching the Incomes by Articles report to use percent values and confirming the display dialog",
          "observed_behavior": "On the Display of Incomes by Articles pop-up of the Reports screen, if the user selects \"View values,\" then selects \"Use percent values,\" and taps \"OK,\" the application crashes.",
          "expected_behavior": "The appearance of the report should be changed to \"use percent values\".",
          "steps_to_reproduce": "1. Open the app. <fa8baa4de2d1015dd5da60a38bcc25a725e918d25bafb6b4b8bafe8f727ccfcf>\n2. Tap \"Allow\" on the SMS permission dialog. <8407e328c4a9d75304cf3edee19af6616ae654caca4e79229e0df0c827909816>\n3. Tap \"Reports\" from the main screen. <9a4f389ec16dc06bc51519fd35159ab49c667d2cae3e0323df9bf08cd98bda88>\n4. Select the \"Incomes by Articles\" tab. <c010db1badf9deb0564b10c46916ad505c7d1acca0f840fdc12c4867c81990d0>\n5. Tap \"Display\" to open the Display of Incomes by Articles dialog. <c7c181b4d07f85b6731edefa0c51eca8637b088e992c8d07e2349379db3cd413>\n6. Check \"View values.\" <dc01c666d81db01f9ceb751ff256033bcc27f75ab0951ef2f9eff49e39233d64>\n7. Check \"Use percent values.\" <c3292f1abb084883da9f0bf06776dd33343b186505d53bedfbb8b83717e4b319>\n8. Tap \"OK.\" <26c0ae2d76021672cf80c07928394773aec07f5be831f91ab09b5f7c2392b6aa>"
        }
      },
      "meta_data": {
        "latency": "6.858044962000008 s",
        "node_token_consumption": {
          "input_tokens": 27114,
          "output_tokens": 485,
          "total_tokens": 27599,
          "llm_calls": 1,
          "llm_calls_with_usage": 1,
          "llm_calls_missing_usage": 0
        }
      }
    }
  ]
}
{
  "record_type": "final_report",
  "session_id": "bf26d4f3-5add-40dc-bc07-b87ef4796a85",
  "final_report": {
    "title": "App crashes when switching the Incomes by Articles report to use percent values and confirming the display dialog",
    "observed_behavior": "On the Display of Incomes by Articles pop-up of the Reports screen, if the user selects \"View values,\" then selects \"Use percent values,\" and taps \"OK,\" the application crashes.",
    "expected_behavior": "The appearance of the report should be changed to \"use percent values\".",
    "steps_to_reproduce": "1. Open the app. <fa8baa4de2d1015dd5da60a38bcc25a725e918d25bafb6b4b8bafe8f727ccfcf>\n2. Tap \"Allow\" on the SMS permission dialog. <8407e328c4a9d75304cf3edee19af6616ae654caca4e79229e0df0c827909816>\n3. Tap \"Reports\" from the main screen. <9a4f389ec16dc06bc51519fd35159ab49c667d2cae3e0323df9bf08cd98bda88>\n4. Select the \"Incomes by Articles\" tab. <c010db1badf9deb0564b10c46916ad505c7d1acca0f840fdc12c4867c81990d0>\n5. Tap \"Display\" to open the Display of Incomes by Articles dialog. <c7c181b4d07f85b6731edefa0c51eca8637b088e992c8d07e2349379db3cd413>\n6. Check \"View values.\" <dc01c666d81db01f9ceb751ff256033bcc27f75ab0951ef2f9eff49e39233d64>\n7. Check \"Use percent values.\" <c3292f1abb084883da9f0bf06776dd33343b186505d53bedfbb8b83717e4b319>\n8. Tap \"OK.\" <26c0ae2d76021672cf80c07928394773aec07f5be831f91ab09b5f7c2392b6aa>"
  }
}
{
  "record_type": "conversation_summary",
  "session_id": "bf26d4f3-5add-40dc-bc07-b87ef4796a85",
  "run_metadata": {
    "bug_id": 2,
    "description_level": null,
    "input_source": "user",
    "runtime": "api"
  },
  "started_at": "2026-05-06T04:05:04.051885+00:00",
  "ended_at": "2026-05-06T04:06:22.239101+00:00",
  "total_wall_clock_seconds": 78.187216,
  "total_turn_processing_seconds": 46.9504,
  "total_conversation_turns": 2,
  "token_consumption": {
    "input_tokens": 124255,
    "output_tokens": 3112,
    "total_tokens": 127367,
    "llm_calls": 8,
    "llm_calls_with_usage": 8,
    "llm_calls_missing_usage": 0
  }
}
