{
  "turn": 1,
  "actions": [
    {
      "entity": "user",
      "action_name": "user_description",
      "output": {
        "messages": {
          "content": "Clicking the Parent Categories tab results in a blank page, but the Parent Categories of the current category should be displayed.",
          "additional_kwargs": {},
          "response_metadata": {},
          "type": "human",
          "name": null,
          "id": "fe469dd1-cf31-4d1f-b948-00e6114b58f5"
        }
      },
      "meta_data": {
        "latency": "1.3125000805302989e-05 s",
        "node_token_consumption": null
      }
    },
    {
      "entity": "bot",
      "action_name": "information_element_extraction",
      "output": {
        "information_element_extraction": {
          "triggering_screen_reference": {
            "value": "the Parent Categories tab",
            "evidence": [
              "Clicking the Parent Categories tab"
            ]
          },
          "triggering_GUI_interactions": {
            "value": "Clicking the Parent Categories tab",
            "evidence": [
              "Clicking the Parent Categories tab"
            ]
          },
          "buggy_behavior": {
            "value": "results in a blank page",
            "evidence": [
              "results in a blank page"
            ]
          },
          "correct_behavior": {
            "value": "the Parent Categories of the current category should be displayed",
            "evidence": [
              "the Parent Categories of the current category should be displayed"
            ]
          },
          "steps_to_reproduce": null
        }
      },
      "meta_data": {
        "latency": "2.2102323749995776 s",
        "node_token_consumption": {
          "input_tokens": 900,
          "output_tokens": 118,
          "total_tokens": 1018,
          "llm_calls": 1,
          "llm_calls_with_usage": 1,
          "llm_calls_missing_usage": 0
        }
      }
    },
    {
      "entity": "bot",
      "action_name": "clarity_check",
      "output": {
        "clarity_route": "continue",
        "clarity_issues": []
      },
      "meta_data": {
        "latency": "1.016530208000404 s",
        "node_token_consumption": {
          "input_tokens": 488,
          "output_tokens": 21,
          "total_tokens": 509,
          "llm_calls": 1,
          "llm_calls_with_usage": 1,
          "llm_calls_missing_usage": 0
        }
      }
    },
    {
      "entity": "bot",
      "action_name": "extract_and_update",
      "output": {
        "BugInfo": {
          "triggering_screen_reference": {
            "status": "inferred",
            "candidates": [
              {
                "value": "602a7968c560523c8680b370923e9002a6519817d8779fbe90b8e942efbb9173",
                "evidence": "User says the bug happens when clicking 'the Parent Categories tab'. In the graph, screen 602a7968c560523c8680b370923e9002a6519817d8779fbe90b8e942efbb9173 is the CategoryDetails screen where the MEDIA tab is active and a 'PARENT CATEGORIES' tab is visible and clickable via transition 31951cb9f29b46f435d8f75ccd1b6f6cc6ead9febe61faa81dad6e547e91a68f."
              }
            ]
          },
          "triggering_GUI_interactions": [
            {
              "status": "confirmed",
              "candidates": [
                {
                  "value": "31951cb9f29b46f435d8f75ccd1b6f6cc6ead9febe61faa81dad6e547e91a68f",
                  "evidence": "Extracted interaction is exactly 'Clicking the Parent Categories tab'. Transition 31951cb9f29b46f435d8f75ccd1b6f6cc6ead9febe61faa81dad6e547e91a68f is a click on text 'PARENT CATEGORIES' from the category details screen."
                }
              ]
            }
          ],
          "buggy_behavior": {
            "status": "confirmed",
            "candidates": [
              {
                "value": "results in a blank page",
                "evidence": "User explicitly reports that clicking the Parent Categories tab 'results in a blank page'."
              }
            ]
          },
          "correct_behavior": {
            "status": "confirmed",
            "candidates": [
              {
                "value": "the Parent Categories of the current category should be displayed",
                "evidence": "User explicitly states that 'the Parent Categories of the current category should be displayed'."
              }
            ]
          },
          "steps_to_reproduce": [
            {
              "status": "inferred",
              "candidates": [
                {
                  "value": "8e8c7133a537849ea1f09bcc2625161404e90d5f93d33e01c0e90230c92a5a7a",
                  "evidence": "Steps to reproduce must start with opening the app; this is the graph's open app transition."
                }
              ]
            },
            {
              "status": "inferred",
              "candidates": [
                {
                  "value": "b3d177434c01973aefd635e9b2c077d1ba46bf4e2a80da4ed89474511160b63d",
                  "evidence": "To proceed through onboarding from app launch, the graph shows swiping left from the first welcome screen."
                }
              ]
            },
            {
              "status": "inferred",
              "candidates": [
                {
                  "value": "e0f12adac56be76acb79d37d0e90aa329ca9de72ca3481f451a5311f141027c4",
                  "evidence": "Continue onboarding by swiping left on the second welcome screen."
                }
              ]
            },
            {
              "status": "inferred",
              "candidates": [
                {
                  "value": "8816181fdd2f34a86b06a3bc7208d741eee74c5da62d980f09630d2cf47f6df1",
                  "evidence": "Continue onboarding by swiping left on the third welcome screen."
                }
              ]
            },
            {
              "status": "inferred",
              "candidates": [
                {
                  "value": "b71f779a1f0963d53f1859ce1784a17f4a319592a660124b62c8f18a53cf46e8",
                  "evidence": "Continue onboarding by swiping left to the final welcome screen."
                }
              ]
            },
            {
              "status": "inferred",
              "candidates": [
                {
                  "value": "9637973e88b508b265333dbf56463d16981017c2c09b4c69c5b9902e347d39e5",
                  "evidence": "Finish onboarding by clicking the 'YES!' button."
                }
              ]
            },
            {
              "status": "inferred",
              "candidates": [
                {
                  "value": "738b1be7acd4234c8f3960ed0b484e5f36707addded2ececa123a90c9fc1a1a6",
                  "evidence": "From the Bookmarks screen, open the navigation drawer using the toolbar Open button."
                }
              ]
            },
            {
              "status": "inferred",
              "candidates": [
                {
                  "value": "863b062d36cf4d96b243d1072ccaeab8367b05f9eb8d32b048e37b1b1fdf9c4e",
                  "evidence": "In the navigation drawer, select 'Log in' to reach the login screen."
                }
              ]
            },
            {
              "status": "inferred",
              "candidates": [
                {
                  "value": "bb009cd969fdfffc3f5842081f292334289f80d5b8fc399d1fce7ec4972173c4",
                  "evidence": "On the login screen, click 'Skip'."
                }
              ]
            },
            {
              "status": "inferred",
              "candidates": [
                {
                  "value": "a15358162dfdc9d6068f688c1a95276f63e1788b93f9311047afa58f7e695b0b",
                  "evidence": "Confirm skipping login by clicking 'YES', which leads to the Explore screen."
                }
              ]
            },
            {
              "status": "inferred",
              "candidates": [
                {
                  "value": "8a5e9e75126660d60392ee6c2946d0f28be30676865462118ea818c1459fda98",
                  "evidence": "From the initial Explore grid, swipe up to reach the Explore grid state that exposes selectable media items and the path used in the graph toward category details."
                }
              ]
            },
            {
              "status": "inferred",
              "candidates": [
                {
                  "value": "eeb2dcc5b038a5365fc5e3968862c3ae476f8c007955b49e9585b8a8b05bc0c1",
                  "evidence": "Select an Explore media item from the grid."
                }
              ]
            },
            {
              "status": "inferred",
              "candidates": [
                {
                  "value": "d84994fbe18eaf7d76f1dfe454496f07db5e6a0c2213452558c14661322567ac",
                  "evidence": "Swipe up in the media details to reach the section containing category links."
                }
              ]
            },
            {
              "status": "inferred",
              "candidates": [
                {
                  "value": "44efd4db46c1a856f86f5f10423f5a596b37a4499b0d7f8dbc4036eba4edddf7",
                  "evidence": "Swipe up again to reveal the specific category entry used in the graph path."
                }
              ]
            },
            {
              "status": "inferred",
              "candidates": [
                {
                  "value": "f855240a7c5488e1a1fd483c6fec3b99757ca2940f7ceba50517a42c5e6211dc",
                  "evidence": "Click the category link 'Focus stacking images of insects' to open its category details screen."
                }
              ]
            },
            {
              "status": "confirmed",
              "candidates": [
                {
                  "value": "31951cb9f29b46f435d8f75ccd1b6f6cc6ead9febe61faa81dad6e547e91a68f",
                  "evidence": "Final triggering step is exactly the user-reported interaction: clicking the 'Parent Categories' tab."
                }
              ]
            }
          ]
        },
        "information_element_extraction": {
          "triggering_screen_reference": null,
          "triggering_GUI_interactions": null,
          "buggy_behavior": null,
          "correct_behavior": null,
          "steps_to_reproduce": null
        },
        "clarification_window_start_idx": 1
      },
      "meta_data": {
        "latency": "18.950165833000028 s",
        "node_token_consumption": {
          "input_tokens": 22084,
          "output_tokens": 1537,
          "total_tokens": 23621,
          "llm_calls": 1,
          "llm_calls_with_usage": 1,
          "llm_calls_missing_usage": 0
        }
      }
    },
    {
      "entity": "bot",
      "action_name": "evaluate",
      "output": {
        "unknown_and_low_confidence_info": []
      },
      "meta_data": {
        "latency": "3.80000001314329e-05 s",
        "node_token_consumption": null
      }
    },
    {
      "entity": "user",
      "action_name": "generate_report",
      "output": {
        "full_report": {
          "title": "Tapping the Parent Categories tab on a category details screen opens a blank page",
          "observed_behavior": "On the Category Details screen, if the user taps the PARENT CATEGORIES tab, the app results in a blank page.",
          "expected_behavior": "The Parent Categories of the current category should be displayed.",
          "steps_to_reproduce": "1. Open the app. <8e8c7133a537849ea1f09bcc2625161404e90d5f93d33e01c0e90230c92a5a7a>\n2. Swipe left on the first welcome screen. <b3d177434c01973aefd635e9b2c077d1ba46bf4e2a80da4ed89474511160b63d>\n3. Swipe left on the second welcome screen. <e0f12adac56be76acb79d37d0e90aa329ca9de72ca3481f451a5311f141027c4>\n4. Swipe left on the third welcome screen. <8816181fdd2f34a86b06a3bc7208d741eee74c5da62d980f09630d2cf47f6df1>\n5. Swipe left to the final welcome screen. <b71f779a1f0963d53f1859ce1784a17f4a319592a660124b62c8f18a53cf46e8>\n6. Tap the YES! button to finish onboarding. <9637973e88b508b265333dbf56463d16981017c2c09b4c69c5b9902e347d39e5>\n7. Open the navigation drawer from the Bookmarks screen. <738b1be7acd4234c8f3960ed0b484e5f36707addded2ececa123a90c9fc1a1a6>\n8. Tap Log in in the navigation drawer. <863b062d36cf4d96b243d1072ccaeab8367b05f9eb8d32b048e37b1b1fdf9c4e>\n9. Tap Skip on the login screen. <bb009cd969fdfffc3f5842081f292334289f80d5b8fc399d1fce7ec4972173c4>\n10. Confirm skipping login by tapping YES. <a15358162dfdc9d6068f688c1a95276f63e1788b93f9311047afa58f7e695b0b>\n11. Swipe up on the Explore screen. <8a5e9e75126660d60392ee6c2946d0f28be30676865462118ea818c1459fda98>\n12. Select a media item from the Explore grid. <eeb2dcc5b038a5365fc5e3968862c3ae476f8c007955b49e9585b8a8b05bc0c1>\n13. Swipe up on the media details screen to reach the categories section. <d84994fbe18eaf7d76f1dfe454496f07db5e6a0c2213452558c14661322567ac>\n14. Swipe up again to reveal the category entry. <44efd4db46c1a856f86f5f10423f5a596b37a4499b0d7f8dbc4036eba4edddf7>\n15. Tap the category link \"Focus stacking images of insects\". <f855240a7c5488e1a1fd483c6fec3b99757ca2940f7ceba50517a42c5e6211dc>\n16. Tap the PARENT CATEGORIES tab. <31951cb9f29b46f435d8f75ccd1b6f6cc6ead9febe61faa81dad6e547e91a68f>"
        }
      },
      "meta_data": {
        "latency": "14.738322208000682 s",
        "node_token_consumption": {
          "input_tokens": 18981,
          "output_tokens": 896,
          "total_tokens": 19877,
          "llm_calls": 1,
          "llm_calls_with_usage": 1,
          "llm_calls_missing_usage": 0
        }
      }
    }
  ]
}
{
  "record_type": "conversation_summary",
  "conversation_id": "135",
  "started_at": "2026-04-08T14:57:45.634257+00:00",
  "ended_at": "2026-04-08T14:58:22.552774+00:00",
  "total_latency_seconds": 36.92029004199958,
  "total_conversation_turns": 1,
  "token_consumption": {
    "input_tokens": 42453,
    "output_tokens": 2572,
    "total_tokens": 45025,
    "llm_calls": 4,
    "llm_calls_with_usage": 4,
    "llm_calls_missing_usage": 0
  }
}
