{
  "turn": 1,
  "actions": [
    {
      "entity": "user",
      "action_name": "user_description",
      "output": {
        "messages": {
          "content": "On the FTP server screen, stopping it and closing the app makes the server restart, even though it should stay stopped.",
          "additional_kwargs": {},
          "response_metadata": {},
          "type": "human",
          "name": null,
          "id": "c93753fb-5d39-488b-a090-c663b5d497cc"
        }
      },
      "meta_data": {
        "latency": "1.7875000594358426e-05 s",
        "node_token_consumption": null
      }
    },
    {
      "entity": "bot",
      "action_name": "information_element_extraction",
      "output": {
        "information_element_extraction": {
          "triggering_screen_reference": {
            "value": "the FTP server screen",
            "evidence": [
              "On the FTP server screen"
            ]
          },
          "triggering_GUI_interactions": {
            "value": "stopping it and closing the app",
            "evidence": [
              "stopping it and closing the app"
            ]
          },
          "buggy_behavior": {
            "value": "the server restart",
            "evidence": [
              "makes the server restart"
            ]
          },
          "correct_behavior": {
            "value": "it should stay stopped",
            "evidence": [
              "it should stay stopped"
            ]
          },
          "steps_to_reproduce": null
        }
      },
      "meta_data": {
        "latency": "2.2827280829997108 s",
        "node_token_consumption": {
          "input_tokens": 901,
          "output_tokens": 104,
          "total_tokens": 1005,
          "llm_calls": 1,
          "llm_calls_with_usage": 1,
          "llm_calls_missing_usage": 0
        }
      }
    },
    {
      "entity": "bot",
      "action_name": "clarity_check",
      "output": {
        "clarity_route": "needs_clarification",
        "clarity_issues": [
          "Triggering Gui Interactions: 'stopping it' is unresolved",
          "Buggy Behavior: 'the server restart' does not clearly specify which server restarts",
          "Correct Behavior: 'it should stay stopped' is unresolved"
        ]
      },
      "meta_data": {
        "latency": "1.4734580829999686 s",
        "node_token_consumption": {
          "input_tokens": 475,
          "output_tokens": 68,
          "total_tokens": 543,
          "llm_calls": 1,
          "llm_calls_with_usage": 1,
          "llm_calls_missing_usage": 0
        }
      }
    },
    {
      "entity": "bot",
      "action_name": "clarity_follow_up",
      "output": {
        "active_follow_up": {
          "kind": "clarity",
          "question": "On the FTP server screen, when you say \"stopping it,\" do you mean stopping the FTP server? And after closing the app, is the bug that the FTP server restarts automatically, when it should remain stopped?",
          "target_info_elements": []
        },
        "clarification_rounds": 1
      },
      "meta_data": {
        "latency": "1.7810784589992181 s",
        "node_token_consumption": {
          "input_tokens": 367,
          "output_tokens": 61,
          "total_tokens": 428,
          "llm_calls": 1,
          "llm_calls_with_usage": 1,
          "llm_calls_missing_usage": 0
        }
      }
    }
  ]
}
{
  "turn": 2,
  "actions": [
    {
      "entity": "user",
      "action_name": "user_description",
      "output": {
        "messages": {
          "content": "Yes, I mean stopping the FTP server and the bug is that the FTP server restarts automatically, when it should remain stopped.",
          "additional_kwargs": {},
          "response_metadata": {},
          "type": "human",
          "name": null,
          "id": "a12550d5-c70f-497c-8604-4d5c3befb9a2"
        }
      },
      "meta_data": {
        "latency": "1.00840006780345e-05 s",
        "node_token_consumption": null
      }
    },
    {
      "entity": "bot",
      "action_name": "information_element_extraction",
      "output": {
        "information_element_extraction": {
          "triggering_screen_reference": {
            "value": "On the FTP server screen",
            "evidence": [
              "On the FTP server screen, stopping it and closing the app makes the server restart, even though it should stay stopped."
            ]
          },
          "triggering_GUI_interactions": {
            "value": "stopping the FTP server and closing the app",
            "evidence": [
              "stopping it and closing the app makes the server restart",
              "Yes, I mean stopping the FTP server"
            ]
          },
          "buggy_behavior": {
            "value": "the FTP server restarts automatically after stopping it and closing the app",
            "evidence": [
              "makes the server restart",
              "the bug is that the FTP server restarts automatically"
            ]
          },
          "correct_behavior": {
            "value": "the FTP server should stay stopped / remain stopped",
            "evidence": [
              "even though it should stay stopped",
              "when it should remain stopped"
            ]
          },
          "steps_to_reproduce": null
        }
      },
      "meta_data": {
        "latency": "2.85801229199933 s",
        "node_token_consumption": {
          "input_tokens": 979,
          "output_tokens": 173,
          "total_tokens": 1152,
          "llm_calls": 1,
          "llm_calls_with_usage": 1,
          "llm_calls_missing_usage": 0
        }
      }
    },
    {
      "entity": "bot",
      "action_name": "clarity_check",
      "output": {
        "clarity_route": "continue",
        "clarity_issues": []
      },
      "meta_data": {
        "latency": "1.085925500000485 s",
        "node_token_consumption": {
          "input_tokens": 549,
          "output_tokens": 21,
          "total_tokens": 570,
          "llm_calls": 1,
          "llm_calls_with_usage": 1,
          "llm_calls_missing_usage": 0
        }
      }
    },
    {
      "entity": "bot",
      "action_name": "extract_and_update",
      "output": {
        "BugInfo": {
          "triggering_screen_reference": {
            "status": "confirmed",
            "candidates": [
              {
                "value": "a0ae2c21a12bc864024f18b7af900668f54e251f7fd5fc6e49da5bf1f8c6a013",
                "evidence": "User said: 'On the FTP server screen'. This directly matches screen a0ae2c21a12bc864024f18b7af900668f54e251f7fd5fc6e49da5bf1f8c6a013 (FtpServerActivity(Window=Main))."
              }
            ]
          },
          "triggering_GUI_interactions": [
            {
              "status": "inferred",
              "candidates": [
                {
                  "value": "8453ee6186ad267c55c0f443ad2d1644911453cf4f005a06837b415345db6be5",
                  "evidence": "User said 'stopping the FTP server'. On the FTP server screen, transition 8453ee6186ad267c55c0f443ad2d1644911453cf4f005a06837b415345db6be5 clicks the status switch when it is ON, which is the graph-supported action that stops the server."
                }
              ]
            },
            {
              "status": "inferred",
              "candidates": [
                {
                  "value": "944abf1e97748f2436418aea5aa65a35e80ea307f807f0264ae85d2c80188e7c",
                  "evidence": "User said 'closing the app'. From the FTP server screen, transition 944abf1e97748f2436418aea5aa65a35e80ea307f807f0264ae85d2c80188e7c uses the system back control to leave the app to Recents, which is the closest graph-supported closing action from the triggering screen."
                }
              ]
            }
          ],
          "buggy_behavior": {
            "status": "confirmed",
            "candidates": [
              {
                "value": "the FTP server restarts automatically after stopping it and closing the app",
                "evidence": "User said: 'stopping it and closing the app makes the server restart' and 'the bug is that the FTP server restarts automatically'."
              }
            ]
          },
          "correct_behavior": {
            "status": "confirmed",
            "candidates": [
              {
                "value": "the FTP server should stay stopped after stopping it and closing the app",
                "evidence": "User said: 'even though it should stay stopped' and 'when it should remain stopped'."
              }
            ]
          },
          "steps_to_reproduce": [
            {
              "status": "confirmed",
              "candidates": [
                {
                  "value": "aa09f6aef3409759f67d672c9efcbd64d8f3b0ee61cf3e8d197f0539e34430d2",
                  "evidence": "Open app."
                }
              ]
            },
            {
              "status": "confirmed",
              "candidates": [
                {
                  "value": "9253ef287211a96261d15d2522d1499f880b411f5e49851b98bae34f3403ab9d",
                  "evidence": "Grant storage permission via Allow to reach the main Files screen."
                }
              ]
            },
            {
              "status": "inferred",
              "candidates": [
                {
                  "value": "3abd760d81519f7d0b2fe5daa74c918b40f9496bef2bf776dd7b0d8e95a47b49",
                  "evidence": "From the main Files screen, open the navigation drawer to access FTP server, which is required to reach the user-stated triggering screen."
                }
              ]
            },
            {
              "status": "inferred",
              "candidates": [
                {
                  "value": "ed4ddd149d2da1bda9c6a957048313602988bce3f183bd199efeacece662aeec",
                  "evidence": "From the navigation drawer, select 'FTP server' to reach the triggering screen mentioned by the user."
                }
              ]
            },
            {
              "status": "inferred",
              "candidates": [
                {
                  "value": "8453ee6186ad267c55c0f443ad2d1644911453cf4f005a06837b415345db6be5",
                  "evidence": "User explicitly said the trigger includes 'stopping the FTP server'; on the FTP server screen this corresponds to toggling the ON switch to stop it."
                }
              ]
            },
            {
              "status": "inferred",
              "candidates": [
                {
                  "value": "944abf1e97748f2436418aea5aa65a35e80ea307f807f0264ae85d2c80188e7c",
                  "evidence": "User explicitly said the trigger includes 'closing the app'; from the FTP server screen this is best matched by pressing back to leave the app view."
                }
              ]
            }
          ]
        },
        "information_element_extraction": {
          "triggering_screen_reference": null,
          "triggering_GUI_interactions": null,
          "buggy_behavior": null,
          "correct_behavior": null,
          "steps_to_reproduce": null
        },
        "clarification_window_start_idx": 2
      },
      "meta_data": {
        "latency": "12.49710179199974 s",
        "node_token_consumption": {
          "input_tokens": 47868,
          "output_tokens": 955,
          "total_tokens": 48823,
          "llm_calls": 1,
          "llm_calls_with_usage": 1,
          "llm_calls_missing_usage": 0
        }
      }
    },
    {
      "entity": "bot",
      "action_name": "evaluate",
      "output": {
        "unknown_and_low_confidence_info": []
      },
      "meta_data": {
        "latency": "3.7166999391047284e-05 s",
        "node_token_consumption": null
      }
    },
    {
      "entity": "user",
      "action_name": "generate_report",
      "output": {
        "full_report": {
          "title": "FTP server restarts automatically after being stopped and the app is closed",
          "observed_behavior": "On the FTP server screen, if the user turns off the FTP server switch and then closes the app, the FTP server restarts automatically after stopping it and closing the app.",
          "expected_behavior": "The FTP server should stay stopped after stopping it and closing the app.",
          "steps_to_reproduce": "1. Open the app. <aa09f6aef3409759f67d672c9efcbd64d8f3b0ee61cf3e8d197f0539e34430d2>\n2. Grant the storage permission by tapping Allow. <9253ef287211a96261d15d2522d1499f880b411f5e49851b98bae34f3403ab9d>\n3. Open the navigation drawer from the main Files screen. <3abd760d81519f7d0b2fe5daa74c918b40f9496bef2bf776dd7b0d8e95a47b49>\n4. Select FTP server from the navigation drawer. <ed4ddd149d2da1bda9c6a957048313602988bce3f183bd199efeacece662aeec>\n5. On the FTP server screen, tap the ON switch to stop the FTP server. <8453ee6186ad267c55c0f443ad2d1644911453cf4f005a06837b415345db6be5>\n6. Close the app by pressing Back from the FTP server screen. <944abf1e97748f2436418aea5aa65a35e80ea307f807f0264ae85d2c80188e7c>"
        }
      },
      "meta_data": {
        "latency": "5.731878707999385 s",
        "node_token_consumption": {
          "input_tokens": 39770,
          "output_tokens": 391,
          "total_tokens": 40161,
          "llm_calls": 1,
          "llm_calls_with_usage": 1,
          "llm_calls_missing_usage": 0
        }
      }
    }
  ]
}
{
  "record_type": "conversation_summary",
  "conversation_id": "10",
  "started_at": "2026-04-08T14:55:56.626671+00:00",
  "ended_at": "2026-04-08T14:57:10.566439+00:00",
  "total_latency_seconds": 73.94329662500058,
  "total_conversation_turns": 2,
  "token_consumption": {
    "input_tokens": 90909,
    "output_tokens": 1773,
    "total_tokens": 92682,
    "llm_calls": 7,
    "llm_calls_with_usage": 7,
    "llm_calls_missing_usage": 0
  }
}
