{
  "turn": 1,
  "actions": [
    {
      "entity": "user",
      "action_name": "user_description",
      "output": {
        "messages": {
          "content": "On Display of Incomes by Articles pop-up of the Reports screen changing the report appearance from 'view values' to 'use percent values' causes the application to crash, but the appearance of the report should be changed to 'use percent values'. I took these steps: Open the app, tap Allow, select Report, choose Incomes By Articles or Expenses By Articles, tap View, check 'view values', check 'use percent values', and tap OK.",
          "additional_kwargs": {},
          "response_metadata": {},
          "type": "human",
          "name": null,
          "id": "a1f47a27-f185-4d6b-9b35-989522de8eb9"
        }
      },
      "meta_data": {
        "latency": "1.2290999620745424e-05 s",
        "node_token_consumption": null
      }
    },
    {
      "entity": "bot",
      "action_name": "information_element_extraction",
      "output": {
        "information_element_extraction": {
          "triggering_screen_reference": {
            "value": "Display of Incomes by Articles pop-up of the Reports screen",
            "evidence": [
              "On Display of Incomes by Articles pop-up of the Reports screen"
            ]
          },
          "triggering_GUI_interactions": {
            "value": "changing the report appearance from 'view values' to 'use percent values'",
            "evidence": [
              "changing the report appearance from 'view values' to 'use percent values'",
              "check 'view values', check 'use percent values', and tap OK"
            ]
          },
          "buggy_behavior": {
            "value": "the application crashes",
            "evidence": [
              "causes the application to crash"
            ]
          },
          "correct_behavior": {
            "value": "the appearance of the report should be changed to 'use percent values'",
            "evidence": [
              "the appearance of the report should be changed to 'use percent values'"
            ]
          },
          "steps_to_reproduce": {
            "value": "Open the app, tap Allow, select Report, choose Incomes By Articles or Expenses By Articles, tap View, check 'view values', check 'use percent values', and tap OK.",
            "evidence": [
              "I took these steps: Open the app, tap Allow, select Report, choose Incomes By Articles or Expenses By Articles, tap View, check 'view values', check 'use percent values', and tap OK."
            ]
          }
        }
      },
      "meta_data": {
        "latency": "3.3186927920005473 s",
        "node_token_consumption": {
          "input_tokens": 969,
          "output_tokens": 259,
          "total_tokens": 1228,
          "llm_calls": 1,
          "llm_calls_with_usage": 1,
          "llm_calls_missing_usage": 0
        }
      }
    },
    {
      "entity": "bot",
      "action_name": "clarity_check",
      "output": {
        "clarity_route": "continue",
        "clarity_issues": []
      },
      "meta_data": {
        "latency": "1.0140817499996047 s",
        "node_token_consumption": {
          "input_tokens": 638,
          "output_tokens": 21,
          "total_tokens": 659,
          "llm_calls": 1,
          "llm_calls_with_usage": 1,
          "llm_calls_missing_usage": 0
        }
      }
    },
    {
      "entity": "bot",
      "action_name": "extract_and_update",
      "output": {
        "BugInfo": {
          "triggering_screen_reference": {
            "status": "confirmed",
            "candidates": [
              {
                "value": "f189f23124c6c372973bbff27e30b7107f27022f74836d7085daf2817f565790",
                "evidence": "User said the bug occurs on the 'Display of Incomes by Articles pop-up of the Reports screen'. In the graph, screen f189f23124c6c372973bbff27e30b7107f27022f74836d7085daf2817f565790 is 'ChartActivity(Window=Main): This dialog is titled Display of Incomes by Articles'."
              }
            ]
          },
          "triggering_GUI_interactions": [
            {
              "status": "confirmed",
              "candidates": [
                {
                  "value": "dc01c666d81db01f9ceb751ff256033bcc27f75ab0951ef2f9eff49e39233d64",
                  "evidence": "User explicitly said to \"check 'view values'\". Transition dc01c666d81db01f9ceb751ff256033bcc27f75ab0951ef2f9eff49e39233d64 is clicking the 'View values' checkbox on the Display of Incomes by Articles dialog."
                }
              ]
            },
            {
              "status": "confirmed",
              "candidates": [
                {
                  "value": "c3292f1abb084883da9f0bf06776dd33343b186505d53bedfbb8b83717e4b319",
                  "evidence": "User explicitly said to \"check 'use percent values'\" and described changing appearance from 'view values' to 'use percent values'. Transition c3292f1abb084883da9f0bf06776dd33343b186505d53bedfbb8b83717e4b319 is clicking the 'Use percent values' checkbox on the same dialog."
                }
              ]
            },
            {
              "status": "confirmed",
              "candidates": [
                {
                  "value": "26c0ae2d76021672cf80c07928394773aec07f5be831f91ab09b5f7c2392b6aa",
                  "evidence": "User explicitly said to tap OK after selecting the options. Transition 26c0ae2d76021672cf80c07928394773aec07f5be831f91ab09b5f7c2392b6aa is tapping OK on the Display of Incomes by Articles dialog, which leads to the crash dialog."
                }
              ]
            }
          ],
          "buggy_behavior": {
            "status": "confirmed",
            "candidates": [
              {
                "value": "the application crashes",
                "evidence": "User explicitly reported that the action 'causes the application to crash'."
              }
            ]
          },
          "correct_behavior": {
            "status": "confirmed",
            "candidates": [
              {
                "value": "the appearance of the report should be changed to 'use percent values'",
                "evidence": "User explicitly said 'the appearance of the report should be changed to 'use percent values''."
              }
            ]
          },
          "steps_to_reproduce": [
            {
              "status": "confirmed",
              "candidates": [
                {
                  "value": "fa8baa4de2d1015dd5da60a38bcc25a725e918d25bafb6b4b8bafe8f727ccfcf",
                  "evidence": "User said 'Open the app'. This open-app transition leads to the permission dialog shown in the user-described flow."
                }
              ]
            },
            {
              "status": "confirmed",
              "candidates": [
                {
                  "value": "8407e328c4a9d75304cf3edee19af6616ae654caca4e79229e0df0c827909816",
                  "evidence": "User said 'tap Allow'. Transition 8407e328c4a9d75304cf3edee19af6616ae654caca4e79229e0df0c827909816 is tapping Allow on the SMS permission dialog."
                }
              ]
            },
            {
              "status": "confirmed",
              "candidates": [
                {
                  "value": "9a4f389ec16dc06bc51519fd35159ab49c667d2cae3e0323df9bf08cd98bda88",
                  "evidence": "User said 'select Report'. Transition 9a4f389ec16dc06bc51519fd35159ab49c667d2cae3e0323df9bf08cd98bda88 opens the Reports screen from the dashboard."
                }
              ]
            },
            {
              "status": "confirmed",
              "candidates": [
                {
                  "value": "2965c3b4debc48c038e78f98002ad0883abcdd8571e00c1287e80981331ef5b4",
                  "evidence": "User said 'choose Incomes By Articles or Expenses By Articles'. Since the bug is specifically on 'Display of Incomes by Articles', the best-supported path is selecting the 'Incomes by Articles' tab. Transition 2965c3b4debc48c038e78f98002ad0883abcdd8571e00c1287e80981331ef5b4 is clicking the 'Incomes by Articles' tab from Reports."
                }
              ]
            },
            {
              "status": "confirmed",
              "candidates": [
                {
                  "value": "c7c181b4d07f85b6731edefa0c51eca8637b088e992c8d07e2349379db3cd413",
                  "evidence": "User said 'tap View' on the Reports screen. The matching graph action is the Display action on the Incomes by Articles report screen. Transition c7c181b4d07f85b6731edefa0c51eca8637b088e992c8d07e2349379db3cd413 opens the 'Display of Incomes by Articles' dialog."
                }
              ]
            },
            {
              "status": "confirmed",
              "candidates": [
                {
                  "value": "dc01c666d81db01f9ceb751ff256033bcc27f75ab0951ef2f9eff49e39233d64",
                  "evidence": "User said to 'check view values'. This transition clicks the 'View values' checkbox."
                }
              ]
            },
            {
              "status": "confirmed",
              "candidates": [
                {
                  "value": "c3292f1abb084883da9f0bf06776dd33343b186505d53bedfbb8b83717e4b319",
                  "evidence": "User said to 'check use percent values'. This transition clicks the 'Use percent values' checkbox."
                }
              ]
            },
            {
              "status": "confirmed",
              "candidates": [
                {
                  "value": "26c0ae2d76021672cf80c07928394773aec07f5be831f91ab09b5f7c2392b6aa",
                  "evidence": "User said to 'tap OK'. This transition taps OK on the dialog and reproduces the crash."
                }
              ]
            }
          ]
        },
        "information_element_extraction": {
          "triggering_screen_reference": null,
          "triggering_GUI_interactions": null,
          "buggy_behavior": null,
          "correct_behavior": null,
          "steps_to_reproduce": null
        },
        "clarification_window_start_idx": 1
      },
      "meta_data": {
        "latency": "16.997529583999494 s",
        "node_token_consumption": {
          "input_tokens": 30875,
          "output_tokens": 1378,
          "total_tokens": 32253,
          "llm_calls": 1,
          "llm_calls_with_usage": 1,
          "llm_calls_missing_usage": 0
        }
      }
    },
    {
      "entity": "bot",
      "action_name": "evaluate",
      "output": {
        "unknown_and_low_confidence_info": []
      },
      "meta_data": {
        "latency": "3.520900008879835e-05 s",
        "node_token_consumption": null
      }
    },
    {
      "entity": "user",
      "action_name": "generate_report",
      "output": {
        "full_report": {
          "title": "App crashes when applying both View values and Use percent values in the Incomes by Articles report display dialog",
          "observed_behavior": "On the Display of Incomes by Articles dialog of the Reports screen, if the user checks View values, checks Use percent values, and taps OK, the application crashes.",
          "expected_behavior": "The appearance of the report should be changed to use percent values.",
          "steps_to_reproduce": "1. Open the app. <fa8baa4de2d1015dd5da60a38bcc25a725e918d25bafb6b4b8bafe8f727ccfcf>\n2. Tap Allow on the SMS permission dialog. <8407e328c4a9d75304cf3edee19af6616ae654caca4e79229e0df0c827909816>\n3. Tap Reports from the main screen. <9a4f389ec16dc06bc51519fd35159ab49c667d2cae3e0323df9bf08cd98bda88>\n4. Select the Incomes by Articles tab. <2965c3b4debc48c038e78f98002ad0883abcdd8571e00c1287e80981331ef5b4>\n5. Tap Display to open the Display of Incomes by Articles dialog. <c7c181b4d07f85b6731edefa0c51eca8637b088e992c8d07e2349379db3cd413>\n6. Check the View values option. <dc01c666d81db01f9ceb751ff256033bcc27f75ab0951ef2f9eff49e39233d64>\n7. Check the Use percent values option. <c3292f1abb084883da9f0bf06776dd33343b186505d53bedfbb8b83717e4b319>\n8. Tap OK. <26c0ae2d76021672cf80c07928394773aec07f5be831f91ab09b5f7c2392b6aa>"
        }
      },
      "meta_data": {
        "latency": "6.449894041999869 s",
        "node_token_consumption": {
          "input_tokens": 27444,
          "output_tokens": 472,
          "total_tokens": 27916,
          "llm_calls": 1,
          "llm_calls_with_usage": 1,
          "llm_calls_missing_usage": 0
        }
      }
    }
  ]
}
{
  "record_type": "conversation_summary",
  "conversation_id": "2",
  "started_at": "2026-04-08T14:51:42.763379+00:00",
  "ended_at": "2026-04-08T14:52:10.546450+00:00",
  "total_latency_seconds": 27.784397458999592,
  "total_conversation_turns": 1,
  "token_consumption": {
    "input_tokens": 59926,
    "output_tokens": 2130,
    "total_tokens": 62056,
    "llm_calls": 4,
    "llm_calls_with_usage": 4,
    "llm_calls_missing_usage": 0
  }
}
