{
  "turn": 1,
  "actions": [
    {
      "entity": "user",
      "action_name": "user_description",
      "output": {
        "messages": {
          "content": "Changing the report appearance from 'view values' to 'use percent values' results in the application crashing.",
          "additional_kwargs": {},
          "response_metadata": {},
          "type": "human",
          "name": null,
          "id": "b3b0f901-273b-4332-9609-029d0dae0427"
        }
      },
      "meta_data": {
        "latency": "1.4165999346005265e-05 s",
        "node_token_consumption": null
      }
    },
    {
      "entity": "bot",
      "action_name": "information_element_extraction",
      "output": {
        "information_element_extraction": {
          "triggering_screen_reference": null,
          "triggering_GUI_interactions": {
            "value": "Changing the report appearance from 'view values' to 'use percent values'",
            "evidence": [
              "Changing the report appearance from 'view values' to 'use percent values'"
            ]
          },
          "buggy_behavior": {
            "value": "the application crashing",
            "evidence": [
              "results in the application crashing"
            ]
          },
          "correct_behavior": null,
          "steps_to_reproduce": null
        }
      },
      "meta_data": {
        "latency": "2.220136167000419 s",
        "node_token_consumption": {
          "input_tokens": 898,
          "output_tokens": 92,
          "total_tokens": 990,
          "llm_calls": 1,
          "llm_calls_with_usage": 1,
          "llm_calls_missing_usage": 0
        }
      }
    },
    {
      "entity": "bot",
      "action_name": "clarity_check",
      "output": {
        "clarity_route": "continue",
        "clarity_issues": []
      },
      "meta_data": {
        "latency": "5.178881916999671 s",
        "node_token_consumption": {
          "input_tokens": 447,
          "output_tokens": 21,
          "total_tokens": 468,
          "llm_calls": 1,
          "llm_calls_with_usage": 1,
          "llm_calls_missing_usage": 0
        }
      }
    },
    {
      "entity": "bot",
      "action_name": "extract_and_update",
      "output": {
        "BugInfo": {
          "triggering_screen_reference": {
            "status": "inferred",
            "candidates": [
              {
                "value": "f189f23124c6c372973bbff27e30b7107f27022f74836d7085daf2817f565790",
                "evidence": "The bug occurs when changing report appearance from 'view values' to 'use percent values'. The graph shows both controls 'View values' and 'Use percent values' together on the dialog 'Display of Incomes by Articles', screen f189f23124c6c372973bbff27e30b7107f27022f74836d7085daf2817f565790."
              }
            ]
          },
          "triggering_GUI_interactions": [
            {
              "status": "inferred",
              "candidates": [
                {
                  "value": "c3292f1abb084883da9f0bf06776dd33343b186505d53bedfbb8b83717e4b319",
                  "evidence": "User said changing the report appearance from 'view values' to 'use percent values'. On the display dialog screen, transition c3292f1abb084883da9f0bf06776dd33343b186505d53bedfbb8b83717e4b319 clicks the 'Use percent values' checkbox."
                }
              ]
            }
          ],
          "buggy_behavior": {
            "status": "confirmed",
            "candidates": [
              {
                "value": "the application crashing",
                "evidence": "User explicitly reported that changing the report appearance 'results in the application crashing'."
              }
            ]
          },
          "correct_behavior": {
            "status": "inferred",
            "candidates": [
              {
                "value": "the application should change the report appearance to use percent values without crashing",
                "evidence": "Derived from the reported bug: changing the report appearance from 'view values' to 'use percent values' should update the display setting instead of causing a crash."
              }
            ]
          },
          "steps_to_reproduce": [
            {
              "status": "inferred",
              "candidates": [
                {
                  "value": "24f7aef009bd7a8b145fd2acabd46d79833f775339f82b7248b75b22eb407522",
                  "evidence": "Reproduction must start with opening the app. This open-app transition leads into the initial permission flow."
                }
              ]
            },
            {
              "status": "inferred",
              "candidates": [
                {
                  "value": "2b209a3d55050bc8611e4799d186aac1ed51a780062d43e781082427e0523b10",
                  "evidence": "From the initial SMS permission screen, denying permission leads to the dashboard and is a valid graph-backed path to continue reproduction."
                }
              ]
            },
            {
              "status": "inferred",
              "candidates": [
                {
                  "value": "9a4f389ec16dc06bc51519fd35159ab49c667d2cae3e0323df9bf08cd98bda88",
                  "evidence": "From DashboardActivity, the user must open Reports to reach report appearance settings."
                }
              ]
            },
            {
              "status": "inferred",
              "candidates": [
                {
                  "value": "c010db1badf9deb0564b10c46916ad505c7d1acca0f840fdc12c4867c81990d0",
                  "evidence": "From the Reports screen, opening 'Incomes by Articles' is the graph-backed path to the report whose display dialog is titled 'Display of Incomes by Articles'."
                }
              ]
            },
            {
              "status": "inferred",
              "candidates": [
                {
                  "value": "c7c181b4d07f85b6731edefa0c51eca8637b088e992c8d07e2349379db3cd413",
                  "evidence": "On the 'Incomes by Articles' report screen, tapping 'Display' opens the dialog containing 'View values' and 'Use percent values'."
                }
              ]
            },
            {
              "status": "inferred",
              "candidates": [
                {
                  "value": "c3292f1abb084883da9f0bf06776dd33343b186505d53bedfbb8b83717e4b319",
                  "evidence": "This is the reported triggering interaction: clicking 'Use percent values' on the display dialog."
                }
              ]
            },
            {
              "status": "inferred",
              "candidates": [
                {
                  "value": "26c0ae2d76021672cf80c07928394773aec07f5be831f91ab09b5f7c2392b6aa",
                  "evidence": "To complete the action after changing the display option, the user would confirm the dialog by tapping OK, which leads to the crash dialog in the graph."
                }
              ]
            }
          ]
        },
        "information_element_extraction": {
          "triggering_screen_reference": null,
          "triggering_GUI_interactions": null,
          "buggy_behavior": null,
          "correct_behavior": null,
          "steps_to_reproduce": null
        },
        "clarification_window_start_idx": 1
      },
      "meta_data": {
        "latency": "12.735692582999945 s",
        "node_token_consumption": {
          "input_tokens": 30685,
          "output_tokens": 921,
          "total_tokens": 31606,
          "llm_calls": 1,
          "llm_calls_with_usage": 1,
          "llm_calls_missing_usage": 0
        }
      }
    },
    {
      "entity": "bot",
      "action_name": "evaluate",
      "output": {
        "unknown_and_low_confidence_info": []
      },
      "meta_data": {
        "latency": "3.487499998300336e-05 s",
        "node_token_consumption": null
      }
    },
    {
      "entity": "user",
      "action_name": "generate_report",
      "output": {
        "full_report": {
          "title": "Selecting \"Use percent values\" for the Incomes by Articles report causes the app to crash",
          "observed_behavior": "On the Display of Incomes by Articles dialog, if the user taps the \"Use percent values\" checkbox, the application crashes.",
          "expected_behavior": "The application should change the report appearance to use percent values without crashing.",
          "steps_to_reproduce": "1. Open the app. <24f7aef009bd7a8b145fd2acabd46d79833f775339f82b7248b75b22eb407522>\n2. On the initial permission screen, tap \"DENY\". <2b209a3d55050bc8611e4799d186aac1ed51a780062d43e781082427e0523b10>\n3. On the dashboard, tap \"Reports\". <9a4f389ec16dc06bc51519fd35159ab49c667d2cae3e0323df9bf08cd98bda88>\n4. On the Reports screen, open \"Incomes by Articles\". <c010db1badf9deb0564b10c46916ad505c7d1acca0f840fdc12c4867c81990d0>\n5. On the Incomes by Articles report screen, tap \"Display\". <c7c181b4d07f85b6731edefa0c51eca8637b088e992c8d07e2349379db3cd413>\n6. In the display dialog, tap \"Use percent values\". <c3292f1abb084883da9f0bf06776dd33343b186505d53bedfbb8b83717e4b319>\n7. Tap \"OK\" to confirm the change. <26c0ae2d76021672cf80c07928394773aec07f5be831f91ab09b5f7c2392b6aa>"
        }
      },
      "meta_data": {
        "latency": "6.139131124999949 s",
        "node_token_consumption": {
          "input_tokens": 26958,
          "output_tokens": 438,
          "total_tokens": 27396,
          "llm_calls": 1,
          "llm_calls_with_usage": 1,
          "llm_calls_missing_usage": 0
        }
      }
    }
  ]
}
{
  "record_type": "conversation_summary",
  "conversation_id": "2",
  "started_at": "2026-04-08T14:51:15.699980+00:00",
  "ended_at": "2026-04-08T14:51:41.976886+00:00",
  "total_latency_seconds": 26.278161332999844,
  "total_conversation_turns": 1,
  "token_consumption": {
    "input_tokens": 58988,
    "output_tokens": 1472,
    "total_tokens": 60460,
    "llm_calls": 4,
    "llm_calls_with_usage": 4,
    "llm_calls_missing_usage": 0
  }
}
