{
  "session_id": "c298909c-cecb-48bd-9acb-de2cd4055995",
  "turn": 1,
  "started_at": "2026-06-04T20:26:31.369985+00:00",
  "ended_at": "2026-06-04T20:26:55.644876+00:00",
  "actions": [
    {
      "entity": "user",
      "action_name": "user_description",
      "output": {
        "messages": {
          "content": "app crashes when I tried to add a previous comment to the weight record",
          "additional_kwargs": {},
          "response_metadata": {},
          "type": "human",
          "name": null,
          "id": "e0697f2e-96ba-4fa3-aef7-df192c547475"
        }
      },
      "meta_data": {
        "latency": "4.081800580024719e-05 s",
        "node_token_consumption": null
      }
    },
    {
      "entity": "bot",
      "action_name": "information_element_extraction",
      "output": {
        "information_element_extraction": {
          "triggering_screen_reference": {
            "value": "the weight record",
            "evidence": [
              "the weight record"
            ]
          },
          "triggering_GUI_interactions": {
            "value": "tried to add a previous comment",
            "evidence": [
              "tried to add a previous comment"
            ]
          },
          "buggy_behavior": {
            "value": "app crashes",
            "evidence": [
              "app crashes"
            ]
          },
          "correct_behavior": null,
          "steps_to_reproduce": null
        }
      },
      "meta_data": {
        "latency": "3.262029309058562 s",
        "node_token_consumption": {
          "input_tokens": 891,
          "output_tokens": 84,
          "total_tokens": 975,
          "llm_calls": 1,
          "llm_calls_with_usage": 1,
          "llm_calls_missing_usage": 0
        }
      }
    },
    {
      "entity": "bot",
      "action_name": "clarity_check",
      "output": {
        "clarity_route": "continue",
        "clarity_issues": []
      },
      "meta_data": {
        "latency": "1.38651069579646 s",
        "node_token_consumption": {
          "input_tokens": 460,
          "output_tokens": 21,
          "total_tokens": 481,
          "llm_calls": 1,
          "llm_calls_with_usage": 1,
          "llm_calls_missing_usage": 0
        }
      }
    },
    {
      "entity": "bot",
      "action_name": "extract_and_update",
      "output": {
        "BugInfo": {
          "triggering_screen_reference": {
            "status": "inferred",
            "candidates": [
              {
                "value": "686788283",
                "evidence": "User says the bug happens on 'the weight record'. In the graph, screen 686788283 is the Tracking screen showing recorded weight entries and supports opening the entry action menu from a specific weight record, which matches trying to add a previous comment."
              }
            ]
          },
          "triggering_GUI_interactions": [
            {
              "status": "inferred",
              "candidates": [
                {
                  "value": "1427014792",
                  "evidence": "User said they 'tried to add a previous comment'. From the weight record screen 686788283, long-clicking the BMI/record opens the popup menu with 'Add previous comment' via transition 1427014792."
                }
              ]
            },
            {
              "status": "inferred",
              "candidates": [
                {
                  "value": "1634204121",
                  "evidence": "After opening the weight record popup menu, selecting 'Add previous comment' matches the user's 'tried to add a previous comment' and maps to transition 1634204121 from the menu to PreviousCommentActivity."
                }
              ]
            }
          ],
          "buggy_behavior": {
            "status": "confirmed",
            "candidates": [
              {
                "value": "app crashes",
                "evidence": "User explicitly reported: 'app crashes'."
              }
            ]
          },
          "correct_behavior": {
            "status": "inferred",
            "candidates": [
              {
                "value": "the app should open Add previous comment instead of crashing",
                "evidence": "Given the reported bug 'app crashes' after the user 'tried to add a previous comment', the expected behavior is that the app successfully opens the Add previous comment screen."
              }
            ]
          },
          "steps_to_reproduce": [
            {
              "status": "confirmed",
              "candidates": [
                {
                  "value": "-707067098",
                  "evidence": "App must be opened first; transition -707067098 is the open app action."
                }
              ]
            },
            {
              "status": "inferred",
              "candidates": [
                {
                  "value": "2144902353",
                  "evidence": "To reach a non-empty weight record list like the user's 'weight record', the user plausibly increases the current weight from the initial Tracking screen before saving an entry."
                }
              ]
            },
            {
              "status": "inferred",
              "candidates": [
                {
                  "value": "484374572",
                  "evidence": "A second increase is plausibly needed to match the recorded non-zero weight context shown in the graph before saving the entry."
                }
              ]
            },
            {
              "status": "inferred",
              "candidates": [
                {
                  "value": "-888680512",
                  "evidence": "From the initial Tracking screen, pressing 'Set Current Weight in kg' saves the current weight and leads to a screen with a recorded measurement, enabling interaction with a weight record."
                }
              ]
            },
            {
              "status": "inferred",
              "candidates": [
                {
                  "value": "-449246432",
                  "evidence": "From the Tracking screen with recorded entries, pressing 'Set Current Weight in kg' can lead to the state 686788283 that clearly contains weight records and supports the later previous-comment interaction."
                }
              ]
            },
            {
              "status": "inferred",
              "candidates": [
                {
                  "value": "1427014792",
                  "evidence": "On the weight record screen, long-clicking the record opens the popup menu with 'Add previous comment'."
                }
              ]
            },
            {
              "status": "inferred",
              "candidates": [
                {
                  "value": "1634204121",
                  "evidence": "Selecting 'Add previous comment' is the triggering action the user described."
                }
              ]
            }
          ]
        },
        "information_element_extraction": {
          "triggering_screen_reference": null,
          "triggering_GUI_interactions": null,
          "buggy_behavior": null,
          "correct_behavior": null,
          "steps_to_reproduce": null
        },
        "active_follow_up": null,
        "clarification_window_start_idx": 1
      },
      "meta_data": {
        "latency": "15.126120117958635 s",
        "node_token_consumption": {
          "input_tokens": 9875,
          "output_tokens": 657,
          "total_tokens": 10532,
          "llm_calls": 1,
          "llm_calls_with_usage": 1,
          "llm_calls_missing_usage": 0
        }
      }
    },
    {
      "entity": "bot",
      "action_name": "evaluate",
      "output": {
        "unknown_and_low_confidence_info": []
      },
      "meta_data": {
        "latency": "4.7561945393681526e-05 s",
        "node_token_consumption": null
      }
    },
    {
      "entity": "bot",
      "action_name": "generate_report",
      "output": {
        "full_report": {
          "title": "Selecting \"Add previous comment\" for a weight record crashes the app",
          "observed_behavior": "On the Tracking screen showing weight records, if the user long-presses a weight record and selects \"Add previous comment,\" the app crashes.",
          "expected_behavior": "The app should open Add previous comment instead of crashing.",
          "steps_to_reproduce": "1. Open the app. <-707067098>\n2. On the initial Tracking screen, tap the double-plus weight increase button. <2144902353>\n3. Tap the plus weight increase button. <484374572>\n4. Tap \"Set Current Weight in kg\" to save the current weight. <-888680512>\n5. On the Tracking screen with recorded entries, tap \"Set Current Weight in kg\" again to reach the weight records screen. <-449246432>\n6. Long-press a weight record to open its action menu. <1427014792>\n7. Tap \"Add previous comment.\" <1634204121>"
        }
      },
      "meta_data": {
        "latency": "4.4648431609384716 s",
        "node_token_consumption": {
          "input_tokens": 8598,
          "output_tokens": 217,
          "total_tokens": 8815,
          "llm_calls": 1,
          "llm_calls_with_usage": 1,
          "llm_calls_missing_usage": 0
        }
      }
    }
  ]
}
{
  "record_type": "final_report",
  "session_id": "c298909c-cecb-48bd-9acb-de2cd4055995",
  "final_report": {
    "title": "Selecting \"Add previous comment\" for a weight record crashes the app",
    "observed_behavior": "On the Tracking screen showing weight records, if the user long-presses a weight record and selects \"Add previous comment,\" the app crashes.",
    "expected_behavior": "The app should open Add previous comment instead of crashing.",
    "steps_to_reproduce": "1. Open the app. <-707067098>\n2. On the initial Tracking screen, tap the double-plus weight increase button. <2144902353>\n3. Tap the plus weight increase button. <484374572>\n4. Tap \"Set Current Weight in kg\" to save the current weight. <-888680512>\n5. On the Tracking screen with recorded entries, tap \"Set Current Weight in kg\" again to reach the weight records screen. <-449246432>\n6. Long-press a weight record to open its action menu. <1427014792>\n7. Tap \"Add previous comment.\" <1634204121>"
  }
}
{
  "record_type": "conversation_summary",
  "session_id": "c298909c-cecb-48bd-9acb-de2cd4055995",
  "run_metadata": {
    "bug_id": 12,
    "description_level": null,
    "input_source": "user",
    "runtime": "api"
  },
  "started_at": "2026-06-04T20:26:31.369985+00:00",
  "ended_at": "2026-06-04T20:26:55.644876+00:00",
  "total_wall_clock_seconds": 24.274891,
  "total_turn_processing_seconds": 24.274891,
  "total_conversation_turns": 1,
  "token_consumption": {
    "input_tokens": 19824,
    "output_tokens": 979,
    "total_tokens": 20803,
    "llm_calls": 4,
    "llm_calls_with_usage": 4,
    "llm_calls_missing_usage": 0
  }
}
