{
  "session_id": "cd04f65b-d33b-465e-9c8e-dc5e47ba8951",
  "turn": 1,
  "started_at": "2026-05-21T20:40:58.963084+00:00",
  "ended_at": "2026-05-21T20:41:10.403742+00:00",
  "actions": [
    {
      "entity": "user",
      "action_name": "user_description",
      "output": {
        "messages": {
          "content": "Color of number of podcast per subscription is semi-transparent red color",
          "additional_kwargs": {},
          "response_metadata": {},
          "type": "human",
          "name": null,
          "id": "9bcc670b-efa0-455b-97d8-5c66faa36d49"
        }
      },
      "meta_data": {
        "latency": "3.5288045182824135e-05 s",
        "node_token_consumption": null
      }
    },
    {
      "entity": "bot",
      "action_name": "information_element_extraction",
      "output": {
        "information_element_extraction": {
          "triggering_screen_reference": {
            "value": "per subscription",
            "evidence": [
              "per subscription"
            ]
          },
          "triggering_GUI_interactions": null,
          "buggy_behavior": {
            "value": "Color of number of podcast is semi-transparent red color",
            "evidence": [
              "Color of number of podcast per subscription is semi-transparent red color"
            ]
          },
          "correct_behavior": null,
          "steps_to_reproduce": null
        }
      },
      "meta_data": {
        "latency": "1.7089754161424935 s",
        "node_token_consumption": {
          "input_tokens": 889,
          "output_tokens": 80,
          "total_tokens": 969,
          "llm_calls": 1,
          "llm_calls_with_usage": 1,
          "llm_calls_missing_usage": 0
        }
      }
    },
    {
      "entity": "bot",
      "action_name": "clarity_check",
      "output": {
        "clarity_route": "continue",
        "clarity_issues": []
      },
      "meta_data": {
        "latency": "1.146433758083731 s",
        "node_token_consumption": {
          "input_tokens": 448,
          "output_tokens": 21,
          "total_tokens": 469,
          "llm_calls": 1,
          "llm_calls_with_usage": 1,
          "llm_calls_missing_usage": 0
        }
      }
    },
    {
      "entity": "bot",
      "action_name": "extract_and_update",
      "output": {
        "BugInfo": {
          "triggering_screen_reference": {
            "status": "inferred",
            "candidates": [
              {
                "value": "614959519",
                "evidence": "User says the issue is 'per subscription', which best matches the Subscriptions grid showing multiple subscribed podcasts with per-subscription count indicators."
              }
            ]
          },
          "triggering_GUI_interactions": [],
          "buggy_behavior": {
            "status": "confirmed",
            "candidates": [
              {
                "value": "Color of number of podcast per subscription is semi-transparent red color",
                "evidence": "Color of number of podcast per subscription is semi-transparent red color"
              }
            ]
          },
          "correct_behavior": {
            "status": "inferred",
            "candidates": [
              {
                "value": "The number shown for each subscription should be displayed in a normal, clearly visible color instead of semi-transparent red.",
                "evidence": "Derived from buggy behavior: 'Color of number of podcast per subscription is semi-transparent red color'."
              }
            ]
          },
          "steps_to_reproduce": []
        },
        "information_element_extraction": {
          "triggering_screen_reference": null,
          "triggering_GUI_interactions": null,
          "buggy_behavior": null,
          "correct_behavior": null,
          "steps_to_reproduce": null
        },
        "active_follow_up": null,
        "clarification_window_start_idx": 1
      },
      "meta_data": {
        "latency": "5.534177477937192 s",
        "node_token_consumption": {
          "input_tokens": 25946,
          "output_tokens": 183,
          "total_tokens": 26129,
          "llm_calls": 1,
          "llm_calls_with_usage": 1,
          "llm_calls_missing_usage": 0
        }
      }
    },
    {
      "entity": "bot",
      "action_name": "evaluate",
      "output": {
        "unknown_and_low_confidence_info": [
          "triggering_GUI_interactions",
          "steps_to_reproduce"
        ]
      },
      "meta_data": {
        "latency": "4.360289312899113e-05 s",
        "node_token_consumption": null
      }
    },
    {
      "entity": "bot",
      "action_name": "follow_up",
      "output": {
        "active_follow_up": {
          "kind": "more_info",
          "question": "Can you describe the exact actions you took before seeing the wrong semi-transparent red count on the Subscriptions screen? Please list the steps starting from opening the app, including which screen you went to and what you tapped or swiped last right before you noticed the issue. Also, did the red count appear immediately when the Subscriptions grid opened, or only after tapping something there?",
          "target_info_elements": [
            "steps_to_reproduce",
            "triggering_GUI_interactions"
          ]
        }
      },
      "meta_data": {
        "latency": "2.9945596929173917 s",
        "node_token_consumption": {
          "input_tokens": 25396,
          "output_tokens": 109,
          "total_tokens": 25505,
          "llm_calls": 1,
          "llm_calls_with_usage": 1,
          "llm_calls_missing_usage": 0
        }
      }
    }
  ]
}
{
  "session_id": "cd04f65b-d33b-465e-9c8e-dc5e47ba8951",
  "turn": 1,
  "started_at": "2026-05-21T20:41:31.108412+00:00",
  "ended_at": "2026-05-21T20:41:37.133571+00:00",
  "actions": [
    {
      "entity": "user",
      "action_name": "user_description",
      "output": {
        "messages": {
          "content": "Click \"Subscriptions\"\tClick \"Add Podcast\"\tClick \"Search iTunes\" button\tTap on search button\tType \"tech\"\tClick first item in the list\tClick \"Subscribe\" button\tClick back",
          "additional_kwargs": {},
          "response_metadata": {},
          "type": "human",
          "name": null,
          "id": "675b6d60-3cc1-4357-b7ba-f69be87c1014"
        }
      },
      "meta_data": {
        "latency": "2.9864953830838203e-05 s",
        "node_token_consumption": null
      }
    },
    {
      "entity": "bot",
      "action_name": "information_element_extraction",
      "output": {
        "information_element_extraction": {
          "triggering_screen_reference": null,
          "triggering_GUI_interactions": {
            "value": "Click back",
            "evidence": [
              "Click back"
            ]
          },
          "buggy_behavior": null,
          "correct_behavior": null,
          "steps_to_reproduce": {
            "value": "Click \"Subscriptions\" > Click \"Add Podcast\" > Click \"Search iTunes\" button > Tap on search button > Type \"tech\" > Click first item in the list > Click \"Subscribe\" button > Click back",
            "evidence": [
              "Click \"Subscriptions\"\tClick \"Add Podcast\"\tClick \"Search iTunes\" button\tTap on search button\tType \"tech\"\tClick first item in the list\tClick \"Subscribe\" button\tClick back"
            ]
          }
        }
      },
      "meta_data": {
        "latency": "2.3192124587949365 s",
        "node_token_consumption": {
          "input_tokens": 1016,
          "output_tokens": 146,
          "total_tokens": 1162,
          "llm_calls": 1,
          "llm_calls_with_usage": 1,
          "llm_calls_missing_usage": 0
        }
      }
    },
    {
      "entity": "bot",
      "action_name": "clarity_check",
      "output": {
        "clarity_route": "needs_clarification",
        "clarity_issues": [
          "Triggering Gui Interactions: 'Click back' is ambiguous because the specific back control/screen is not identified",
          "Steps To Reproduce: 'Click first item in the list' is unclear because the list item is not identified"
        ]
      },
      "meta_data": {
        "latency": "1.7358395049814135 s",
        "node_token_consumption": {
          "input_tokens": 515,
          "output_tokens": 70,
          "total_tokens": 585,
          "llm_calls": 1,
          "llm_calls_with_usage": 1,
          "llm_calls_missing_usage": 0
        }
      }
    },
    {
      "entity": "bot",
      "action_name": "clarity_follow_up",
      "output": {
        "active_follow_up": {
          "kind": "clarity",
          "question": "To clarify: after searching for \"tech,\" which specific first result did you tap in the list, and on the final step, which back control did you use (for example, the device/system Back button or the app’s on-screen back arrow, and from which screen)?",
          "target_info_elements": []
        },
        "clarification_rounds": 1
      },
      "meta_data": {
        "latency": "1.9560845401138067 s",
        "node_token_consumption": {
          "input_tokens": 395,
          "output_tokens": 72,
          "total_tokens": 467,
          "llm_calls": 1,
          "llm_calls_with_usage": 1,
          "llm_calls_missing_usage": 0
        }
      }
    }
  ]
}
{
  "session_id": "cd04f65b-d33b-465e-9c8e-dc5e47ba8951",
  "turn": 1,
  "started_at": "2026-05-21T20:42:18.927839+00:00",
  "ended_at": "2026-05-21T20:42:48.555309+00:00",
  "actions": [
    {
      "entity": "user",
      "action_name": "user_description",
      "output": {
        "messages": {
          "content": "I just select the top result.\nI used the system's back button",
          "additional_kwargs": {},
          "response_metadata": {},
          "type": "human",
          "name": null,
          "id": "c51d8810-f55a-450e-9139-89b9f2633f97"
        }
      },
      "meta_data": {
        "latency": "3.203493542969227e-05 s",
        "node_token_consumption": null
      }
    },
    {
      "entity": "bot",
      "action_name": "information_element_extraction",
      "output": {
        "information_element_extraction": {
          "triggering_screen_reference": {
            "value": "the screen after clicking \"Subscribe\" on the top result after searching for \"tech\"",
            "evidence": [
              "Click \"Subscribe\" button\tClick back",
              "I just select the top result."
            ]
          },
          "triggering_GUI_interactions": {
            "value": "Click \"Subscriptions\", click \"Add Podcast\", click \"Search iTunes\" button, tap on search button, type \"tech\", click the top result in the list, click \"Subscribe\" button, then use the system's back button",
            "evidence": [
              "Click \"Subscriptions\"\tClick \"Add Podcast\"\tClick \"Search iTunes\" button\tTap on search button\tType \"tech\"\tClick first item in the list\tClick \"Subscribe\" button\tClick back",
              "I just select the top result.",
              "I used the system's back button"
            ]
          },
          "buggy_behavior": null,
          "correct_behavior": null,
          "steps_to_reproduce": {
            "value": "Click \"Subscriptions\" → Click \"Add Podcast\" → Click \"Search iTunes\" button → Tap on search button → Type \"tech\" → Click the top result in the list → Click \"Subscribe\" button → Use the system's back button",
            "evidence": [
              "Click \"Subscriptions\"\tClick \"Add Podcast\"\tClick \"Search iTunes\" button\tTap on search button\tType \"tech\"\tClick first item in the list\tClick \"Subscribe\" button\tClick back",
              "I just select the top result.",
              "I used the system's back button"
            ]
          }
        }
      },
      "meta_data": {
        "latency": "4.207528948085383 s",
        "node_token_consumption": {
          "input_tokens": 997,
          "output_tokens": 307,
          "total_tokens": 1304,
          "llm_calls": 1,
          "llm_calls_with_usage": 1,
          "llm_calls_missing_usage": 0
        }
      }
    },
    {
      "entity": "bot",
      "action_name": "clarity_check",
      "output": {
        "clarity_route": "continue",
        "clarity_issues": []
      },
      "meta_data": {
        "latency": "1.4735064948908985 s",
        "node_token_consumption": {
          "input_tokens": 692,
          "output_tokens": 21,
          "total_tokens": 713,
          "llm_calls": 1,
          "llm_calls_with_usage": 1,
          "llm_calls_missing_usage": 0
        }
      }
    },
    {
      "entity": "bot",
      "action_name": "extract_and_update",
      "output": {
        "BugInfo": {
          "triggering_screen_reference": {
            "status": "inferred",
            "candidates": [
              {
                "value": "614959519",
                "evidence": "Existing mapping already points to the Subscriptions grid with multiple subscribed podcasts and count indicators. User says the issue happens on 'the screen after clicking \"Subscribe\"' and then using the system back button, which most plausibly returns to the populated Subscriptions screen."
              }
            ]
          },
          "triggering_GUI_interactions": [
            {
              "status": "inferred",
              "candidates": [
                {
                  "value": "-1567028094",
                  "evidence": "Maps user step 'Click \"Subscriptions\"' from the open navigation drawer on the Queue screen to the Subscriptions screen."
                }
              ]
            },
            {
              "status": "inferred",
              "candidates": [
                {
                  "value": "-162265822",
                  "evidence": "From the Subscriptions grid, clicking the Add Podcast tile matches user step 'Click \"Add Podcast\"'."
                }
              ]
            },
            {
              "status": "inferred",
              "candidates": [
                {
                  "value": "2045346857",
                  "evidence": "On the Add Podcast page, this matches 'Click \"Search iTunes\" button'."
                }
              ]
            },
            {
              "status": "inferred",
              "candidates": [
                {
                  "value": "1430424811",
                  "evidence": "On iTunes results/discovery screen, tapping the Search action matches 'Tap on search button' before entering the query."
                }
              ]
            },
            {
              "status": "inferred",
              "candidates": [
                {
                  "value": "850196619",
                  "evidence": "Typing into the expanded search field matches user step 'Type \"tech\"'."
                }
              ]
            },
            {
              "status": "ambiguous",
              "candidates": [
                {
                  "value": "-452206125",
                  "evidence": "User says 'Click first item in the list' after typing 'tech'. This transition clicks the single visible result on the iTunes search results screen and is the strongest graph-backed match, though the graph content shows a different example query/result."
                },
                {
                  "value": "1333858825",
                  "evidence": "Alternative graph pattern for clicking a top result from a search results list; also represents selecting a first visible podcast result, though from another search flow."
                }
              ]
            },
            {
              "status": "inferred",
              "candidates": [
                {
                  "value": "-386266519",
                  "evidence": "On the online feed page, clicking the SUBSCRIBE button matches user step 'Click \"Subscribe\" button'."
                }
              ]
            },
            {
              "status": "ambiguous",
              "candidates": [
                {
                  "value": "2058964979",
                  "evidence": "After subscribing, using the system back button could return from the online feed page to the search results page, matching the user's mention of 'Click back' before observing the issue on the subscriptions screen."
                },
                {
                  "value": "-531649282",
                  "evidence": "Another graph-backed back navigation from a podcast/feed detail screen to the Subscriptions screen; plausible if the observed problematic screen is reached directly after back navigation."
                }
              ]
            }
          ],
          "buggy_behavior": {
            "status": "confirmed",
            "candidates": [
              {
                "value": "Color of number of podcast per subscription is semi-transparent red color",
                "evidence": "Color of number of podcast per subscription is semi-transparent red color"
              }
            ]
          },
          "correct_behavior": {
            "status": "inferred",
            "candidates": [
              {
                "value": "The number shown for each subscription should be displayed in a normal, clearly visible color instead of semi-transparent red.",
                "evidence": "Derived from buggy behavior: 'Color of number of podcast per subscription is semi-transparent red color'."
              }
            ]
          },
          "steps_to_reproduce": [
            {
              "status": "confirmed",
              "candidates": [
                {
                  "value": "634634449",
                  "evidence": "Always start with opening the application."
                }
              ]
            },
            {
              "status": "inferred",
              "candidates": [
                {
                  "value": "-1896038308",
                  "evidence": "To reach the navigation drawer from app launch, open menu from the Queue screen."
                }
              ]
            },
            {
              "status": "inferred",
              "candidates": [
                {
                  "value": "1126746881",
                  "evidence": "Navigate to Settings from the open drawer; needed because the previously inferred triggering screen 614959519 is reached in the available graph through the user trace that returns to Subscriptions after adding podcasts."
                }
              ]
            },
            {
              "status": "inferred",
              "candidates": [
                {
                  "value": "410436650",
                  "evidence": "Open Select Theme from Settings as part of the only graph-backed path that aligns with the populated Subscriptions flow."
                }
              ]
            },
            {
              "status": "inferred",
              "candidates": [
                {
                  "value": "2051642109",
                  "evidence": "Select a theme option, continuing along the available graph-backed path."
                }
              ]
            },
            {
              "status": "inferred",
              "candidates": [
                {
                  "value": "1451589841",
                  "evidence": "From Add Podcast page, click 'BROWSE GPODDER.NET' to continue along the graph path toward subscribing to a podcast."
                }
              ]
            },
            {
              "status": "inferred",
              "candidates": [
                {
                  "value": "-121796768",
                  "evidence": "Tap search button in the discovery screen, matching the user's search action."
                }
              ]
            },
            {
              "status": "inferred",
              "candidates": [
                {
                  "value": "-740381919",
                  "evidence": "Select the top/first visible result from search results; graph-backed approximation of 'Click first item in the list'."
                }
              ]
            },
            {
              "status": "inferred",
              "candidates": [
                {
                  "value": "1384560788",
                  "evidence": "Click SUBSCRIBE on the online feed page."
                }
              ]
            },
            {
              "status": "inferred",
              "candidates": [
                {
                  "value": "-1716837401",
                  "evidence": "Use back navigation from the subscribed feed page."
                }
              ]
            },
            {
              "status": "inferred",
              "candidates": [
                {
                  "value": "-1688336679",
                  "evidence": "Use back navigation again to return from search to the discovery/add podcast screen."
                }
              ]
            },
            {
              "status": "inferred",
              "candidates": [
                {
                  "value": "-1765733492",
                  "evidence": "Use back navigation to leave Add Podcast discovery screen."
                }
              ]
            },
            {
              "status": "inferred",
              "candidates": [
                {
                  "value": "85275484",
                  "evidence": "Open navigation drawer from Add Podcast screen."
                }
              ]
            },
            {
              "status": "inferred",
              "candidates": [
                {
                  "value": "1820825066",
                  "evidence": "Click 'Subscriptions', reaching the populated Subscriptions grid where the bug is observed."
                }
              ]
            }
          ]
        },
        "information_element_extraction": {
          "triggering_screen_reference": null,
          "triggering_GUI_interactions": null,
          "buggy_behavior": null,
          "correct_behavior": null,
          "steps_to_reproduce": null
        },
        "active_follow_up": null,
        "clarification_window_start_idx": 3
      },
      "meta_data": {
        "latency": "20.007795073091984 s",
        "node_token_consumption": {
          "input_tokens": 26318,
          "output_tokens": 1192,
          "total_tokens": 27510,
          "llm_calls": 1,
          "llm_calls_with_usage": 1,
          "llm_calls_missing_usage": 0
        }
      }
    },
    {
      "entity": "bot",
      "action_name": "evaluate",
      "output": {
        "unknown_and_low_confidence_info": [
          "triggering_GUI_interactions[7]",
          "triggering_GUI_interactions[5]"
        ]
      },
      "meta_data": {
        "latency": "6.015296094119549e-05 s",
        "node_token_consumption": null
      }
    },
    {
      "entity": "bot",
      "action_name": "follow_up",
      "output": {
        "active_follow_up": {
          "kind": "more_info",
          "question": "When you searched for the podcast and tapped the first result, which podcast did you actually open? After you tapped SUBSCRIBE, did pressing Back take you first to the search results list, or did it return directly to the Subscriptions grid where the podcast tiles and episode-count badges are shown?",
          "target_info_elements": [
            "triggering_GUI_interactions",
            "steps_to_reproduce",
            "triggering_screen_reference"
          ]
        }
      },
      "meta_data": {
        "latency": "3.9130905801430345 s",
        "node_token_consumption": {
          "input_tokens": 26622,
          "output_tokens": 97,
          "total_tokens": 26719,
          "llm_calls": 1,
          "llm_calls_with_usage": 1,
          "llm_calls_missing_usage": 0
        }
      }
    }
  ]
}
{
  "session_id": "cd04f65b-d33b-465e-9c8e-dc5e47ba8951",
  "turn": 1,
  "started_at": "2026-05-21T20:43:42.544536+00:00",
  "ended_at": "2026-05-21T20:44:05.818298+00:00",
  "actions": [
    {
      "entity": "user",
      "action_name": "user_description",
      "output": {
        "messages": {
          "content": "The first podcast\nfirst to the search results list",
          "additional_kwargs": {},
          "response_metadata": {},
          "type": "human",
          "name": null,
          "id": "c928ade0-41a9-46ea-88b9-21af47425aba"
        }
      },
      "meta_data": {
        "latency": "3.2286858186125755e-05 s",
        "node_token_consumption": null
      }
    },
    {
      "entity": "bot",
      "action_name": "information_element_extraction",
      "output": {
        "information_element_extraction": {
          "triggering_screen_reference": null,
          "triggering_GUI_interactions": {
            "value": "searched for the podcast and tapped the first result",
            "evidence": [
              "The first podcast"
            ]
          },
          "buggy_behavior": null,
          "correct_behavior": null,
          "steps_to_reproduce": {
            "value": "search for the podcast, tap the first podcast, then press Back and go first to the search results list",
            "evidence": [
              "The first podcast",
              "first to the search results list"
            ]
          }
        }
      },
      "meta_data": {
        "latency": "2.0936293760314584 s",
        "node_token_consumption": {
          "input_tokens": 971,
          "output_tokens": 97,
          "total_tokens": 1068,
          "llm_calls": 1,
          "llm_calls_with_usage": 1,
          "llm_calls_missing_usage": 0
        }
      }
    },
    {
      "entity": "bot",
      "action_name": "clarity_check",
      "output": {
        "clarity_route": "needs_clarification",
        "clarity_issues": [
          "Triggering Gui Interactions: 'the podcast' is not referentially resolved",
          "Triggering Gui Interactions: 'the first result' is ambiguous",
          "Steps To Reproduce: 'the podcast' is not referentially resolved",
          "Steps To Reproduce: 'the first podcast' is ambiguous",
          "Steps To Reproduce: 'go first to the search results list' is unclear"
        ]
      },
      "meta_data": {
        "latency": "1.553455444984138 s",
        "node_token_consumption": {
          "input_tokens": 469,
          "output_tokens": 101,
          "total_tokens": 570,
          "llm_calls": 1,
          "llm_calls_with_usage": 1,
          "llm_calls_missing_usage": 0
        }
      }
    },
    {
      "entity": "bot",
      "action_name": "extract_and_update",
      "output": {
        "BugInfo": {
          "triggering_screen_reference": {
            "status": "inferred",
            "candidates": [
              {
                "value": "614959519",
                "evidence": "Existing inferred mapping remains the best-supported bug observation screen: the populated Subscriptions grid where the subscription count indicators are visible. New evidence only clarifies the selection/back path ('The first podcast', 'first to the search results list') and does not contradict the observed screen."
              }
            ]
          },
          "triggering_GUI_interactions": [
            {
              "status": "inferred",
              "candidates": [
                {
                  "value": "-1567028094",
                  "evidence": "Existing mapping retained: user navigates to Subscriptions before adding/searching for a podcast."
                }
              ]
            },
            {
              "status": "inferred",
              "candidates": [
                {
                  "value": "-162265822",
                  "evidence": "Existing mapping retained: from Subscriptions, user taps Add Podcast."
                }
              ]
            },
            {
              "status": "inferred",
              "candidates": [
                {
                  "value": "2045346857",
                  "evidence": "Existing mapping retained: user uses Search iTunes from Add Podcast."
                }
              ]
            },
            {
              "status": "inferred",
              "candidates": [
                {
                  "value": "1430424811",
                  "evidence": "Existing mapping retained: user starts search on the iTunes search screen."
                }
              ]
            },
            {
              "status": "inferred",
              "candidates": [
                {
                  "value": "850196619",
                  "evidence": "Existing mapping retained: typing the podcast query into the expanded search field."
                }
              ]
            },
            {
              "status": "confirmed",
              "candidates": [
                {
                  "value": "-452206125",
                  "evidence": "New evidence says the user 'searched for the podcast and tapped the first result' and specifically refers to 'The first podcast'. On the Darknet Diaries iTunes results screen (-1495655772), transition -452206125 selects the single/first visible result, directly matching this description better than prior alternatives."
                }
              ]
            },
            {
              "status": "inferred",
              "candidates": [
                {
                  "value": "-386266519",
                  "evidence": "Existing mapping retained: after opening the selected podcast feed, user clicks SUBSCRIBE."
                }
              ]
            },
            {
              "status": "confirmed",
              "candidates": [
                {
                  "value": "2058964979",
                  "evidence": "New evidence says after tapping the first podcast, the user should 'press Back and go first to the search results list'. Transition 2058964979 is the back navigation from the podcast online feed (-951783377) to the search results list (314515780), directly matching 'first to the search results list'."
                }
              ]
            }
          ],
          "buggy_behavior": {
            "status": "confirmed",
            "candidates": [
              {
                "value": "Color of number of podcast per subscription is semi-transparent red color",
                "evidence": "Color of number of podcast per subscription is semi-transparent red color"
              }
            ]
          },
          "correct_behavior": {
            "status": "inferred",
            "candidates": [
              {
                "value": "The number shown for each subscription should be displayed in a normal, clearly visible color instead of semi-transparent red.",
                "evidence": "Derived from buggy behavior: 'Color of number of podcast per subscription is semi-transparent red color'."
              }
            ]
          },
          "steps_to_reproduce": [
            {
              "status": "confirmed",
              "candidates": [
                {
                  "value": "634634449",
                  "evidence": "Always start with opening the application."
                }
              ]
            },
            {
              "status": "inferred",
              "candidates": [
                {
                  "value": "-1896038308",
                  "evidence": "Open the navigation drawer from the Queue screen."
                }
              ]
            },
            {
              "status": "inferred",
              "candidates": [
                {
                  "value": "1126746881",
                  "evidence": "Existing graph-backed path continues through Settings as previously mapped."
                }
              ]
            },
            {
              "status": "inferred",
              "candidates": [
                {
                  "value": "410436650",
                  "evidence": "Existing graph-backed path continues through Select Theme as previously mapped."
                }
              ]
            },
            {
              "status": "inferred",
              "candidates": [
                {
                  "value": "2051642109",
                  "evidence": "Existing graph-backed path returns to the app flow leading to the populated Subscriptions state."
                }
              ]
            },
            {
              "status": "inferred",
              "candidates": [
                {
                  "value": "1451589841",
                  "evidence": "From Add Podcast, browse gpodder.net as part of the previously established graph-backed route."
                }
              ]
            },
            {
              "status": "inferred",
              "candidates": [
                {
                  "value": "-121796768",
                  "evidence": "Open search in the Add Podcast discovery screen."
                }
              ]
            },
            {
              "status": "inferred",
              "candidates": [
                {
                  "value": "-740381919",
                  "evidence": "Select the first/visible podcast result in the gpodder search results."
                }
              ]
            },
            {
              "status": "inferred",
              "candidates": [
                {
                  "value": "1384560788",
                  "evidence": "Subscribe to the selected podcast."
                }
              ]
            },
            {
              "status": "inferred",
              "candidates": [
                {
                  "value": "-1716837401",
                  "evidence": "Back navigation from the selected podcast page."
                }
              ]
            },
            {
              "status": "inferred",
              "candidates": [
                {
                  "value": "-1688336679",
                  "evidence": "Back navigation from the search results page to the discovery/add-podcast screen."
                }
              ]
            },
            {
              "status": "inferred",
              "candidates": [
                {
                  "value": "-1765733492",
                  "evidence": "Navigate up from Add Podcast discovery screen."
                }
              ]
            },
            {
              "status": "inferred",
              "candidates": [
                {
                  "value": "85275484",
                  "evidence": "Open the navigation drawer from Add Podcast."
                }
              ]
            },
            {
              "status": "inferred",
              "candidates": [
                {
                  "value": "1820825066",
                  "evidence": "Open Subscriptions, reaching the populated subscriptions grid where the count color bug is observed."
                }
              ]
            }
          ]
        },
        "information_element_extraction": {
          "triggering_screen_reference": null,
          "triggering_GUI_interactions": null,
          "buggy_behavior": null,
          "correct_behavior": null,
          "steps_to_reproduce": null
        },
        "active_follow_up": null,
        "clarification_window_start_idx": 4
      },
      "meta_data": {
        "latency": "13.689062515972182 s",
        "node_token_consumption": {
          "input_tokens": 27317,
          "output_tokens": 1046,
          "total_tokens": 28363,
          "llm_calls": 1,
          "llm_calls_with_usage": 1,
          "llm_calls_missing_usage": 0
        }
      }
    },
    {
      "entity": "bot",
      "action_name": "evaluate",
      "output": {
        "unknown_and_low_confidence_info": []
      },
      "meta_data": {
        "latency": "4.915706813335419e-05 s",
        "node_token_consumption": null
      }
    },
    {
      "entity": "bot",
      "action_name": "generate_report",
      "output": {
        "full_report": {
          "title": "Subscription podcast count is displayed in a semi-transparent red color after subscribing to a podcast and returning to Subscriptions",
          "observed_behavior": "On the Subscriptions screen, if the user opens Subscriptions, taps Add Podcast, selects Search iTunes, starts a search, enters a podcast query, taps the first result, subscribes, and then presses Back to return to the search results list, the number of podcasts per subscription is shown in a semi-transparent red color.",
          "expected_behavior": "The number shown for each subscription should be displayed in a normal, clearly visible color instead of semi-transparent red.",
          "steps_to_reproduce": "1. Open the application. <634634449>\n2. Open the navigation drawer from the Queue screen. <-1896038308>\n3. Tap Settings in the navigation drawer. <1126746881>\n4. Open the theme/appearance settings. <410436650>\n5. Select a theme option and return to the main app flow. <2051642109>\n6. Tap BROWSE GPODDER.NET from the Add Podcast screen. <1451589841>\n7. Tap Search on the gpodder discovery screen. <-121796768>\n8. Select the first visible podcast result. <-740381919>\n9. Tap SUBSCRIBE on the selected podcast page. <1384560788>\n10. Press Back to return from the podcast page to the search results. <-1716837401>\n11. Press Back again to return from the search results to the discovery screen. <-1688336679>\n12. Navigate up from the Add Podcast discovery screen. <-1765733492>\n13. Open the navigation drawer. <85275484>\n14. Tap Subscriptions. <1820825066>"
        }
      },
      "meta_data": {
        "latency": "5.9129962949082255 s",
        "node_token_consumption": {
          "input_tokens": 21489,
          "output_tokens": 378,
          "total_tokens": 21867,
          "llm_calls": 1,
          "llm_calls_with_usage": 1,
          "llm_calls_missing_usage": 0
        }
      }
    }
  ]
}
{
  "record_type": "final_report",
  "session_id": "cd04f65b-d33b-465e-9c8e-dc5e47ba8951",
  "final_report": {
    "title": "Subscription podcast count is displayed in a semi-transparent red color after subscribing to a podcast and returning to Subscriptions",
    "observed_behavior": "On the Subscriptions screen, if the user opens Subscriptions, taps Add Podcast, selects Search iTunes, starts a search, enters a podcast query, taps the first result, subscribes, and then presses Back to return to the search results list, the number of podcasts per subscription is shown in a semi-transparent red color.",
    "expected_behavior": "The number shown for each subscription should be displayed in a normal, clearly visible color instead of semi-transparent red.",
    "steps_to_reproduce": "1. Open the application. <634634449>\n2. Open the navigation drawer from the Queue screen. <-1896038308>\n3. Tap Settings in the navigation drawer. <1126746881>\n4. Open the theme/appearance settings. <410436650>\n5. Select a theme option and return to the main app flow. <2051642109>\n6. Tap BROWSE GPODDER.NET from the Add Podcast screen. <1451589841>\n7. Tap Search on the gpodder discovery screen. <-121796768>\n8. Select the first visible podcast result. <-740381919>\n9. Tap SUBSCRIBE on the selected podcast page. <1384560788>\n10. Press Back to return from the podcast page to the search results. <-1716837401>\n11. Press Back again to return from the search results to the discovery screen. <-1688336679>\n12. Navigate up from the Add Podcast discovery screen. <-1765733492>\n13. Open the navigation drawer. <85275484>\n14. Tap Subscriptions. <1820825066>"
  }
}
{
  "record_type": "conversation_summary",
  "session_id": "cd04f65b-d33b-465e-9c8e-dc5e47ba8951",
  "run_metadata": {
    "bug_id": 1,
    "description_level": null,
    "input_source": "user",
    "runtime": "api"
  },
  "started_at": "2026-05-21T20:40:58.963084+00:00",
  "ended_at": "2026-05-21T20:44:05.818298+00:00",
  "total_wall_clock_seconds": 186.855214,
  "total_turn_processing_seconds": 70.36704900000001,
  "total_conversation_turns": 4,
  "token_consumption": {
    "input_tokens": 159480,
    "output_tokens": 3920,
    "total_tokens": 163400,
    "llm_calls": 15,
    "llm_calls_with_usage": 15,
    "llm_calls_missing_usage": 0
  }
}
