{
  "session_id": "d5be40f6-afe0-49a1-a362-f4c6606907a4",
  "turn": 1,
  "started_at": "2026-08-07T23:34:17.807196+00:00",
  "ended_at": "2026-08-07T23:34:24.988824+00:00",
  "actions": [
    {
      "entity": "user",
      "action_name": "user_description",
      "output": {
        "messages": {
          "content": "I got a duplicate report in the balance sheet.",
          "additional_kwargs": {},
          "response_metadata": {},
          "type": "human",
          "name": null,
          "id": "b7f47e5b-4cdc-4ff1-add5-46c596a6663e"
        }
      },
      "meta_data": {
        "latency": "9.691600007499801e-05 s",
        "node_token_consumption": null
      }
    },
    {
      "entity": "bot",
      "action_name": "information_element_extraction",
      "output": {
        "information_element_extraction": {
          "triggering_screen_reference": null,
          "triggering_GUI_interactions": null,
          "buggy_behavior": {
            "value": "I got a duplicate report in the balance sheet.",
            "evidence": [
              "duplicate report in the balance sheet"
            ]
          },
          "correct_behavior": null,
          "steps_to_reproduce": null
        }
      },
      "meta_data": {
        "latency": "1.739792542000032 s",
        "node_token_consumption": {
          "input_tokens": 887,
          "output_tokens": 63,
          "total_tokens": 950,
          "llm_calls": 1,
          "llm_calls_with_usage": 1,
          "llm_calls_missing_usage": 0
        }
      }
    },
    {
      "entity": "bot",
      "action_name": "clarity_check",
      "output": {
        "clarity_route": "continue",
        "clarity_issues": []
      },
      "meta_data": {
        "latency": "0.8022277090003627 s",
        "node_token_consumption": {
          "input_tokens": 422,
          "output_tokens": 21,
          "total_tokens": 443,
          "llm_calls": 1,
          "llm_calls_with_usage": 1,
          "llm_calls_missing_usage": 0
        }
      }
    },
    {
      "entity": "bot",
      "action_name": "extract_and_update",
      "output": {
        "BugInfo": {
          "triggering_screen_reference": {
            "status": "inferred",
            "candidates": [
              {
                "value": "823353527",
                "evidence": "The only screen explicitly described as the Balance Sheet report is screen 823353527 ('ReportsActivity(Window=Main): This report screen shows the \"Balance Sheet\" selected'). The user said: 'duplicate report in the balance sheet.'"
              }
            ]
          },
          "triggering_GUI_interactions": [],
          "buggy_behavior": {
            "status": "confirmed",
            "candidates": [
              {
                "value": "I got a duplicate report in the balance sheet.",
                "evidence": "User-provided buggy behavior: 'duplicate report in the balance sheet'."
              }
            ]
          },
          "correct_behavior": {
            "status": "inferred",
            "candidates": [
              {
                "value": "The Balance Sheet should appear only once and should not show a duplicate report.",
                "evidence": "Inferred from the buggy behavior 'I got a duplicate report in the balance sheet.'"
              }
            ]
          },
          "steps_to_reproduce": []
        },
        "information_element_extraction": {
          "triggering_screen_reference": null,
          "triggering_GUI_interactions": null,
          "buggy_behavior": null,
          "correct_behavior": null,
          "steps_to_reproduce": null
        },
        "active_follow_up": null,
        "clarification_window_start_idx": 1
      },
      "meta_data": {
        "latency": "2.568926709000152 s",
        "node_token_consumption": {
          "input_tokens": 32546,
          "output_tokens": 190,
          "total_tokens": 32736,
          "llm_calls": 1,
          "llm_calls_with_usage": 1,
          "llm_calls_missing_usage": 0
        }
      }
    },
    {
      "entity": "bot",
      "action_name": "evaluate",
      "output": {
        "unknown_and_low_confidence_info": [
          "steps_to_reproduce",
          "triggering_GUI_interactions"
        ]
      },
      "meta_data": {
        "latency": "1.6791000234661624e-05 s",
        "node_token_consumption": null
      }
    },
    {
      "entity": "bot",
      "action_name": "follow_up",
      "output": {
        "active_follow_up": {
          "kind": "more_info",
          "question": "Can you describe the exact steps you took to get to the Balance Sheet report where the duplicate appeared? Please start from when you opened GnuCash and list each tap in order, especially how you navigated to Reports and what you tapped to open the Balance Sheet. Also, what was the final action right before you noticed the duplicate report?",
          "target_info_elements": [
            "steps_to_reproduce",
            "triggering_GUI_interactions"
          ]
        }
      },
      "meta_data": {
        "latency": "2.0468719179998516 s",
        "node_token_consumption": {
          "input_tokens": 32032,
          "output_tokens": 102,
          "total_tokens": 32134,
          "llm_calls": 1,
          "llm_calls_with_usage": 1,
          "llm_calls_missing_usage": 0
        }
      }
    }
  ]
}
{
  "session_id": "d5be40f6-afe0-49a1-a362-f4c6606907a4",
  "turn": 1,
  "started_at": "2026-08-07T23:35:07.062108+00:00",
  "ended_at": "2026-08-07T23:35:11.987031+00:00",
  "actions": [
    {
      "entity": "user",
      "action_name": "user_description",
      "output": {
        "messages": {
          "content": "I went to the report then sheet and then settings, then I got it.",
          "additional_kwargs": {},
          "response_metadata": {},
          "type": "human",
          "name": null,
          "id": "af8817ae-ea6d-4a94-84b7-252116347db7"
        }
      },
      "meta_data": {
        "latency": "1.2667000191868283e-05 s",
        "node_token_consumption": null
      }
    },
    {
      "entity": "bot",
      "action_name": "information_element_extraction",
      "output": {
        "information_element_extraction": {
          "triggering_screen_reference": null,
          "triggering_GUI_interactions": {
            "value": "went to the report then sheet and then settings, then I got it",
            "evidence": [
              "I went to the report then sheet and then settings, then I got it."
            ]
          },
          "buggy_behavior": null,
          "correct_behavior": null,
          "steps_to_reproduce": {
            "value": "went to the report then sheet and then settings",
            "evidence": [
              "I went to the report then sheet and then settings, then I got it."
            ]
          }
        }
      },
      "meta_data": {
        "latency": "1.9304017919994294 s",
        "node_token_consumption": {
          "input_tokens": 982,
          "output_tokens": 109,
          "total_tokens": 1091,
          "llm_calls": 1,
          "llm_calls_with_usage": 1,
          "llm_calls_missing_usage": 0
        }
      }
    },
    {
      "entity": "bot",
      "action_name": "clarity_check",
      "output": {
        "clarity_route": "needs_clarification",
        "clarity_issues": [
          "Triggering Gui Interactions: 'got it' is unclear and not referentially resolved",
          "Steps To Reproduce: navigation path is vague ('report', 'sheet', 'settings' not clearly identified)"
        ]
      },
      "meta_data": {
        "latency": "1.375414584000282 s",
        "node_token_consumption": {
          "input_tokens": 478,
          "output_tokens": 66,
          "total_tokens": 544,
          "llm_calls": 1,
          "llm_calls_with_usage": 1,
          "llm_calls_missing_usage": 0
        }
      }
    },
    {
      "entity": "bot",
      "action_name": "clarity_follow_up",
      "output": {
        "active_follow_up": {
          "kind": "clarity",
          "question": "When you say “I got it,” what exactly happened (for example, a crash, error message, or unexpected screen)? Also, can you specify the exact navigation path you took—what “report” screen, what “sheet,” and which “settings” page/menu?",
          "target_info_elements": []
        },
        "clarification_rounds": 1
      },
      "meta_data": {
        "latency": "1.6129637090007236 s",
        "node_token_consumption": {
          "input_tokens": 352,
          "output_tokens": 71,
          "total_tokens": 423,
          "llm_calls": 1,
          "llm_calls_with_usage": 1,
          "llm_calls_missing_usage": 0
        }
      }
    }
  ]
}
{
  "session_id": "d5be40f6-afe0-49a1-a362-f4c6606907a4",
  "turn": 1,
  "started_at": "2026-08-07T23:35:24.220391+00:00",
  "ended_at": "2026-08-07T23:35:38.306385+00:00",
  "actions": [
    {
      "entity": "user",
      "action_name": "user_description",
      "output": {
        "messages": {
          "content": "I got the duplicate reports.",
          "additional_kwargs": {},
          "response_metadata": {},
          "type": "human",
          "name": null,
          "id": "65ed5dc6-4f59-4010-b7b8-be1a2cc4cf61"
        }
      },
      "meta_data": {
        "latency": "8.749999324209057e-06 s",
        "node_token_consumption": null
      }
    },
    {
      "entity": "bot",
      "action_name": "information_element_extraction",
      "output": {
        "information_element_extraction": {
          "triggering_screen_reference": null,
          "triggering_GUI_interactions": {
            "value": "went to the report then sheet and then settings",
            "evidence": [
              "I went to the report then sheet and then settings, then I got it."
            ]
          },
          "buggy_behavior": {
            "value": "got the duplicate reports",
            "evidence": [
              "I got the duplicate reports."
            ]
          },
          "correct_behavior": null,
          "steps_to_reproduce": {
            "value": "go to the report then sheet and then settings",
            "evidence": [
              "I went to the report then sheet and then settings, then I got it."
            ]
          }
        }
      },
      "meta_data": {
        "latency": "1.763192875999266 s",
        "node_token_consumption": {
          "input_tokens": 961,
          "output_tokens": 120,
          "total_tokens": 1081,
          "llm_calls": 1,
          "llm_calls_with_usage": 1,
          "llm_calls_missing_usage": 0
        }
      }
    },
    {
      "entity": "bot",
      "action_name": "clarity_check",
      "output": {
        "clarity_route": "needs_clarification",
        "clarity_issues": [
          "Buggy Behavior unclear: 'got the duplicate reports' does not specify what happened to the reports",
          "Triggering Gui Interactions unclear: 'got it' is unresolved",
          "Steps To Reproduce unclear: sequence is vague without clear application targets for 'report', 'sheet', and 'settings'"
        ]
      },
      "meta_data": {
        "latency": "2.763457376000588 s",
        "node_token_consumption": {
          "input_tokens": 496,
          "output_tokens": 83,
          "total_tokens": 579,
          "llm_calls": 1,
          "llm_calls_with_usage": 1,
          "llm_calls_missing_usage": 0
        }
      }
    },
    {
      "entity": "bot",
      "action_name": "extract_and_update",
      "output": {
        "BugInfo": {
          "triggering_screen_reference": {
            "status": "inferred",
            "candidates": [
              {
                "value": "823353527",
                "evidence": "Existing mapping already identifies the Balance Sheet report screen, consistent with user evidence: 'I went to the report then sheet and then settings, then I got it.' The duplicate reports were observed after reaching the Balance Sheet report."
              }
            ]
          },
          "triggering_GUI_interactions": [
            {
              "status": "inferred",
              "candidates": [
                {
                  "value": "-903088877",
                  "evidence": "User said 'went to the report'; from the accounts screen with navigation drawer open, transition -903088877 opens Reports from the drawer."
                }
              ]
            },
            {
              "status": "inferred",
              "candidates": [
                {
                  "value": "1217791898",
                  "evidence": "User said 'then sheet'; on the Reports dashboard, transition 1217791898 clicks the SHEET button to open the Balance Sheet report."
                }
              ]
            },
            {
              "status": "inferred",
              "candidates": [
                {
                  "value": "-1192298919",
                  "evidence": "User said 'and then settings'; from the Balance Sheet screen, transition -1192298919 opens the navigation drawer, from which Settings is accessible."
                }
              ]
            },
            {
              "status": "inferred",
              "candidates": [
                {
                  "value": "-1704976314",
                  "evidence": "User said 'and then settings'; after opening the navigation drawer from the Balance Sheet screen, transition -1704976314 selects 'Settings'."
                }
              ]
            }
          ],
          "buggy_behavior": {
            "status": "confirmed",
            "candidates": [
              {
                "value": "I got a duplicate report in the balance sheet.",
                "evidence": "User-provided buggy behavior: 'duplicate report in the balance sheet'."
              }
            ]
          },
          "correct_behavior": {
            "status": "inferred",
            "candidates": [
              {
                "value": "The Balance Sheet should appear only once and should not show a duplicate report.",
                "evidence": "Inferred from the buggy behavior 'I got a duplicate report in the balance sheet.'"
              }
            ]
          },
          "steps_to_reproduce": [
            {
              "status": "inferred",
              "candidates": [
                {
                  "value": "1818118628",
                  "evidence": "Bug reproduction must start with opening the app."
                }
              ]
            },
            {
              "status": "inferred",
              "candidates": [
                {
                  "value": "-1322948152",
                  "evidence": "To reach the main app flow from first run, press NEXT on the welcome setup screen."
                }
              ]
            },
            {
              "status": "inferred",
              "candidates": [
                {
                  "value": "-351950572",
                  "evidence": "Continue setup by pressing NEXT on the Default Currency screen."
                }
              ]
            },
            {
              "status": "inferred",
              "candidates": [
                {
                  "value": "-140146318",
                  "evidence": "Continue setup by pressing NEXT on the Account Setup screen."
                }
              ]
            },
            {
              "status": "inferred",
              "candidates": [
                {
                  "value": "-508610335",
                  "evidence": "Continue setup by pressing NEXT on the Feedback Options screen."
                }
              ]
            },
            {
              "status": "inferred",
              "candidates": [
                {
                  "value": "-1928190373",
                  "evidence": "Finish setup wizard by pressing DONE on the review screen."
                }
              ]
            },
            {
              "status": "inferred",
              "candidates": [
                {
                  "value": "-1153130653",
                  "evidence": "Grant storage permission to proceed into the app."
                }
              ]
            },
            {
              "status": "inferred",
              "candidates": [
                {
                  "value": "-1203105423",
                  "evidence": "Open the navigation drawer from the Accounts screen to access Reports."
                }
              ]
            },
            {
              "status": "inferred",
              "candidates": [
                {
                  "value": "-903088877",
                  "evidence": "User said 'went to the report'; this selects Reports from the navigation drawer."
                }
              ]
            },
            {
              "status": "inferred",
              "candidates": [
                {
                  "value": "1217791898",
                  "evidence": "User said 'then sheet'; this presses SHEET on the Reports dashboard to open Balance Sheet."
                }
              ]
            },
            {
              "status": "inferred",
              "candidates": [
                {
                  "value": "-1192298919",
                  "evidence": "User said 'and then settings'; from Balance Sheet, open the navigation drawer."
                }
              ]
            },
            {
              "status": "inferred",
              "candidates": [
                {
                  "value": "-1704976314",
                  "evidence": "Select Settings from the Balance Sheet navigation drawer, matching the user's 'then settings' step."
                }
              ]
            }
          ]
        },
        "information_element_extraction": {
          "triggering_screen_reference": null,
          "triggering_GUI_interactions": null,
          "buggy_behavior": null,
          "correct_behavior": null,
          "steps_to_reproduce": null
        },
        "active_follow_up": null,
        "clarification_window_start_idx": 3
      },
      "meta_data": {
        "latency": "6.7014013779999 s",
        "node_token_consumption": {
          "input_tokens": 32757,
          "output_tokens": 811,
          "total_tokens": 33568,
          "llm_calls": 1,
          "llm_calls_with_usage": 1,
          "llm_calls_missing_usage": 0
        }
      }
    },
    {
      "entity": "bot",
      "action_name": "evaluate",
      "output": {
        "unknown_and_low_confidence_info": []
      },
      "meta_data": {
        "latency": "1.9916999917768408e-05 s",
        "node_token_consumption": null
      }
    },
    {
      "entity": "bot",
      "action_name": "generate_report",
      "output": {
        "full_report": {
          "title": "Opening Settings from the Balance Sheet report results in a duplicate Balance Sheet report",
          "observed_behavior": "On the Balance Sheet report screen, if the user opens the navigation drawer and selects Settings after navigating to Reports and tapping SHEET, the app shows a duplicate report in the Balance Sheet.",
          "expected_behavior": "The Balance Sheet should appear only once and should not show a duplicate report.",
          "steps_to_reproduce": "1. Open the app. <1818118628>\n2. On the welcome setup screen, tap NEXT. <-1322948152>\n3. On the Default Currency screen, tap NEXT. <-351950572>\n4. On the Account Setup screen, tap NEXT. <-140146318>\n5. On the Feedback Options screen, tap NEXT. <-508610335>\n6. On the review screen, tap DONE. <-1928190373>\n7. Grant the storage permission by tapping ALLOW. <-1153130653>\n8. On the Accounts screen, open the navigation drawer. <-1203105423>\n9. In the navigation drawer, tap Reports. <-903088877>\n10. On the Reports screen, tap SHEET to open the Balance Sheet report. <1217791898>\n11. On the Balance Sheet report screen, open the navigation drawer. <-1192298919>\n12. In the navigation drawer, tap Settings. <-1704976314>"
        }
      },
      "meta_data": {
        "latency": "2.8507989600002475 s",
        "node_token_consumption": {
          "input_tokens": 27437,
          "output_tokens": 304,
          "total_tokens": 27741,
          "llm_calls": 1,
          "llm_calls_with_usage": 1,
          "llm_calls_missing_usage": 0
        }
      }
    }
  ]
}
{
  "record_type": "final_report",
  "session_id": "d5be40f6-afe0-49a1-a362-f4c6606907a4",
  "final_report": {
    "title": "Opening Settings from the Balance Sheet report results in a duplicate Balance Sheet report",
    "observed_behavior": "On the Balance Sheet report screen, if the user opens the navigation drawer and selects Settings after navigating to Reports and tapping SHEET, the app shows a duplicate report in the Balance Sheet.",
    "expected_behavior": "The Balance Sheet should appear only once and should not show a duplicate report.",
    "steps_to_reproduce": "1. Open the app. <1818118628>\n2. On the welcome setup screen, tap NEXT. <-1322948152>\n3. On the Default Currency screen, tap NEXT. <-351950572>\n4. On the Account Setup screen, tap NEXT. <-140146318>\n5. On the Feedback Options screen, tap NEXT. <-508610335>\n6. On the review screen, tap DONE. <-1928190373>\n7. Grant the storage permission by tapping ALLOW. <-1153130653>\n8. On the Accounts screen, open the navigation drawer. <-1203105423>\n9. In the navigation drawer, tap Reports. <-903088877>\n10. On the Reports screen, tap SHEET to open the Balance Sheet report. <1217791898>\n11. On the Balance Sheet report screen, open the navigation drawer. <-1192298919>\n12. In the navigation drawer, tap Settings. <-1704976314>"
  }
}
{
  "record_type": "conversation_summary",
  "session_id": "d5be40f6-afe0-49a1-a362-f4c6606907a4",
  "run_metadata": {
    "bug_id": 3,
    "description_level": null,
    "input_source": "user",
    "runtime": "api"
  },
  "started_at": "2026-08-07T23:34:17.807196+00:00",
  "ended_at": "2026-08-07T23:35:38.306385+00:00",
  "total_wall_clock_seconds": 80.499189,
  "total_turn_processing_seconds": 26.192545,
  "total_conversation_turns": 3,
  "token_consumption": {
    "input_tokens": 129350,
    "output_tokens": 1940,
    "total_tokens": 131290,
    "llm_calls": 11,
    "llm_calls_with_usage": 11,
    "llm_calls_missing_usage": 0
  }
}
{
  "record_type": "modified_report",
  "session_id": "d5be40f6-afe0-49a1-a362-f4c6606907a4",
  "modified_report": {
    "title": "Opening Settings from the Balance Sheet report results in a duplicate Balance Sheet report",
    "observed_behavior": "On the Balance Sheet report screen, if the user opens the navigation drawer and selects Settings after navigating to Reports and tapping SHEET, the app shows a duplicate report in the Balance Sheet.",
    "expected_behavior": "The Balance Sheet should appear only once and should not show a duplicate report.",
    "steps_to_reproduce": "1. Open the app.\n2. On the welcome setup screen, tap NEXT.\n3. On the Default Currency screen, tap NEXT.\n4. On the Account Setup screen, tap NEXT.\n5. On the Feedback Options screen, tap NEXT.\n6. On the review screen, tap DONE.\n7. Grant the storage permission by tapping ALLOW.\n8. On the Accounts screen, open the navigation drawer.\n9. In the navigation drawer, tap Reports.\n10. On the Reports screen, tap SHEET to open the Balance Sheet report.\n11. On the Balance Sheet report screen, open the navigation drawer.\n12. In the navigation drawer, tap Settings.\n13. The issue is in that page."
  }
}
