{
  "turn": 0,
  "actions": [
    {
      "entity": "bot",
      "action_name": "extract_and_update",
      "output": {
        "BugInfo": {
          "triggering_screen_reference": {
            "value": "5f73d16c7a634772a51c9c854a69bc9dec5f65b77d44fab362d5462a759767e8",
            "status": "inferred",
            "evidence": "User mentions clicking the \"Parent Categories\" tab; this tab exists on the CategoryDetailsActivity screen."
          },
          "triggering_GUI_interactions": [
            {
              "value": "6be714d047ab21effd5c736c32506e18bd08b4c8e44ecb14442be1e47d5253a5",
              "status": "confirmed",
              "evidence": "\"Clicking the Parent Categories tab results in a blank page\" (transition is click on TextView with tx=PARENT CATEGORIES on CategoryDetailsActivity)."
            }
          ],
          "buggy_behavior": {
            "value": "After tapping the \"PARENT CATEGORIES\" tab in CategoryDetails, the tab content is blank/empty (appears as a blank page).",
            "status": "confirmed",
            "evidence": "\"results in a blank page\""
          },
          "correct_behavior": {
            "value": "After tapping the \"PARENT CATEGORIES\" tab, the app should display the list of parent categories for the current category.",
            "status": "confirmed",
            "evidence": "\"the Parent Categories of the current category should be displayed\""
          },
          "steps_to_reproduce": [
            {
              "value": "8e8c7133a537849ea1f09bcc2625161404e90d5f93d33e01c0e90230c92a5a7a",
              "status": "inferred",
              "evidence": "Need to open the app to reach CategoryDetailsActivity."
            },
            {
              "value": "b3d177434c01973aefd635e9b2c077d1ba46bf4e2a80da4ed89474511160b63d",
              "status": "inferred",
              "evidence": "Proceed through welcome screens to reach the app flow where category details can be accessed."
            },
            {
              "value": "e0f12adac56be76acb79d37d0e90aa329ca9de72ca3481f451a5311f141027c4",
              "status": "inferred",
              "evidence": "Proceed through welcome screens."
            },
            {
              "value": "8816181fdd2f34a86b06a3bc7208d741eee74c5da62d980f09630d2cf47f6df1",
              "status": "inferred",
              "evidence": "Proceed through welcome screens."
            },
            {
              "value": "b71f779a1f0963d53f1859ce1784a17f4a319592a660124b62c8f18a53cf46e8",
              "status": "inferred",
              "evidence": "Proceed through welcome screens."
            },
            {
              "value": "603e704cb3a4d89b9512eb62fcb0c8f93d10ee708131c2492858fe54b37e7d93",
              "status": "inferred",
              "evidence": "Tap \"YES!\" to finish the welcome flow and enter the app."
            },
            {
              "value": "7c5259ec36f178cb73d25caa30ee502f0260fe40fe484a23ac5de60393f13105",
              "status": "inferred",
              "evidence": "From Bookmarks, switch to LOCATIONS so the nav drawer is available (path in graph to reach Explore/category browsing)."
            },
            {
              "value": "8ee31434d92a04aa288421c903a5e1fcb8f3819f0847224661e606a1501f829f",
              "status": "inferred",
              "evidence": "Open navigation drawer to access Explore."
            },
            {
              "value": "79483861ea0be6bca5dd0d94f2ff6a67bbeabcb8339d276e155774262988ae16",
              "status": "inferred",
              "evidence": "Select Explore to reach category browsing."
            },
            {
              "value": "eeb2dcc5b038a5365fc5e3968862c3ae476f8c007955b49e9585b8a8b05bc0c1",
              "status": "inferred",
              "evidence": "Open an item/category image from Explore list to reach a details view that provides access to a category page."
            },
            {
              "value": "f855240a7c5488e1a1fd483c6fec3b99757ca2940f7ceba50517a42c5e6211dc",
              "status": "inferred",
              "evidence": "Tap a category chip/link in the media details to open CategoryDetailsActivity."
            },
            {
              "value": "6be714d047ab21effd5c736c32506e18bd08b4c8e44ecb14442be1e47d5253a5",
              "status": "confirmed",
              "evidence": "\"Clicking the Parent Categories tab\""
            }
          ]
        }
      },
      "meta_data": {
        "latency": "15.644510207999701 s",
        "token_consumption": null
      }
    },
    {
      "entity": "bot",
      "action_name": "evaluate",
      "output": {
        "unknown_and_low_confidence_info": []
      },
      "meta_data": {
        "latency": "1.554099981149193e-05 s",
        "token_consumption": null
      }
    },
    {
      "entity": "user",
      "action_name": "generate_report",
      "output": {
        "title": "CategoryDetails: \"PARENT CATEGORIES\" tab shows blank content",
        "observed_behavior": "On the CategoryDetails screen, if the user taps the \"PARENT CATEGORIES\" tab, the tab content is blank/empty (appears as a blank page).",
        "expected_behavior": "The app should display the list of parent categories for the current category after tapping the \"PARENT CATEGORIES\" tab.",
        "steps_to_reproduce": "1. Open the app.\n2. Swipe left on the welcome screens.\n3. Swipe left again.\n4. Swipe left again.\n5. Swipe left again to reach the final welcome screen.\n6. Tap \"YES!\".\n7. Tap the \"LOCATIONS\" tab.\n8. Tap the navigation drawer (hamburger) icon.\n9. In the navigation drawer, tap \"Explore\".\n10. Tap a category item (category image) from the Explore grid.\n11. From the media details screen, tap a category name (e.g., \"Focus stacking images of insects\").\n12. On the CategoryDetails screen, tap the \"PARENT CATEGORIES\" tab."
      },
      "meta_data": {
        "latency": "7.372924874998716 s",
        "token_consumption": null
      }
    }
  ]
}
