{
  "turn": 0,
  "actions": [
    {
      "entity": "bot",
      "action_name": "extract_and_update",
      "output": {
        "BugInfo": {
          "triggering_screen_reference": {
            "value": "5f73d16c7a634772a51c9c854a69bc9dec5f65b77d44fab362d5462a759767e8",
            "status": "inferred",
            "evidence": "\"The Parent Categories of the current category should be displayed.\" (This refers to the CategoryDetails screen with the PARENT CATEGORIES tab)"
          },
          "triggering_GUI_interactions": [
            {
              "value": "6be714d047ab21effd5c736c32506e18bd08b4c8e44ecb14442be1e47d5253a5",
              "status": "inferred",
              "evidence": "\"Parent Categories\" implies switching to the \"PARENT CATEGORIES\" tab in CategoryDetailsActivity (transition clicks TextView 'PARENT CATEGORIES')."
            }
          ],
          "buggy_behavior": {
            "value": null,
            "status": "unknown",
            "evidence": null
          },
          "correct_behavior": {
            "value": "The Parent Categories of the current category should be displayed.",
            "status": "confirmed",
            "evidence": "\"The Parent Categories of the current category should be displayed.\""
          },
          "steps_to_reproduce": [
            {
              "value": "8e8c7133a537849ea1f09bcc2625161404e90d5f93d33e01c0e90230c92a5a7a",
              "status": "inferred",
              "evidence": "Inferred minimal path: open the app."
            },
            {
              "value": "b3d177434c01973aefd635e9b2c077d1ba46bf4e2a80da4ed89474511160b63d",
              "status": "inferred",
              "evidence": "Inferred to proceed through welcome screens by swiping left."
            },
            {
              "value": "e0f12adac56be76acb79d37d0e90aa329ca9de72ca3481f451a5311f141027c4",
              "status": "inferred",
              "evidence": "Inferred to proceed through welcome screens by swiping left."
            },
            {
              "value": "8816181fdd2f34a86b06a3bc7208d741eee74c5da62d980f09630d2cf47f6df1",
              "status": "inferred",
              "evidence": "Inferred to proceed through welcome screens by swiping left."
            },
            {
              "value": "b71f779a1f0963d53f1859ce1784a17f4a319592a660124b62c8f18a53cf46e8",
              "status": "inferred",
              "evidence": "Inferred to proceed through welcome screens by swiping left to reach the final welcome page with YES!."
            },
            {
              "value": "9637973e88b508b265333dbf56463d16981017c2c09b4c69c5b9902e347d39e5",
              "status": "inferred",
              "evidence": "Inferred to exit the welcome flow by tapping YES! (welcomeYesButton)."
            },
            {
              "value": "7c5259ec36f178cb73d25caa30ee502f0260fe40fe484a23ac5de60393f13105",
              "status": "inferred",
              "evidence": "Inferred to reach Explore/Category browsing from the main area (graph shows navigating via Bookmarks tabs; needed to get into categories)."
            },
            {
              "value": "738b1be7acd4234c8f3960ed0b484e5f36707addded2ececa123a90c9fc1a1a6",
              "status": "inferred",
              "evidence": "Inferred to open navigation drawer (ImageButton with dsc=Open)."
            },
            {
              "value": "79a2fbbb79625dd2e975c055af0af09f1d5b5647705e95fd6c87f7f9f37de148",
              "status": "inferred",
              "evidence": "Inferred to close drawer via swipe to return to main content before entering explore path."
            },
            {
              "value": "b3d177434c01973aefd635e9b2c077d1ba46bf4e2a80da4ed89474511160b63d",
              "status": "ambiguous",
              "evidence": "Graph does not show a clear deterministic path from Bookmarks to CategoryDetails; actual navigation to a specific category is not described by the user."
            },
            {
              "value": "6df23c28a1a85d0597031464e32240c7cee156351cf037a4274be446270632da",
              "status": "inferred",
              "evidence": "Inferred: from CategoryDetailsActivity, the PARENT CATEGORIES tab is accessible; need to be on CategoryDetails first."
            },
            {
              "value": "6be714d047ab21effd5c736c32506e18bd08b4c8e44ecb14442be1e47d5253a5",
              "status": "inferred",
              "evidence": "Trigger step: tap \"PARENT CATEGORIES\" tab."
            }
          ]
        }
      },
      "meta_data": {
        "latency": "17.955448416999843 s",
        "token_consumption": null
      }
    },
    {
      "entity": "bot",
      "action_name": "evaluate",
      "output": {
        "unknown_and_low_confidence_info": [
          "steps_to_reproduce[9]",
          "buggy_behavior"
        ]
      },
      "meta_data": {
        "latency": "1.887500002339948e-05 s",
        "token_consumption": null
      }
    },
    {
      "entity": "bot",
      "action_name": "follow_up",
      "output": {
        "generated_question": "When you tap the **PARENT CATEGORIES** tab on the category details screen, what happens in the app (e.g., does it stay on a loading spinner, show an empty list/“No images found!”, show the wrong categories, or crash)?"
      },
      "meta_data": {
        "latency": "4.964660999999978 s",
        "token_consumption": null
      }
    }
  ]
}
{
  "turn": 1,
  "actions": [
    {
      "entity": "user",
      "action_name": "user_description",
      "output": {
        "messages": {
          "content": "It stays on a loading spinner.",
          "additional_kwargs": {},
          "response_metadata": {},
          "type": "human",
          "name": null,
          "id": "4b94975e-b291-4aa2-8cd0-8b7a45ba9a92"
        }
      },
      "meta_data": {
        "latency": "4.45840000793396e-05 s",
        "token_consumption": null
      }
    },
    {
      "entity": "bot",
      "action_name": "extract_and_update",
      "output": {
        "BugInfo": {
          "triggering_screen_reference": {
            "value": "5f73d16c7a634772a51c9c854a69bc9dec5f65b77d44fab362d5462a759767e8",
            "status": "inferred",
            "evidence": "User refers to the CategoryDetails screen where they tap the “PARENT CATEGORIES” tab; this matches CategoryDetailsActivity with tabs including “PARENT CATEGORIES”."
          },
          "triggering_GUI_interactions": [
            {
              "value": "6be714d047ab21effd5c736c32506e18bd08b4c8e44ecb14442be1e47d5253a5",
              "status": "confirmed",
              "evidence": "\"When you tap the PARENT CATEGORIES tab\" + user response implies the trigger is tapping “PARENT CATEGORIES” (transition to same screen)."
            }
          ],
          "buggy_behavior": {
            "value": "After tapping the PARENT CATEGORIES tab, the screen stays on a loading spinner and does not finish loading the parent categories.",
            "status": "confirmed",
            "evidence": "\"It stays on a loading spinner.\""
          },
          "correct_behavior": {
            "value": "The Parent Categories of the current category should be displayed.",
            "status": "confirmed",
            "evidence": "\"The Parent Categories of the current category should be displayed.\""
          },
          "steps_to_reproduce": [
            {
              "value": "8e8c7133a537849ea1f09bcc2625161404e90d5f93d33e01c0e90230c92a5a7a",
              "status": "inferred",
              "evidence": "Inferred minimal start: open app (graph transition: open app)."
            },
            {
              "value": "b3d177434c01973aefd635e9b2c077d1ba46bf4e2a80da4ed89474511160b63d",
              "status": "inferred",
              "evidence": "Inferred progression through welcome screens by swiping left to reach the final welcome page."
            },
            {
              "value": "e0f12adac56be76acb79d37d0e90aa329ca9de72ca3481f451a5311f141027c4",
              "status": "inferred",
              "evidence": "Inferred progression through welcome screens by swiping left."
            },
            {
              "value": "8816181fdd2f34a86b06a3bc7208d741eee74c5da62d980f09630d2cf47f6df1",
              "status": "inferred",
              "evidence": "Inferred progression through welcome screens by swiping left."
            },
            {
              "value": "b71f779a1f0963d53f1859ce1784a17f4a319592a660124b62c8f18a53cf46e8",
              "status": "inferred",
              "evidence": "Inferred progression through welcome screens by swiping left to the page with the YES! button."
            },
            {
              "value": "603e704cb3a4d89b9512eb62fcb0c8f93d10ee708131c2492858fe54b37e7d93",
              "status": "inferred",
              "evidence": "Inferred exit from welcome flow by tapping YES! (welcomeYesButton) to reach main app (BookmarksActivity)."
            },
            {
              "value": "738b1be7acd4234c8f3960ed0b484e5f36707addded2ececa123a90c9fc1a1a6",
              "status": "ambiguous",
              "evidence": "Graph shows opening navigation drawer from Bookmarks, but user did not describe navigation steps to reach a specific category details screen."
            },
            {
              "value": "79a2fbbb79625dd2e975c055af0af09f1d5b5647705e95fd6c87f7f9f37de148",
              "status": "ambiguous",
              "evidence": "Graph shows returning from drawer via swipe; actual user path to CategoryDetails is not described."
            },
            {
              "value": "6be714d047ab21effd5c736c32506e18bd08b4c8e44ecb14442be1e47d5253a5",
              "status": "confirmed",
              "evidence": "Trigger step from user description: tapping “PARENT CATEGORIES” tab."
            }
          ]
        }
      },
      "meta_data": {
        "latency": "12.016121624999869 s",
        "token_consumption": null
      }
    },
    {
      "entity": "bot",
      "action_name": "evaluate",
      "output": {
        "unknown_and_low_confidence_info": [
          "steps_to_reproduce[6]",
          "steps_to_reproduce[7]"
        ]
      },
      "meta_data": {
        "latency": "1.849999989644857e-05 s",
        "token_consumption": null
      }
    },
    {
      "entity": "bot",
      "action_name": "follow_up",
      "output": {
        "generated_question": "Right before you tapped the “PARENT CATEGORIES” tab, how did you navigate to that Category Details screen—did you open the side menu (☰) and choose Explore, then open a category, or did you reach it some other way? Please list the exact taps/screens you used from the first main screen after onboarding."
      },
      "meta_data": {
        "latency": "3.0062794580003356 s",
        "token_consumption": null
      }
    }
  ]
}
{
  "turn": 2,
  "actions": [
    {
      "entity": "user",
      "action_name": "user_description",
      "output": {
        "messages": {
          "content": "I open the side menu, choe Explore, then I swiped up and clicked a category.",
          "additional_kwargs": {},
          "response_metadata": {},
          "type": "human",
          "name": null,
          "id": "2f1001e6-c6ac-4f00-96c4-05e7a2b8d477"
        }
      },
      "meta_data": {
        "latency": "7.158400057960534e-05 s",
        "token_consumption": null
      }
    },
    {
      "entity": "bot",
      "action_name": "extract_and_update",
      "output": {
        "BugInfo": {
          "triggering_screen_reference": {
            "value": "5f73d16c7a634772a51c9c854a69bc9dec5f65b77d44fab362d5462a759767e8",
            "status": "inferred",
            "evidence": "User describes reaching a Category Details screen (after selecting Explore and clicking a category), consistent with CategoryDetailsActivity where the “PARENT CATEGORIES” tab exists."
          },
          "triggering_GUI_interactions": [
            {
              "value": "6be714d047ab21effd5c736c32506e18bd08b4c8e44ecb14442be1e47d5253a5",
              "status": "confirmed",
              "evidence": "“...then I tapped the PARENT CATEGORIES tab” (previously reported) and “Right before you tapped the “PARENT CATEGORIES” tab…” context confirms this is the triggering action."
            }
          ],
          "buggy_behavior": {
            "value": "After tapping the PARENT CATEGORIES tab, the screen stays on a loading spinner and does not finish loading the parent categories.",
            "status": "confirmed",
            "evidence": "“It stays on a loading spinner.”"
          },
          "correct_behavior": {
            "value": "The Parent Categories of the current category should be displayed.",
            "status": "confirmed",
            "evidence": "“The Parent Categories of the current category should be displayed.”"
          },
          "steps_to_reproduce": [
            {
              "value": "8e8c7133a537849ea1f09bcc2625161404e90d5f93d33e01c0e90230c92a5a7a",
              "status": "inferred",
              "evidence": "Implied start: user begins by opening the app (“I open…”). Graph start action is Open app."
            },
            {
              "value": "603e704cb3a4d89b9512eb62fcb0c8f93d10ee708131c2492858fe54b37e7d93",
              "status": "inferred",
              "evidence": "To reach the first main screen after onboarding, the graph requires tapping “YES!” on the final Welcome screen; user’s flow starts from the main screen after onboarding (as asked)."
            },
            {
              "value": "738b1be7acd4234c8f3960ed0b484e5f36707addded2ececa123a90c9fc1a1a6",
              "status": "confirmed",
              "evidence": "“I open the side menu…” matches tapping the toolbar drawer button (content-desc “Open”) from the main screen."
            },
            {
              "value": "79483861ea0be6bca5dd0d94f2ff6a67bbeabcb8339d276e155774262988ae16",
              "status": "confirmed",
              "evidence": "“…cho[e] Explore” matches selecting “Explore” from the navigation drawer."
            },
            {
              "value": "d568644be18b343618eb4f1e200e92c2e8b78c0ff963130ee2c5cafeeb6ace82",
              "status": "confirmed",
              "evidence": "“…then I swiped up…” corresponds to swipe up on the Explore grid screen (CategoryImagesActivity)."
            },
            {
              "value": "eeb2dcc5b038a5365fc5e3968862c3ae476f8c007955b49e9585b8a8b05bc0c1",
              "status": "inferred",
              "evidence": "“…and clicked a category.” From the swiped Explore screen, clicking a category tile (categoryImageView) transitions to a Category Details screen."
            },
            {
              "value": "6be714d047ab21effd5c736c32506e18bd08b4c8e44ecb14442be1e47d5253a5",
              "status": "confirmed",
              "evidence": "Trigger action: tapping “PARENT CATEGORIES” tab on the Category Details screen."
            }
          ]
        }
      },
      "meta_data": {
        "latency": "12.93474524999965 s",
        "token_consumption": null
      }
    },
    {
      "entity": "bot",
      "action_name": "evaluate",
      "output": {
        "unknown_and_low_confidence_info": []
      },
      "meta_data": {
        "latency": "2.0416999177541584e-05 s",
        "token_consumption": null
      }
    },
    {
      "entity": "user",
      "action_name": "generate_report",
      "output": {
        "title": "Category details screen gets stuck on loading spinner when opening the “Parent Categories” tab",
        "observed_behavior": "On the Category Details screen (with tabs MEDIA / SUBCATEGORIES / PARENT CATEGORIES), if the user taps the “PARENT CATEGORIES” tab, the screen stays on a loading spinner and does not finish loading the parent categories.",
        "expected_behavior": "The Parent Categories of the current category should be displayed.",
        "steps_to_reproduce": "1. Open the app.\n2. On the final welcome/tutorial screen, tap “YES!”.\n3. From the Bookmarks screen, open the navigation drawer (hamburger icon).\n4. Tap “Explore”.\n5. On the Explore (category images) screen, scroll up.\n6. Scroll up again.\n7. Tap a category item (category image) to open its Category Details screen.\n8. Tap the “PARENT CATEGORIES” tab."
      },
      "meta_data": {
        "latency": "7.651423667000017 s",
        "token_consumption": null
      }
    }
  ]
}
