{
  "turn": 0,
  "actions": [
    {
      "entity": "bot",
      "action_name": "extract_and_update",
      "output": {
        "BugInfo": {
          "buggy_screen": {
            "value": "2957d1cfee327d06abd84e6b91e1153eb930ce1886a45ed33c8ff4c6536fbcb0",
            "status": "inferred",
            "evidence": "\"My app crashed.\" (only clear symptom is a crash dialog; graph contains crash dialog screen 'Unfortunately, Family Finance has stopped.' as state 2957d1...)"
          },
          "trigger_action": {
            "value": null,
            "status": "unknown",
            "evidence": "\"My app crashed.\" (no action described that immediately preceded the crash)"
          },
          "buggy_behavior": {
            "value": "The app crashed and showed a system crash dialog (e.g., “Unfortunately, Family Finance has stopped.”).",
            "status": "inferred",
            "evidence": "\"My app crashed.\""
          },
          "expected_behavior": {
            "value": "The app should not crash and should continue operating normally after the user action.",
            "status": "inferred",
            "evidence": "\"My app crashed.\" (implies expectation of normal operation instead of crashing)"
          },
          "steps_to_reproduce": [
            {
              "value": null,
              "status": "unknown",
              "evidence": "No steps provided beyond \"My app crashed.\""
            }
          ]
        }
      },
      "meta_data": {
        "latency": "5.24608737500057 s",
        "token_consumption": null
      }
    },
    {
      "entity": "bot",
      "action_name": "evaluate",
      "output": {
        "unknown_and_low_confidence_info": [
          "trigger_action",
          "steps_to_reproduce[0]"
        ]
      },
      "meta_data": {
        "latency": "1.5042000086396001e-05 s",
        "token_consumption": null
      }
    },
    {
      "entity": "bot",
      "action_name": "follow_up",
      "output": {
        "generated_question": "Right before the crash dialog (“Unfortunately, Family Finance has stopped.”) appeared, what screen were you on and what exactly did you tap/select (e.g., Reports → Display → OK, Reports → Filter → OK/Cancel, Add Income/Expense, etc.)?"
      },
      "meta_data": {
        "latency": "2.344815125000423 s",
        "token_consumption": null
      }
    }
  ]
}
{
  "turn": 1,
  "actions": [
    {
      "entity": "user",
      "action_name": "user_description",
      "output": {
        "messages": {
          "content": "I was on the reports screen and I tapped ok",
          "additional_kwargs": {},
          "response_metadata": {},
          "type": "human",
          "name": null,
          "id": "70d41534-3e32-4d17-a17c-b25b4e25266a"
        }
      },
      "meta_data": {
        "latency": "6.912500066391658e-05 s",
        "token_consumption": null
      }
    },
    {
      "entity": "bot",
      "action_name": "extract_and_update",
      "output": {
        "BugInfo": {
          "buggy_screen": {
            "value": "f189f23124c6c372973bbff27e30b7107f27022f74836d7085daf2817f565790",
            "status": "inferred",
            "evidence": "\"I was on the reports screen\" + \"I tapped ok\" (Reports has an OK button in the Display dialog: state f189f2...)"
          },
          "trigger_action": {
            "value": "26c0ae2d76021672cf80c07928394773aec07f5be831f91ab09b5f7c2392b6aa",
            "status": "inferred",
            "evidence": "\"I tapped ok\" (on Reports/Display dialog; transition 26c0... is the OK button on the Reports display dialog)"
          },
          "buggy_behavior": {
            "value": "After tapping OK on the Reports screen, the app crashed and showed the system dialog “Unfortunately, Family Finance has stopped.”",
            "status": "inferred",
            "evidence": "\"I was on the reports screen and I tapped ok\" + previously reported \"My app crashed.\""
          },
          "expected_behavior": {
            "value": "After tapping OK on the Reports screen, the dialog should close and the report should display/update without crashing.",
            "status": "inferred",
            "evidence": "\"I tapped ok\" (implies expecting OK to apply settings/close dialog, not crash)"
          },
          "steps_to_reproduce": [
            {
              "value": "fa8baa4de2d1015dd5da60a38bcc25a725e918d25bafb6b4b8bafe8f727ccfcf",
              "status": "inferred",
              "evidence": "Path from Start: open app → permissions flow is typical; graph shows open app to permission screen (start to 98690a...) before reaching dashboard."
            },
            {
              "value": "8407e328c4a9d75304cf3edee19af6616ae654caca4e79229e0df0c827909816",
              "status": "inferred",
              "evidence": "Allow permission to proceed (common required step to reach dashboard in graph)."
            },
            {
              "value": "9a4f389ec16dc06bc51519fd35159ab49c667d2cae3e0323df9bf08cd98bda88",
              "status": "inferred",
              "evidence": "From Dashboard, user goes to \"Reports\" (transition to Reports/ChartActivity)."
            },
            {
              "value": "c7c181b4d07f85b6731edefa0c51eca8637b088e992c8d07e2349379db3cd413",
              "status": "inferred",
              "evidence": "On Reports screen, open \"Display\" dialog (needed to have an OK button to tap)."
            },
            {
              "value": "26c0ae2d76021672cf80c07928394773aec07f5be831f91ab09b5f7c2392b6aa",
              "status": "inferred",
              "evidence": "\"I tapped ok\" (OK on the Reports Display dialog)"
            }
          ]
        }
      },
      "meta_data": {
        "latency": "13.128362124999512 s",
        "token_consumption": null
      }
    },
    {
      "entity": "bot",
      "action_name": "evaluate",
      "output": {
        "unknown_and_low_confidence_info": []
      },
      "meta_data": {
        "latency": "2.11669994314434e-05 s",
        "token_consumption": null
      }
    }
  ]
}
