{
  "turn": 0,
  "actions": [
    {
      "entity": "bot",
      "action_name": "information_element_extraction",
      "output": {
        "information_element_extraction": {
          "triggering_screen_reference": {
            "value": "the \"Display of Incomes by Articles\" pop-up of the Reports screen",
            "evidence": [
              "\"to reach the Display of Incomes by Articles pop-up of the Reports screen\""
            ]
          },
          "triggering_GUI_interactions": {
            "value": "changing the report appearance from 'view values' to 'use percent values' (by checking 'use percent values') and tapping OK",
            "evidence": [
              "\"changing the report appearance from 'view values' to 'use percent values' causes the application to crash\"",
              "\"check 'view values', check 'use percent values', and tap OK\""
            ]
          },
          "buggy_behavior": {
            "value": "the application crashes when changing the report appearance from 'view values' to 'use percent values'",
            "evidence": [
              "\"changing the report appearance from 'view values' to 'use percent values' causes the application to crash\""
            ]
          },
          "correct_behavior": {
            "value": "the report appearance should change to 'use percent values' (instead of crashing)",
            "evidence": [
              "\"the appearance of the report should be changed to 'use percent values'\""
            ]
          },
          "steps_to_reproduce": {
            "value": "Open the app > tap Allow > select Report > choose Incomes By Articles or Expenses By Articles > tap View > check 'view values' > check 'use percent values' > tap OK to reach the Display of Incomes by Articles pop-up of the Reports screen",
            "evidence": [
              "\"Open the app, tap Allow, select Report, choose Incomes By Articles or Expenses By Articles, tap View, check 'view values', check 'use percent values', and tap OK to reach the Display of Incomes by Articles pop-up of the Reports screen\""
            ]
          }
        },
        "clarification_window_start_idx": 0
      },
      "meta_data": {
        "latency": "5.708745791999718 s",
        "node_token_consumption": {
          "input_tokens": 883,
          "output_tokens": 349,
          "total_tokens": 1232,
          "llm_calls": 1,
          "llm_calls_with_usage": 1,
          "llm_calls_missing_usage": 0
        }
      }
    },
    {
      "entity": "bot",
      "action_name": "clarity_check",
      "output": {
        "clarity_route": "needs_clarification",
        "clarity_issues": [
          "Triggering GUI interactions: unclear whether 'view values' and 'use percent values' are mutually exclusive options (switching from one to the other) or both can be checked at the same time; the exact action that triggers the crash is ambiguous.",
          "Steps to reproduce: inconsistency between selecting 'Incomes By Articles or Expenses By Articles' and later stating it reaches the 'Display of Incomes by Articles' pop-up—unclear which report was actually used when reproducing."
        ]
      },
      "meta_data": {
        "latency": "3.6772978330000115 s",
        "node_token_consumption": {
          "input_tokens": 726,
          "output_tokens": 121,
          "total_tokens": 847,
          "llm_calls": 1,
          "llm_calls_with_usage": 1,
          "llm_calls_missing_usage": 0
        }
      }
    },
    {
      "entity": "bot",
      "action_name": "clarity_follow_up",
      "output": {
        "generated_question": "To confirm the exact trigger: in the “Display … by Articles” pop‑up, are “view values” and “use percent values” radio options (only one can be selected) or checkboxes (both can be checked)? Which exact action causes the crash—(a) selecting “use percent values” (switching from “view values”), or (b) tapping OK after “use percent values” is selected/checked? Also, when you reproduced it, did you open **Incomes By Articles** or **Expenses By Articles** (which pop‑up title did you actually see)?",
        "clarification_rounds": 1
      },
      "meta_data": {
        "latency": "3.375795042000391 s",
        "node_token_consumption": {
          "input_tokens": 701,
          "output_tokens": 136,
          "total_tokens": 837,
          "llm_calls": 1,
          "llm_calls_with_usage": 1,
          "llm_calls_missing_usage": 0
        }
      }
    }
  ]
}
{
  "turn": 1,
  "actions": [
    {
      "entity": "user",
      "action_name": "user_description",
      "output": {
        "messages": {
          "content": "View values and use percent values are checkboxes and the action that causes the crash is tapping ok after making the change to the view.",
          "additional_kwargs": {},
          "response_metadata": {},
          "type": "human",
          "name": null,
          "id": "90074510-774e-4fc3-82ed-e6234412f58a"
        }
      },
      "meta_data": {
        "latency": "0.00010074999954667874 s",
        "node_token_consumption": null
      }
    },
    {
      "entity": "bot",
      "action_name": "information_element_extraction",
      "output": {
        "information_element_extraction": {
          "triggering_screen_reference": null,
          "triggering_GUI_interactions": {
            "value": "In the “Display … by Articles” pop-up, “view values” and “use percent values” are checkboxes; the crash happens when tapping OK after changing the view.",
            "evidence": [
              "View values and use percent values are checkboxes",
              "the action that causes the crash is tapping ok after making the change to the view."
            ]
          },
          "buggy_behavior": {
            "value": "The app crashes when tapping OK after changing the view option(s) in the pop-up.",
            "evidence": [
              "the action that causes the crash is tapping ok after making the change to the view."
            ]
          },
          "correct_behavior": null,
          "steps_to_reproduce": null
        },
        "clarification_window_start_idx": 1
      },
      "meta_data": {
        "latency": "3.427099999999882 s",
        "node_token_consumption": {
          "input_tokens": 940,
          "output_tokens": 185,
          "total_tokens": 1125,
          "llm_calls": 1,
          "llm_calls_with_usage": 1,
          "llm_calls_missing_usage": 0
        }
      }
    },
    {
      "entity": "bot",
      "action_name": "clarity_check",
      "output": {
        "clarity_route": "needs_clarification",
        "clarity_issues": [
          "Triggering GUI interaction: “after changing the view” is vague—unclear which specific option(s)/checkbox state changes (view values, use percent values, or both) are required to reproduce the crash.",
          "Triggering GUI interaction: “Display … by Articles” pop-up name is incomplete (“…”) so it’s unclear which exact dialog/popup is involved.",
          "Buggy behavior: “changing the view option(s)” is unspecified—unclear what exact view option(s) were changed before tapping OK."
        ]
      },
      "meta_data": {
        "latency": "3.281253791999916 s",
        "node_token_consumption": {
          "input_tokens": 508,
          "output_tokens": 126,
          "total_tokens": 634,
          "llm_calls": 1,
          "llm_calls_with_usage": 1,
          "llm_calls_missing_usage": 0
        }
      }
    },
    {
      "entity": "bot",
      "action_name": "extract_and_update",
      "output": {
        "BugInfo": {
          "triggering_screen_reference": {
            "value": "f189f23124c6c372973bbff27e30b7107f27022f74836d7085daf2817f565790",
            "status": "inferred",
            "evidence": "User says the crash happens in the “Display … by Articles” pop-up with checkboxes “View values” and “Use percent values”. State f189f231… is a Display dialog titled “Display of Incomes by Articles” and contains those exact checkboxes."
          },
          "triggering_GUI_interactions": [
            {
              "value": "dc01c666d81db01f9ceb751ff256033bcc27f75ab0951ef2f9eff49e39233d64",
              "status": "inferred",
              "evidence": "User: changed the view option(s) in the pop-up; transition dc01c666… is tapping the “View values” checkbox (idx=view_values) on the Display dialog (state f189f231…)."
            },
            {
              "value": "c3292f1abb084883da9f0bf06776dd33343b186505d53bedfbb8b83717e4b319",
              "status": "inferred",
              "evidence": "User: changed the view option(s) in the pop-up; transition c3292f1a… is tapping the “Use percent values” checkbox (idx=use_percent_values) on the Display dialog (state f189f231…)."
            },
            {
              "value": "26c0ae2d76021672cf80c07928394773aec07f5be831f91ab09b5f7c2392b6aa",
              "status": "confirmed",
              "evidence": "User: “crash happens when tapping OK after changing the view.” Transition 26c0ae2d… is clicking OK on the Display dialog (state f189f231…), and it leads to the crash dialog state 2957d1cf… (“Unfortunately, Family Finance has stopped.”)."
            }
          ],
          "buggy_behavior": {
            "value": "The app crashes when tapping OK after changing the view option(s) (e.g., toggling “View values” / “Use percent values”) in the “Display … by Articles” pop-up.",
            "status": "confirmed",
            "evidence": "User: “the crash happens when tapping OK after changing the view” in the Display-by-Articles pop-up with those checkboxes."
          },
          "correct_behavior": {
            "value": null,
            "status": "unknown",
            "evidence": null
          },
          "steps_to_reproduce": []
        }
      },
      "meta_data": {
        "latency": "8.607453291999263 s",
        "node_token_consumption": {
          "input_tokens": 81653,
          "output_tokens": 513,
          "total_tokens": 82166,
          "llm_calls": 1,
          "llm_calls_with_usage": 1,
          "llm_calls_missing_usage": 0
        }
      }
    },
    {
      "entity": "bot",
      "action_name": "evaluate",
      "output": {
        "unknown_and_low_confidence_info": [
          "steps_to_reproduce",
          "correct_behavior"
        ]
      },
      "meta_data": {
        "latency": "5.554099971050164e-05 s",
        "node_token_consumption": null
      }
    },
    {
      "entity": "bot",
      "action_name": "follow_up",
      "output": {
        "generated_question": "After you toggle “View values” and/or “Use percent values” in the “Display of Incomes by Articles” dialog and tap **OK**, what should happen instead of the crash (e.g., should the chart refresh and show values/percentages on the report, and on which report tab—Incomes by Articles or another)?"
      },
      "meta_data": {
        "latency": "3.8812337919998754 s",
        "node_token_consumption": {
          "input_tokens": 81315,
          "output_tokens": 83,
          "total_tokens": 81398,
          "llm_calls": 1,
          "llm_calls_with_usage": 1,
          "llm_calls_missing_usage": 0
        }
      }
    }
  ]
}
{
  "turn": 2,
  "actions": [
    {
      "entity": "user",
      "action_name": "user_description",
      "output": {
        "messages": {
          "content": "The view should be switched from view values to use percent values.",
          "additional_kwargs": {},
          "response_metadata": {},
          "type": "human",
          "name": null,
          "id": "6f94e7b5-aa5a-4673-83f6-a8180fbfa4a5"
        }
      },
      "meta_data": {
        "latency": "7.537500005128095e-05 s",
        "node_token_consumption": null
      }
    },
    {
      "entity": "bot",
      "action_name": "information_element_extraction",
      "output": {
        "information_element_extraction": {
          "triggering_screen_reference": {
            "value": "“Display of Incomes by Articles” dialog (on the Incomes by Articles report)",
            "evidence": [
              "“View values” and “Use percent values” in the “Display of Incomes by Articles” dialog"
            ]
          },
          "triggering_GUI_interactions": {
            "value": "Toggle the “View values” and/or “Use percent values” checkbox(es), then tap OK",
            "evidence": [
              "“View values and use percent values are checkboxes and the action that causes the crash is tapping ok after making the change to the view.”"
            ]
          },
          "buggy_behavior": {
            "value": "The app crashes when tapping OK after changing the view values/percent values setting(s)",
            "evidence": [
              "“the action that causes the crash is tapping ok after making the change to the view.”"
            ]
          },
          "correct_behavior": {
            "value": "The view should switch from “View values” to “Use percent values” (instead of crashing)",
            "evidence": [
              "“The view should be switched from view values to use percent values.”"
            ]
          },
          "steps_to_reproduce": null
        },
        "clarification_window_start_idx": 2
      },
      "meta_data": {
        "latency": "4.007288499999959 s",
        "node_token_consumption": {
          "input_tokens": 901,
          "output_tokens": 221,
          "total_tokens": 1122,
          "llm_calls": 1,
          "llm_calls_with_usage": 1,
          "llm_calls_missing_usage": 0
        }
      }
    },
    {
      "entity": "bot",
      "action_name": "clarity_check",
      "output": {
        "clarity_route": "needs_clarification",
        "clarity_issues": [
          "Triggering GUI interactions: unclear whether crash happens when toggling either checkbox individually, both together, or only a specific one; 'and/or' is ambiguous.",
          "Buggy behavior: unclear if crash occurs every time or only under certain toggle combinations/conditions.",
          "Correct behavior: unclear what the expected result is for each checkbox state (e.g., what should happen when only 'View values' is toggled vs only 'Use percent values' vs both)."
        ]
      },
      "meta_data": {
        "latency": "2.7843068339998354 s",
        "node_token_consumption": {
          "input_tokens": 589,
          "output_tokens": 115,
          "total_tokens": 704,
          "llm_calls": 1,
          "llm_calls_with_usage": 1,
          "llm_calls_missing_usage": 0
        }
      }
    },
    {
      "entity": "bot",
      "action_name": "extract_and_update",
      "output": {
        "BugInfo": {
          "triggering_screen_reference": {
            "value": "f189f23124c6c372973bbff27e30b7107f27022f74836d7085daf2817f565790",
            "status": "confirmed",
            "evidence": "Information Elements explicitly identify the triggering screen as the “Display of Incomes by Articles” dialog with checkboxes “View values” and “Use percent values”. State f189f231… is titled “Display of Incomes by Articles” and contains those exact checkboxes."
          },
          "triggering_GUI_interactions": [
            {
              "value": "dc01c666d81db01f9ceb751ff256033bcc27f75ab0951ef2f9eff49e39233d64",
              "status": "confirmed",
              "evidence": "Information Elements: “Toggle the ‘View values’ … checkbox(es)”. Transition dc01c666… is clicking the “View values” checkbox (idx=view_values) on the Display dialog (state f189f231…)."
            },
            {
              "value": "c3292f1abb084883da9f0bf06776dd33343b186505d53bedfbb8b83717e4b319",
              "status": "confirmed",
              "evidence": "Information Elements: “Toggle … ‘Use percent values’ checkbox(es)”. Transition c3292f1a… is clicking the “Use percent values” checkbox (idx=use_percent_values) on the Display dialog (state f189f231…)."
            },
            {
              "value": "26c0ae2d76021672cf80c07928394773aec07f5be831f91ab09b5f7c2392b6aa",
              "status": "confirmed",
              "evidence": "Information Elements: “then tap OK” and “crash is tapping ok after making the change”. Transition 26c0ae2d… is clicking OK on the Display dialog (state f189f231…) and leads to the crash dialog state 2957d1cf… (“Unfortunately, Family Finance has stopped.”)."
            }
          ],
          "buggy_behavior": {
            "value": "The app crashes when tapping OK after changing the view values/percent values setting(s) in the “Display of Incomes by Articles” dialog.",
            "status": "confirmed",
            "evidence": "Information Elements: “The app crashes when tapping OK after changing the view values/percent values setting(s)” in the “Display of Incomes by Articles” dialog."
          },
          "correct_behavior": {
            "value": "After toggling between “View values” and “Use percent values” and tapping OK, the Incomes by Articles report should update to the selected display mode (values vs percent) instead of crashing.",
            "status": "confirmed",
            "evidence": "Information Elements: “The view should be switched from view values to use percent values (instead of crashing).”"
          },
          "steps_to_reproduce": []
        }
      },
      "meta_data": {
        "latency": "11.76907995900001 s",
        "node_token_consumption": {
          "input_tokens": 82175,
          "output_tokens": 574,
          "total_tokens": 82749,
          "llm_calls": 1,
          "llm_calls_with_usage": 1,
          "llm_calls_missing_usage": 0
        }
      }
    },
    {
      "entity": "bot",
      "action_name": "evaluate",
      "output": {
        "unknown_and_low_confidence_info": [
          "steps_to_reproduce"
        ]
      },
      "meta_data": {
        "latency": "8.08750000942382e-05 s",
        "node_token_consumption": null
      }
    },
    {
      "entity": "bot",
      "action_name": "follow_up",
      "output": {
        "generated_question": "From a fresh app launch, what exact screens/actions did you take to reach the “Display of Incomes by Articles” dialog before toggling the checkboxes and tapping OK (e.g., open app → Dashboard → tap Reports → go to the “Incomes by Articles” tab → tap “Display”)?"
      },
      "meta_data": {
        "latency": "8.90524829199967 s",
        "node_token_consumption": {
          "input_tokens": 81372,
          "output_tokens": 76,
          "total_tokens": 81448,
          "llm_calls": 1,
          "llm_calls_with_usage": 1,
          "llm_calls_missing_usage": 0
        }
      }
    }
  ]
}
{
  "turn": 3,
  "actions": [
    {
      "entity": "user",
      "action_name": "user_description",
      "output": {
        "messages": {
          "content": "Open the app, tap Allow, select Report, choose Incomes By Articles or Expenses By Articles, tap View, check \"view values\", check \"use percent valuesOk",
          "additional_kwargs": {},
          "response_metadata": {},
          "type": "human",
          "name": null,
          "id": "915b4f1c-563f-48d6-bf5f-bf703300999e"
        }
      },
      "meta_data": {
        "latency": "3.345799996168353e-05 s",
        "node_token_consumption": null
      }
    },
    {
      "entity": "bot",
      "action_name": "information_element_extraction",
      "output": {
        "information_element_extraction": {
          "triggering_screen_reference": {
            "value": "“Display of Incomes by Articles” dialog / the “View” dialog in Reports for “Incomes By Articles” or “Expenses By Articles”",
            "evidence": [
              "“reach the ‘Display of Incomes by Articles’ dialog”",
              "“choose Incomes By Articles or Expenses By Articles, tap View”"
            ]
          },
          "triggering_GUI_interactions": {
            "value": "In Reports, choose “Incomes By Articles” or “Expenses By Articles”, tap “View”, then check “view values” and check “use percent values”, then tap OK",
            "evidence": [
              "“select Report, choose Incomes By Articles or Expenses By Articles, tap View, check \"view values\", check \"use percent valuesOk”"
            ]
          },
          "buggy_behavior": {
            "value": "After checking “use percent values”, the view does not switch away from “view values” to percent values",
            "evidence": [
              "“The view should be switched from view values to use percent values.”"
            ]
          },
          "correct_behavior": {
            "value": "The view should switch from “view values” to “use percent values” (percent values)",
            "evidence": [
              "“The view should be switched from view values to use percent values.”"
            ]
          },
          "steps_to_reproduce": {
            "value": "Open the app → tap Allow → select Report → choose “Incomes By Articles” or “Expenses By Articles” → tap View → check “view values” → check “use percent values” → tap OK",
            "evidence": [
              "“Open the app, tap Allow, select Report, choose Incomes By Articles or Expenses By Articles, tap View, check \"view values\", check \"use percent valuesOk”"
            ]
          }
        },
        "clarification_window_start_idx": 3
      },
      "meta_data": {
        "latency": "4.595686625000781 s",
        "node_token_consumption": {
          "input_tokens": 902,
          "output_tokens": 341,
          "total_tokens": 1243,
          "llm_calls": 1,
          "llm_calls_with_usage": 1,
          "llm_calls_missing_usage": 0
        }
      }
    },
    {
      "entity": "bot",
      "action_name": "clarity_check",
      "output": {
        "clarity_route": "needs_clarification",
        "clarity_issues": [
          "Triggering screen reference is ambiguous (mentions both “Display of Incomes by Articles” dialog and “View” dialog; unclear which exact dialog/screen).",
          "Triggering GUI interactions/steps are unclear about whether “view values” and “use percent values” are mutually exclusive options (radio buttons) or independent checkboxes, and what “switch away” should mean in the UI."
        ]
      },
      "meta_data": {
        "latency": "2.5516076670000984 s",
        "node_token_consumption": {
          "input_tokens": 718,
          "output_tokens": 102,
          "total_tokens": 820,
          "llm_calls": 1,
          "llm_calls_with_usage": 1,
          "llm_calls_missing_usage": 0
        }
      }
    },
    {
      "entity": "bot",
      "action_name": "extract_and_update",
      "output": {
        "BugInfo": {
          "triggering_screen_reference": {
            "value": "f189f23124c6c372973bbff27e30b7107f27022f74836d7085daf2817f565790",
            "status": "confirmed",
            "evidence": "Unchanged (already confirmed): user refers to the “Display of Incomes by Articles” dialog with checkboxes “View values” and “Use percent values”, which matches state f189f231…"
          },
          "triggering_GUI_interactions": [
            {
              "value": "dc01c666d81db01f9ceb751ff256033bcc27f75ab0951ef2f9eff49e39233d64",
              "status": "confirmed",
              "evidence": "Unchanged (already confirmed): toggling the “View values” checkbox on the “Display of Incomes by Articles” dialog matches transition dc01c666… (idx=view_values)."
            },
            {
              "value": "c3292f1abb084883da9f0bf06776dd33343b186505d53bedfbb8b83717e4b319",
              "status": "confirmed",
              "evidence": "Unchanged (already confirmed): toggling the “Use percent values” checkbox on the “Display of Incomes by Articles” dialog matches transition c3292f1a… (idx=use_percent_values)."
            },
            {
              "value": "26c0ae2d76021672cf80c07928394773aec07f5be831f91ab09b5f7c2392b6aa",
              "status": "confirmed",
              "evidence": "Unchanged (already confirmed): tapping OK on the dialog matches transition 26c0ae2d…, which leads to crash dialog state 2957d1cf…"
            }
          ],
          "buggy_behavior": {
            "value": "After checking “use percent values”, the view does not switch away from “view values” to percent values.",
            "status": "confirmed",
            "evidence": "Update: Information Elements explicitly state non-crash incorrect outcome: “After checking ‘use percent values’, the view does not switch away from ‘view values’ to percent values” / “The view should be switched from view values to use percent values.”"
          },
          "correct_behavior": {
            "value": "The view should switch from “view values” to “use percent values” (percent values).",
            "status": "confirmed",
            "evidence": "Unchanged (still confirmed): user explicitly states expected behavior: “The view should be switched from view values to use percent values.”"
          },
          "steps_to_reproduce": [
            {
              "value": "fa8baa4de2d1015dd5da60a38bcc25a725e918d25bafb6b4b8bafe8f727ccfcf",
              "status": "inferred",
              "evidence": "Maps to “Open the app” (transition fa8baa… open app → permissions screen 98690a…)."
            },
            {
              "value": "8407e328c4a9d75304cf3edee19af6616ae654caca4e79229e0df0c827909816",
              "status": "inferred",
              "evidence": "Maps to “tap Allow” on the runtime permission dialog (transition 8407e32… click Allow → Dashboard 23d6f9…)."
            },
            {
              "value": "9a4f389ec16dc06bc51519fd35159ab49c667d2cae3e0323df9bf08cd98bda88",
              "status": "inferred",
              "evidence": "Maps to “select Report” from Dashboard (transition 9a4f389… click Reports → ChartActivity caead4…)."
            },
            {
              "value": "c010db1badf9deb0564b10c46916ad505c7d1acca0f840fdc12c4867c81990d0",
              "status": "ambiguous",
              "evidence": "Maps to “choose Incomes By Articles or Expenses By Articles”. For Incomes-by-Articles, transition c010db… clicks “Incomes by Articles” text from caead4… to c73bae…; however Expenses-by-Articles could be transition 872542… (Expenses by Articles). User allows either option."
            },
            {
              "value": "c7c181b4d07f85b6731edefa0c51eca8637b088e992c8d07e2349379db3cd413",
              "status": "inferred",
              "evidence": "Maps to “tap View” (Display) in Reports (transition c7c181… click action_display → dialog f189f231…)."
            },
            {
              "value": "dc01c666d81db01f9ceb751ff256033bcc27f75ab0951ef2f9eff49e39233d64",
              "status": "confirmed",
              "evidence": "Maps to “check view values” (transition dc01c666… click checkbox view_values)."
            },
            {
              "value": "c3292f1abb084883da9f0bf06776dd33343b186505d53bedfbb8b83717e4b319",
              "status": "confirmed",
              "evidence": "Maps to “check use percent values” (transition c3292f1a… click checkbox use_percent_values)."
            },
            {
              "value": "26c0ae2d76021672cf80c07928394773aec07f5be831f91ab09b5f7c2392b6aa",
              "status": "confirmed",
              "evidence": "Maps to “tap OK” (transition 26c0ae2d… OK on display dialog)."
            }
          ]
        }
      },
      "meta_data": {
        "latency": "14.292253042000084 s",
        "node_token_consumption": {
          "input_tokens": 82365,
          "output_tokens": 1123,
          "total_tokens": 83488,
          "llm_calls": 1,
          "llm_calls_with_usage": 1,
          "llm_calls_missing_usage": 0
        }
      }
    },
    {
      "entity": "bot",
      "action_name": "evaluate",
      "output": {
        "unknown_and_low_confidence_info": [
          "steps_to_reproduce[3]"
        ]
      },
      "meta_data": {
        "latency": "8.679200072947424e-05 s",
        "node_token_consumption": null
      }
    },
    {
      "entity": "bot",
      "action_name": "follow_up",
      "output": {
        "generated_question": "In your repro steps, on the Reports screen (ChartActivity) right before opening the “Display of Incomes by Articles” dialog, which tab did you select: **“Incomes by Articles”** or **“Expenses by Articles”**?"
      },
      "meta_data": {
        "latency": "2.192698500000006 s",
        "node_token_consumption": {
          "input_tokens": 81925,
          "output_tokens": 64,
          "total_tokens": 81989,
          "llm_calls": 1,
          "llm_calls_with_usage": 1,
          "llm_calls_missing_usage": 0
        }
      }
    }
  ]
}
{
  "turn": 4,
  "actions": [
    {
      "entity": "user",
      "action_name": "user_description",
      "output": {
        "messages": {
          "content": "I selected Incomes by Articles.",
          "additional_kwargs": {},
          "response_metadata": {},
          "type": "human",
          "name": null,
          "id": "55c559a8-fa66-4183-b751-1adc3282fa01"
        }
      },
      "meta_data": {
        "latency": "6.074999964766903e-05 s",
        "node_token_consumption": null
      }
    },
    {
      "entity": "bot",
      "action_name": "information_element_extraction",
      "output": {
        "information_element_extraction": {
          "triggering_screen_reference": {
            "value": "Reports screen (ChartActivity)",
            "evidence": [
              "on the Reports screen (ChartActivity)"
            ]
          },
          "triggering_GUI_interactions": {
            "value": "Select the “Incomes by Articles” tab (as opposed to “Expenses by Articles”).",
            "evidence": [
              "I selected Incomes by Articles.",
              "choose Incomes By Articles or Expenses By Articles"
            ]
          },
          "buggy_behavior": null,
          "correct_behavior": null,
          "steps_to_reproduce": {
            "value": "Open the app, tap Allow, select Report, select Incomes by Articles, tap View, check \"view values\", check \"use percent values\".",
            "evidence": [
              "Open the app, tap Allow, select Report, choose Incomes By Articles or Expenses By Articles, tap View, check \"view values\", check \"use percent valuesOk\"",
              "I selected Incomes by Articles."
            ]
          }
        },
        "clarification_window_start_idx": 4
      },
      "meta_data": {
        "latency": "3.949470000000474 s",
        "node_token_consumption": {
          "input_tokens": 885,
          "output_tokens": 229,
          "total_tokens": 1114,
          "llm_calls": 1,
          "llm_calls_with_usage": 1,
          "llm_calls_missing_usage": 0
        }
      }
    },
    {
      "entity": "bot",
      "action_name": "clarity_check",
      "output": {
        "clarity_route": "needs_clarification",
        "clarity_issues": [
          "Steps To Reproduce includes ambiguous/unresolved UI items: what exactly are 'Allow' and 'Report' (permission prompt vs in-app button/menu)?",
          "Steps To Reproduce ends with unclear text 'use percent valuesOk'—uncertain whether 'Ok' is a separate button/tap or part of the setting label.",
          "Triggering Gui Interactions says select 'Incomes by Articles' tab but evidence also mentions 'choose Incomes By Articles or Expenses By Articles'—unclear whether this is a tab, a choice dialog, or a dropdown selection."
        ]
      },
      "meta_data": {
        "latency": "4.4072028340006 s",
        "node_token_consumption": {
          "input_tokens": 548,
          "output_tokens": 137,
          "total_tokens": 685,
          "llm_calls": 1,
          "llm_calls_with_usage": 1,
          "llm_calls_missing_usage": 0
        }
      }
    },
    {
      "entity": "bot",
      "action_name": "extract_and_update",
      "output": {
        "BugInfo": {
          "triggering_screen_reference": {
            "value": "f189f23124c6c372973bbff27e30b7107f27022f74836d7085daf2817f565790",
            "status": "ambiguous",
            "evidence": "New info element says bug is on “Reports screen (ChartActivity)”, which could refer to a ChartActivity state (e.g., caead4…/c73bae…/b64ffe…/01a341…/72adb…) rather than the already-mapped “Display of Incomes by Articles” dialog (state f189f231…). The previous mapping remains strongly supported by the checkbox interactions, but this new statement conflicts/expands scope, so overall triggering screen becomes ambiguous."
          },
          "triggering_GUI_interactions": [
            {
              "value": "dc01c666d81db01f9ceb751ff256033bcc27f75ab0951ef2f9eff49e39233d64",
              "status": "confirmed",
              "evidence": "Unchanged (already confirmed): toggling “View values” checkbox (idx=view_values) on dialog state f189f231… matches transition dc01c666…"
            },
            {
              "value": "c3292f1abb084883da9f0bf06776dd33343b186505d53bedfbb8b83717e4b319",
              "status": "confirmed",
              "evidence": "Unchanged (already confirmed): toggling “Use percent values” checkbox (idx=use_percent_values) on dialog state f189f231… matches transition c3292f1a…"
            },
            {
              "value": "26c0ae2d76021672cf80c07928394773aec07f5be831f91ab09b5f7c2392b6aa",
              "status": "confirmed",
              "evidence": "Unchanged (already confirmed): tapping OK on the display dialog matches transition 26c0ae2d… (OK → crash dialog 2957d1cf…)."
            },
            {
              "value": "2965c3b4debc48c038e78f98002ad0883abcdd8571e00c1287e80981331ef5b4",
              "status": "confirmed",
              "evidence": "Info element: “Select the ‘Incomes by Articles’ tab”. On ChartActivity state caead4…, clicking ActionBar tab with dsc=“Incomes by Articles” leads to state c73bae… via transition 2965c3b4…"
            }
          ],
          "buggy_behavior": {
            "value": "After checking “use percent values”, the view does not switch away from “view values” to percent values.",
            "status": "confirmed",
            "evidence": "Unchanged (already confirmed): user states “After checking ‘use percent values’, the view does not switch away from ‘view values’ to percent values”."
          },
          "correct_behavior": {
            "value": "The view should switch from “view values” to “use percent values” (percent values).",
            "status": "confirmed",
            "evidence": "Unchanged (already confirmed): user states “The view should be switched from view values to use percent values.”"
          },
          "steps_to_reproduce": [
            {
              "value": "fa8baa4de2d1015dd5da60a38bcc25a725e918d25bafb6b4b8bafe8f727ccfcf",
              "status": "inferred",
              "evidence": "Unchanged: maps to “Open the app” → permissions screen (open app transition fa8baa…)."
            },
            {
              "value": "8407e328c4a9d75304cf3edee19af6616ae654caca4e79229e0df0c827909816",
              "status": "inferred",
              "evidence": "Unchanged: maps to “tap Allow” on permission dialog (transition 8407e32… Allow → Dashboard 23d6f9…)."
            },
            {
              "value": "9a4f389ec16dc06bc51519fd35159ab49c667d2cae3e0323df9bf08cd98bda88",
              "status": "inferred",
              "evidence": "Unchanged: maps to “select Report(s)” from Dashboard (transition 9a4f389… Reports → ChartActivity caead4…)."
            },
            {
              "value": "2965c3b4debc48c038e78f98002ad0883abcdd8571e00c1287e80981331ef5b4",
              "status": "confirmed",
              "evidence": "Updated from ambiguous: user explicitly says “I selected Incomes by Articles.” This matches transition 2965c3b4… selecting the “Incomes by Articles” ActionBar tab from ChartActivity caead4… to c73bae…"
            },
            {
              "value": "c7c181b4d07f85b6731edefa0c51eca8637b088e992c8d07e2349379db3cd413",
              "status": "inferred",
              "evidence": "Unchanged: maps to “tap View/Display” on the Reports screen (transition c7c181… action_display → display dialog f189f231…)."
            },
            {
              "value": "dc01c666d81db01f9ceb751ff256033bcc27f75ab0951ef2f9eff49e39233d64",
              "status": "confirmed",
              "evidence": "Unchanged: maps to “check view values” (transition dc01c666… click checkbox view_values)."
            },
            {
              "value": "c3292f1abb084883da9f0bf06776dd33343b186505d53bedfbb8b83717e4b319",
              "status": "confirmed",
              "evidence": "Unchanged: maps to “check use percent values” (transition c3292f1a… click checkbox use_percent_values)."
            }
          ]
        }
      },
      "meta_data": {
        "latency": "16.373396083999978 s",
        "node_token_consumption": {
          "input_tokens": 82745,
          "output_tokens": 1177,
          "total_tokens": 83922,
          "llm_calls": 1,
          "llm_calls_with_usage": 1,
          "llm_calls_missing_usage": 0
        }
      }
    },
    {
      "entity": "bot",
      "action_name": "evaluate",
      "output": {
        "unknown_and_low_confidence_info": [
          "triggering_screen_reference"
        ]
      },
      "meta_data": {
        "latency": "8.808300026430516e-05 s",
        "node_token_consumption": null
      }
    },
    {
      "entity": "bot",
      "action_name": "follow_up",
      "output": {
        "generated_question": "When the bug happens, are you still on the small popup dialog titled “Display of Incomes by Articles” (with the checkboxes “View values” and “Use percent values”), or does the issue happen on the main Reports chart screen itself (the screen with the tabs like “Expenses by Articles / Incomes by Articles”)? Please specify which screen you see at the moment you notice the incorrect behavior."
      },
      "meta_data": {
        "latency": "2.9648175410002295 s",
        "node_token_consumption": {
          "input_tokens": 81976,
          "output_tokens": 96,
          "total_tokens": 82072,
          "llm_calls": 1,
          "llm_calls_with_usage": 1,
          "llm_calls_missing_usage": 0
        }
      }
    }
  ]
}
{
  "turn": 5,
  "actions": [
    {
      "entity": "user",
      "action_name": "user_description",
      "output": {
        "messages": {
          "content": "I am still on the small popup dialog titled \"Display of Incomes by Articles\"",
          "additional_kwargs": {},
          "response_metadata": {},
          "type": "human",
          "name": null,
          "id": "d537d721-fe10-4bfd-a189-6091f74e5442"
        }
      },
      "meta_data": {
        "latency": "7.699999969190685e-05 s",
        "node_token_consumption": null
      }
    },
    {
      "entity": "bot",
      "action_name": "information_element_extraction",
      "output": {
        "information_element_extraction": {
          "triggering_screen_reference": {
            "value": "Small popup dialog titled \"Display of Incomes by Articles\"",
            "evidence": [
              "\"I am still on the small popup dialog titled 'Display of Incomes by Articles'\""
            ]
          },
          "triggering_GUI_interactions": {
            "value": "Selected \"Incomes by Articles\"",
            "evidence": [
              "\"I selected Incomes by Articles.\""
            ]
          },
          "buggy_behavior": null,
          "correct_behavior": null,
          "steps_to_reproduce": null
        },
        "clarification_window_start_idx": 5
      },
      "meta_data": {
        "latency": "2.0053684579997935 s",
        "node_token_consumption": {
          "input_tokens": 899,
          "output_tokens": 100,
          "total_tokens": 999,
          "llm_calls": 1,
          "llm_calls_with_usage": 1,
          "llm_calls_missing_usage": 0
        }
      }
    },
    {
      "entity": "bot",
      "action_name": "clarity_check",
      "output": {
        "clarity_route": "continue",
        "clarity_issues": []
      },
      "meta_data": {
        "latency": "1.0568385830001716 s",
        "node_token_consumption": {
          "input_tokens": 455,
          "output_tokens": 21,
          "total_tokens": 476,
          "llm_calls": 1,
          "llm_calls_with_usage": 1,
          "llm_calls_missing_usage": 0
        }
      }
    },
    {
      "entity": "bot",
      "action_name": "extract_and_update",
      "output": {
        "BugInfo": {
          "triggering_screen_reference": {
            "value": "f189f23124c6c372973bbff27e30b7107f27022f74836d7085daf2817f565790",
            "status": "confirmed",
            "evidence": "User explicitly states the bug occurs while still on the popup dialog: “I am still on the small popup dialog titled 'Display of Incomes by Articles'”, which matches state f189f231… (ChartActivity display dialog with alertTitle 'Display of Incomes by Articles')."
          },
          "triggering_GUI_interactions": [
            {
              "value": "dc01c666d81db01f9ceb751ff256033bcc27f75ab0951ef2f9eff49e39233d64",
              "status": "confirmed",
              "evidence": "Unchanged (already confirmed): toggling “View values” checkbox (idx=view_values) on dialog state f189f231… matches transition dc01c666…"
            },
            {
              "value": "c3292f1abb084883da9f0bf06776dd33343b186505d53bedfbb8b83717e4b319",
              "status": "confirmed",
              "evidence": "Unchanged (already confirmed): toggling “Use percent values” checkbox (idx=use_percent_values) on dialog state f189f231… matches transition c3292f1a…"
            },
            {
              "value": "26c0ae2d76021672cf80c07928394773aec07f5be831f91ab09b5f7c2392b6aa",
              "status": "confirmed",
              "evidence": "Unchanged (already confirmed): tapping OK on the display dialog matches transition 26c0ae2d… (OK → crash dialog 2957d1cf…)."
            },
            {
              "value": "2965c3b4debc48c038e78f98002ad0883abcdd8571e00c1287e80981331ef5b4",
              "status": "confirmed",
              "evidence": "User confirms: “I selected Incomes by Articles.” This matches transition 2965c3b4… selecting the “Incomes by Articles” tab from ChartActivity caead4… to c73bae…"
            }
          ],
          "buggy_behavior": {
            "value": "After checking “use percent values”, the view does not switch away from “view values” to percent values.",
            "status": "confirmed",
            "evidence": "Unchanged (already confirmed): user states “After checking ‘use percent values’, the view does not switch away from ‘view values’ to percent values”."
          },
          "correct_behavior": {
            "value": "The view should switch from “view values” to “use percent values” (percent values).",
            "status": "confirmed",
            "evidence": "Unchanged (already confirmed): user states “The view should be switched from view values to use percent values.”"
          },
          "steps_to_reproduce": [
            {
              "value": "fa8baa4de2d1015dd5da60a38bcc25a725e918d25bafb6b4b8bafe8f727ccfcf",
              "status": "inferred",
              "evidence": "Unchanged: maps to “Open the app” → permissions screen (open app transition fa8baa…)."
            },
            {
              "value": "8407e328c4a9d75304cf3edee19af6616ae654caca4e79229e0df0c827909816",
              "status": "inferred",
              "evidence": "Unchanged: maps to “tap Allow” on permission dialog (transition 8407e32… Allow → Dashboard 23d6f9…)."
            },
            {
              "value": "9a4f389ec16dc06bc51519fd35159ab49c667d2cae3e0323df9bf08cd98bda88",
              "status": "inferred",
              "evidence": "Unchanged: maps to “select Report(s)” from Dashboard (transition 9a4f389… Reports → ChartActivity caead4…)."
            },
            {
              "value": "2965c3b4debc48c038e78f98002ad0883abcdd8571e00c1287e80981331ef5b4",
              "status": "confirmed",
              "evidence": "User explicitly confirms: “I selected Incomes by Articles.” Matches transition 2965c3b4… to the Incomes-by-Articles reports view."
            },
            {
              "value": "c7c181b4d07f85b6731edefa0c51eca8637b088e992c8d07e2349379db3cd413",
              "status": "inferred",
              "evidence": "Unchanged: maps to “tap View/Display” on the Reports screen (transition c7c181… action_display → display dialog f189f231…)."
            },
            {
              "value": "dc01c666d81db01f9ceb751ff256033bcc27f75ab0951ef2f9eff49e39233d64",
              "status": "confirmed",
              "evidence": "Unchanged: maps to “check view values” (transition dc01c666… click checkbox view_values)."
            },
            {
              "value": "c3292f1abb084883da9f0bf06776dd33343b186505d53bedfbb8b83717e4b319",
              "status": "confirmed",
              "evidence": "Unchanged: maps to “check use percent values” (transition c3292f1a… click checkbox use_percent_values)."
            }
          ]
        }
      },
      "meta_data": {
        "latency": "12.799846542000523 s",
        "node_token_consumption": {
          "input_tokens": 82706,
          "output_tokens": 1106,
          "total_tokens": 83812,
          "llm_calls": 1,
          "llm_calls_with_usage": 1,
          "llm_calls_missing_usage": 0
        }
      }
    },
    {
      "entity": "bot",
      "action_name": "evaluate",
      "output": {
        "unknown_and_low_confidence_info": []
      },
      "meta_data": {
        "latency": "5.491699994308874e-05 s",
        "node_token_consumption": null
      }
    },
    {
      "entity": "user",
      "action_name": "generate_report",
      "output": {
        "full_report": {
          "title": "“Use percent values” display option does not switch report chart from value view to percent view",
          "observed_behavior": "On the “Display of Incomes by Articles” dialog (Reports > Incomes by Articles), if the user taps the “View values” checkbox and then taps the “Use percent values” checkbox (and confirms with OK), the view does not switch away from “view values” to percent values.",
          "expected_behavior": "The report view should switch from “view values” to “use percent values” (percent values).",
          "steps_to_reproduce": "1. Launch the Family Finance app.\n2. On the SMS permission dialog, tap “Allow”.\n3. On the dashboard, tap “Reports”.\n4. In Reports, switch to the “Incomes by Articles” tab.\n5. Tap the “Display” action in the top app bar.\n6. In the Display dialog, tap the “View values” checkbox.\n7. Tap the “Use percent values” checkbox."
        },
        "extracted_information_elements": {
          "buggy_behavior": "the view does not switch away from “view values” to percent values.",
          "triggering_gui_interactions": "taps the “View values” checkbox and then taps the “Use percent values” checkbox (and confirms with OK)",
          "triggering_screen_reference": "On the “Display of Incomes by Articles” dialog (Reports > Incomes by Articles)",
          "correct_behavior": "The report view should switch from “view values” to “use percent values” (percent values)."
        }
      },
      "meta_data": {
        "latency": "7.232096541999454 s",
        "node_token_consumption": {
          "input_tokens": 81886,
          "output_tokens": 328,
          "total_tokens": 82214,
          "llm_calls": 2,
          "llm_calls_with_usage": 2,
          "llm_calls_missing_usage": 0
        }
      }
    }
  ]
}
{
  "record_type": "conversation_summary",
  "conversation_id": "0",
  "started_at": "2026-03-03T03:47:56.206975+00:00",
  "ended_at": "2026-03-03T03:59:05.762704+00:00",
  "total_latency_seconds": 669.5619465,
  "token_consumption": {
    "input_tokens": 829773,
    "output_tokens": 7323,
    "total_tokens": 837096,
    "llm_calls": 24,
    "llm_calls_with_usage": 24,
    "llm_calls_missing_usage": 0
  }
}
