{
  "turn": 0,
  "actions": [
    {
      "entity": "bot",
      "action_name": "extract_and_update",
      "output": {
        "BugInfo": {
          "triggering_screen_reference": {
            "value": null,
            "status": "unknown",
            "evidence": "“It restarts on its own.” (no screen/location specified)"
          },
          "triggering_GUI_interactions": [],
          "buggy_behavior": {
            "value": "App restarts on its own (unexpected restart).",
            "status": "confirmed",
            "evidence": "“It restarts on its own.”"
          },
          "correct_behavior": {
            "value": null,
            "status": "unknown",
            "evidence": "User did not describe what should happen instead."
          },
          "steps_to_reproduce": []
        }
      },
      "meta_data": {
        "latency": "3.872560333000365 s",
        "token_consumption": null
      }
    },
    {
      "entity": "bot",
      "action_name": "evaluate",
      "output": {
        "unknown_and_low_confidence_info": [
          "triggering_screen_reference",
          "triggering_GUI_interactions",
          "steps_to_reproduce",
          "correct_behavior"
        ]
      },
      "meta_data": {
        "latency": "2.158299867005553e-05 s",
        "token_consumption": null
      }
    },
    {
      "entity": "bot",
      "action_name": "follow_up",
      "output": {
        "generated_question": "When the app restarts, what screen are you on right before it happens—for example the main file list (“Files” home screen), a specific folder, Settings, or the FTP server screen?"
      },
      "meta_data": {
        "latency": "2.748325874999864 s",
        "token_consumption": null
      }
    }
  ]
}
{
  "turn": 1,
  "actions": [
    {
      "entity": "user",
      "action_name": "user_description",
      "output": {
        "messages": {
          "content": "I was on the FTP server screen.",
          "additional_kwargs": {},
          "response_metadata": {},
          "type": "human",
          "name": null,
          "id": "da6794e6-ad08-4a4a-a0af-ff437d598d87"
        }
      },
      "meta_data": {
        "latency": "8.32920013635885e-05 s",
        "token_consumption": null
      }
    },
    {
      "entity": "bot",
      "action_name": "extract_and_update",
      "output": {
        "BugInfo": {
          "triggering_screen_reference": {
            "value": "a0ae2c21a12bc864024f18b7af900668f54e251f7fd5fc6e49da5bf1f8c6a013",
            "status": "confirmed",
            "evidence": "“I was on the FTP server screen.”"
          },
          "triggering_GUI_interactions": [],
          "buggy_behavior": {
            "value": "App restarts on its own (unexpected restart).",
            "status": "confirmed",
            "evidence": "“It restarts on its own.”"
          },
          "correct_behavior": {
            "value": null,
            "status": "unknown",
            "evidence": "User did not describe what should happen instead."
          },
          "steps_to_reproduce": [
            {
              "value": "aa09f6aef3409759f67d672c9efcbd64d8f3b0ee61cf3e8d197f0539e34430d2",
              "status": "inferred",
              "evidence": "User did not list steps; inferred standard first step is opening the app."
            },
            {
              "value": "9253ef287211a96261d15d2522d1499f880b411f5e49851b98bae34f3403ab9d",
              "status": "inferred",
              "evidence": "To reach FTP server screen from a fresh start, permission is typically granted first (no explicit user step given)."
            },
            {
              "value": "3abd760d81519f7d0b2fe5daa74c918b40f9496bef2bf776dd7b0d8e95a47b49",
              "status": "inferred",
              "evidence": "To reach the FTP server entry in the drawer, inferred navigation to open the navigation drawer from the main file list."
            },
            {
              "value": "ed4ddd149d2da1bda9c6a957048313602988bce3f183bd199efeacece662aeec",
              "status": "confirmed",
              "evidence": "User specified they were on the FTP server screen right before the restart."
            }
          ]
        }
      },
      "meta_data": {
        "latency": "8.6200380829996 s",
        "token_consumption": null
      }
    },
    {
      "entity": "bot",
      "action_name": "evaluate",
      "output": {
        "unknown_and_low_confidence_info": [
          "triggering_GUI_interactions",
          "correct_behavior"
        ]
      },
      "meta_data": {
        "latency": "2.3874999897088856e-05 s",
        "token_consumption": null
      }
    },
    {
      "entity": "bot",
      "action_name": "follow_up",
      "output": {
        "generated_question": "Right before the app restarted on the FTP server screen, what exactly were you doing—did you tap the Status ON/OFF switch, change any FTP settings (e.g., Anonymous login/Port/Root folder), press back, or did it restart without any interaction?"
      },
      "meta_data": {
        "latency": "9.521200167000643 s",
        "token_consumption": null
      }
    }
  ]
}
{
  "turn": 2,
  "actions": [
    {
      "entity": "user",
      "action_name": "user_description",
      "output": {
        "messages": {
          "content": "I toggle the status switch from on to off.",
          "additional_kwargs": {},
          "response_metadata": {},
          "type": "human",
          "name": null,
          "id": "b85622db-351f-4293-a59d-2c0cf0680cb2"
        }
      },
      "meta_data": {
        "latency": "6.891699922562111e-05 s",
        "token_consumption": null
      }
    },
    {
      "entity": "bot",
      "action_name": "extract_and_update",
      "output": {
        "BugInfo": {
          "triggering_screen_reference": {
            "value": "a0ae2c21a12bc864024f18b7af900668f54e251f7fd5fc6e49da5bf1f8c6a013",
            "status": "confirmed",
            "evidence": "“I was on the FTP server screen.”"
          },
          "triggering_GUI_interactions": [
            {
              "value": "5f369cd30bd1e5644d294c31e5ff58277cad40b2633f69cc4105944721df8b1b",
              "status": "confirmed",
              "evidence": "“I toggle the status switch from on to off.”"
            }
          ],
          "buggy_behavior": {
            "value": "App restarts on its own (unexpected restart).",
            "status": "confirmed",
            "evidence": "Earlier: “It restarts on its own.” (after toggling Status ON→OFF)"
          },
          "correct_behavior": {
            "value": "After toggling FTP server Status from ON to OFF, the app should stop/disable the FTP server and remain on the FTP server screen without restarting.",
            "status": "inferred",
            "evidence": "User expected outcome implied by action: “toggle the status switch from on to off.”"
          },
          "steps_to_reproduce": [
            {
              "value": "aa09f6aef3409759f67d672c9efcbd64d8f3b0ee61cf3e8d197f0539e34430d2",
              "status": "inferred",
              "evidence": "User did not list steps; inferred standard first step is opening the app."
            },
            {
              "value": "9253ef287211a96261d15d2522d1499f880b411f5e49851b98bae34f3403ab9d",
              "status": "inferred",
              "evidence": "To reach the app UI from a fresh start, permission is typically granted first (no explicit user step given)."
            },
            {
              "value": "3abd760d81519f7d0b2fe5daa74c918b40f9496bef2bf776dd7b0d8e95a47b49",
              "status": "inferred",
              "evidence": "To access FTP server, inferred opening the navigation drawer from the main file list (no explicit user step given)."
            },
            {
              "value": "ed4ddd149d2da1bda9c6a957048313602988bce3f183bd199efeacece662aeec",
              "status": "confirmed",
              "evidence": "“I was on the FTP server screen.”"
            },
            {
              "value": "5f369cd30bd1e5644d294c31e5ff58277cad40b2633f69cc4105944721df8b1b",
              "status": "confirmed",
              "evidence": "“I toggle the status switch from on to off.”"
            }
          ]
        }
      },
      "meta_data": {
        "latency": "10.208871041999373 s",
        "token_consumption": null
      }
    },
    {
      "entity": "bot",
      "action_name": "evaluate",
      "output": {
        "unknown_and_low_confidence_info": []
      },
      "meta_data": {
        "latency": "1.633300053072162e-05 s",
        "token_consumption": null
      }
    },
    {
      "entity": "user",
      "action_name": "generate_report",
      "output": {
        "full_report": {
          "title": "App unexpectedly restarts when turning off FTP server status",
          "observed_behavior": "On the FTP server screen, if the user taps the Status switch to toggle it from ON to OFF, the app restarts on its own (unexpected restart).",
          "expected_behavior": "The app should stop/disable the FTP server and remain on the FTP server screen without restarting after toggling FTP server Status from ON to OFF.",
          "steps_to_reproduce": "1. Open the app.\n2. On the storage permission dialog, tap \"Allow\".\n3. Tap the \"Navigate up\" button to open the navigation drawer.\n4. In the navigation drawer, tap \"FTP server\".\n5. On the FTP server screen, tap the Status switch to toggle it from ON to OFF."
        },
        "extracted_information_elements": {
          "buggy_behavior": "the app restarts on its own (unexpected restart)",
          "triggering_gui_interactions": "taps the Status switch to toggle it from ON to OFF",
          "triggering_screen_reference": "On the FTP server screen",
          "correct_behavior": "stop/disable the FTP server and remain on the FTP server screen without restarting after toggling FTP server Status from ON to OFF"
        }
      },
      "meta_data": {
        "latency": "10.859681874999296 s",
        "token_consumption": null
      }
    }
  ]
}
