{
  "turn": 0,
  "actions": [
    {
      "entity": "bot",
      "action_name": "information_element_extraction",
      "output": {
        "information_element_extraction": {
          "triggering_screen_reference": {
            "value": "Display of Incomes by Articles pop-up of the Reports screen",
            "evidence": [
              "On Display of Incomes by Articles pop-up of the Reports screen"
            ]
          },
          "triggering_GUI_interactions": {
            "value": "changing the report appearance from 'view values' to 'use percent values' and tapping OK",
            "evidence": [
              "changing the report appearance from 'view values' to 'use percent values'",
              "check 'view values', check 'use percent values', and tap OK"
            ]
          },
          "buggy_behavior": {
            "value": "the application crashes",
            "evidence": [
              "causes the application to crash"
            ]
          },
          "correct_behavior": {
            "value": "the appearance of the report should be changed to 'use percent values'",
            "evidence": [
              "the appearance of the report should be changed to 'use percent values'"
            ]
          },
          "steps_to_reproduce": {
            "value": "Open the app, tap Allow, select Report, choose Incomes By Articles or Expenses By Articles, tap View, check 'view values', check 'use percent values', and tap OK.",
            "evidence": [
              "I took these steps: Open the app, tap Allow, select Report, choose Incomes By Articles or Expenses By Articles, tap View, check 'view values', check 'use percent values', and tap OK."
            ]
          }
        }
      },
      "meta_data": {
        "latency": "3.707654542000455 s",
        "node_token_consumption": {
          "input_tokens": 969,
          "output_tokens": 262,
          "total_tokens": 1231,
          "llm_calls": 1,
          "llm_calls_with_usage": 1,
          "llm_calls_missing_usage": 0
        }
      }
    },
    {
      "entity": "bot",
      "action_name": "clarity_check",
      "output": {
        "clarity_route": "continue",
        "clarity_issues": []
      },
      "meta_data": {
        "latency": "0.9509972920004657 s",
        "node_token_consumption": {
          "input_tokens": 642,
          "output_tokens": 21,
          "total_tokens": 663,
          "llm_calls": 1,
          "llm_calls_with_usage": 1,
          "llm_calls_missing_usage": 0
        }
      }
    },
    {
      "entity": "bot",
      "action_name": "extract_and_update",
      "output": {
        "BugInfo": {
          "triggering_screen_reference": {
            "status": "confirmed",
            "candidates": [
              {
                "value": "f189f23124c6c372973bbff27e30b7107f27022f74836d7085daf2817f565790",
                "evidence": "User said: 'On Display of Incomes by Articles pop-up of the Reports screen'. This exactly matches screen f189f23124c6c372973bbff27e30b7107f27022f74836d7085daf2817f565790, described as 'Display of Incomes by Articles' dialog on the Reports screen."
              }
            ]
          },
          "triggering_GUI_interactions": [
            {
              "status": "confirmed",
              "candidates": [
                {
                  "value": "dc01c666d81db01f9ceb751ff256033bcc27f75ab0951ef2f9eff49e39233d64",
                  "evidence": "User said to 'check view values'; this matches transition dc01c666d81db01f9ceb751ff256033bcc27f75ab0951ef2f9eff49e39233d64 on the Display of Incomes by Articles dialog, which clicks the 'View values' checkbox."
                }
              ]
            },
            {
              "status": "confirmed",
              "candidates": [
                {
                  "value": "c3292f1abb084883da9f0bf06776dd33343b186505d53bedfbb8b83717e4b319",
                  "evidence": "User said to 'check use percent values'; this matches transition c3292f1abb084883da9f0bf06776dd33343b186505d53bedfbb8b83717e4b319 on the same dialog, which clicks the 'Use percent values' checkbox."
                }
              ]
            },
            {
              "status": "confirmed",
              "candidates": [
                {
                  "value": "26c0ae2d76021672cf80c07928394773aec07f5be831f91ab09b5f7c2392b6aa",
                  "evidence": "User said to 'tap OK' after changing the report appearance. This matches transition 26c0ae2d76021672cf80c07928394773aec07f5be831f91ab09b5f7c2392b6aa, the OK button on the Display of Incomes by Articles dialog, which leads to the crash dialog."
                }
              ]
            }
          ],
          "buggy_behavior": {
            "status": "confirmed",
            "candidates": [
              {
                "value": "the application crashes",
                "evidence": "User explicitly said this action 'causes the application to crash'."
              }
            ]
          },
          "correct_behavior": {
            "status": "confirmed",
            "candidates": [
              {
                "value": "the appearance of the report should be changed to 'use percent values'",
                "evidence": "User explicitly said 'the appearance of the report should be changed to use percent values'."
              }
            ]
          },
          "steps_to_reproduce": [
            {
              "status": "confirmed",
              "candidates": [
                {
                  "value": "fa8baa4de2d1015dd5da60a38bcc25a725e918d25bafb6b4b8bafe8f727ccfcf",
                  "evidence": "User said 'Open the app'. This matches the open-app transition to the SMS permission dialog."
                }
              ]
            },
            {
              "status": "confirmed",
              "candidates": [
                {
                  "value": "8407e328c4a9d75304cf3edee19af6616ae654caca4e79229e0df0c827909816",
                  "evidence": "User said 'tap Allow'. This matches the Allow button on the SMS permission dialog."
                }
              ]
            },
            {
              "status": "confirmed",
              "candidates": [
                {
                  "value": "9a4f389ec16dc06bc51519fd35159ab49c667d2cae3e0323df9bf08cd98bda88",
                  "evidence": "User said 'select Report'. This matches tapping 'Reports' from the dashboard."
                }
              ]
            },
            {
              "status": "ambiguous",
              "candidates": [
                {
                  "value": "c010db1badf9deb0564b10c46916ad505c7d1acca0f840fdc12c4867c81990d0",
                  "evidence": "User said 'choose Incomes By Articles or Expenses By Articles'. One supported option is selecting 'Incomes by Articles' from the Reports screen, which opens screen c73baec5341ca7597ddef244067a27040e0496b4ead7b7f27231070848c360d0."
                },
                {
                  "value": "8725429b5f40ee537ff83bd3f7f22b9f4e767bceacea23dc1dd6736c457b18c1",
                  "evidence": "User also mentioned 'Expenses By Articles' as an alternative. This supported option selects 'Expenses by Articles' from the Reports screen, opening b64ffe8e6233b7b997e733e3f12f6556f75e76d0ead17ea4b8bd621253867af1."
                }
              ]
            },
            {
              "status": "inferred",
              "candidates": [
                {
                  "value": "c480879e375252eb65bec4d5706c07a2967d3fb41ff247547c6c9eb88f0d45c7",
                  "evidence": "To reach the explicitly named triggering screen 'Display of Incomes by Articles' from the alternative branch where 'Expenses by Articles' may have been chosen first, the most plausible next step is selecting 'Incomes by Articles'. This also remains compatible with the direct 'Incomes by Articles' branch, where this selection is already satisfied by the chosen tab context."
                }
              ]
            },
            {
              "status": "confirmed",
              "candidates": [
                {
                  "value": "c7c181b4d07f85b6731edefa0c51eca8637b088e992c8d07e2349379db3cd413",
                  "evidence": "User said 'tap View' and identified the 'Display of Incomes by Articles' popup. This matches tapping the Display action on the Incomes by Articles report screen."
                }
              ]
            },
            {
              "status": "confirmed",
              "candidates": [
                {
                  "value": "dc01c666d81db01f9ceb751ff256033bcc27f75ab0951ef2f9eff49e39233d64",
                  "evidence": "User said 'check view values'."
                }
              ]
            },
            {
              "status": "confirmed",
              "candidates": [
                {
                  "value": "c3292f1abb084883da9f0bf06776dd33343b186505d53bedfbb8b83717e4b319",
                  "evidence": "User said 'check use percent values'."
                }
              ]
            },
            {
              "status": "confirmed",
              "candidates": [
                {
                  "value": "26c0ae2d76021672cf80c07928394773aec07f5be831f91ab09b5f7c2392b6aa",
                  "evidence": "User said 'tap OK', which triggers the crash path from the Display of Incomes by Articles dialog."
                }
              ]
            }
          ]
        },
        "information_element_extraction": {
          "triggering_screen_reference": null,
          "triggering_GUI_interactions": null,
          "buggy_behavior": null,
          "correct_behavior": null,
          "steps_to_reproduce": null
        },
        "clarification_window_start_idx": 1
      },
      "meta_data": {
        "latency": "17.88220312500016 s",
        "node_token_consumption": {
          "input_tokens": 30857,
          "output_tokens": 1430,
          "total_tokens": 32287,
          "llm_calls": 1,
          "llm_calls_with_usage": 1,
          "llm_calls_missing_usage": 0
        }
      }
    },
    {
      "entity": "bot",
      "action_name": "evaluate",
      "output": {
        "unknown_and_low_confidence_info": [
          "steps_to_reproduce[3]"
        ]
      },
      "meta_data": {
        "latency": "5.0292001105844975e-05 s",
        "node_token_consumption": null
      }
    },
    {
      "entity": "bot",
      "action_name": "follow_up",
      "output": {
        "active_follow_up": {
          "kind": "more_info",
          "question": "When you were on the Reports screen, which report tab did you select before opening the “Display of Incomes by Articles” pop-up: “Incomes by Articles” directly, or did you first open “Expenses by Articles” and then switch to “Incomes by Articles”?",
          "target_info_elements": [
            "steps_to_reproduce"
          ]
        }
      },
      "meta_data": {
        "latency": "4.400122958000793 s",
        "node_token_consumption": {
          "input_tokens": 31471,
          "output_tokens": 84,
          "total_tokens": 31555,
          "llm_calls": 1,
          "llm_calls_with_usage": 1,
          "llm_calls_missing_usage": 0
        }
      }
    }
  ]
}
{
  "turn": 1,
  "actions": [
    {
      "entity": "user",
      "action_name": "user_description",
      "output": {
        "messages": {
          "content": "I tapped \"Incomes by Articles\" directly.",
          "additional_kwargs": {},
          "response_metadata": {},
          "type": "human",
          "name": null,
          "id": "84ebd211-a8b4-4baf-9dd6-2935cebaae63"
        }
      },
      "meta_data": {
        "latency": "8.541600072931033e-05 s",
        "node_token_consumption": null
      }
    },
    {
      "entity": "bot",
      "action_name": "information_element_extraction",
      "output": {
        "information_element_extraction": {
          "triggering_screen_reference": null,
          "triggering_GUI_interactions": null,
          "buggy_behavior": null,
          "correct_behavior": null,
          "steps_to_reproduce": {
            "value": "On the Reports screen, tap \"Incomes by Articles\" directly before opening the \"Display of Incomes by Articles\" pop-up.",
            "evidence": [
              "I tapped \"Incomes by Articles\" directly."
            ]
          }
        }
      },
      "meta_data": {
        "latency": "1.7496466249995137 s",
        "node_token_consumption": {
          "input_tokens": 960,
          "output_tokens": 84,
          "total_tokens": 1044,
          "llm_calls": 1,
          "llm_calls_with_usage": 1,
          "llm_calls_missing_usage": 0
        }
      }
    },
    {
      "entity": "bot",
      "action_name": "clarity_check",
      "output": {
        "clarity_route": "continue",
        "clarity_issues": []
      },
      "meta_data": {
        "latency": "1.1259945000001608 s",
        "node_token_consumption": {
          "input_tokens": 432,
          "output_tokens": 21,
          "total_tokens": 453,
          "llm_calls": 1,
          "llm_calls_with_usage": 1,
          "llm_calls_missing_usage": 0
        }
      }
    },
    {
      "entity": "bot",
      "action_name": "extract_and_update",
      "output": {
        "BugInfo": {
          "triggering_screen_reference": {
            "status": "confirmed",
            "candidates": [
              {
                "value": "f189f23124c6c372973bbff27e30b7107f27022f74836d7085daf2817f565790",
                "evidence": "User said: 'On Display of Incomes by Articles pop-up of the Reports screen'. This exactly matches screen f189f23124c6c372973bbff27e30b7107f27022f74836d7085daf2817f565790, described as 'Display of Incomes by Articles' dialog on the Reports screen."
              }
            ]
          },
          "triggering_GUI_interactions": [
            {
              "status": "confirmed",
              "candidates": [
                {
                  "value": "dc01c666d81db01f9ceb751ff256033bcc27f75ab0951ef2f9eff49e39233d64",
                  "evidence": "User said to 'check view values'; this matches transition dc01c666d81db01f9ceb751ff256033bcc27f75ab0951ef2f9eff49e39233d64 on the Display of Incomes by Articles dialog, which clicks the 'View values' checkbox."
                }
              ]
            },
            {
              "status": "confirmed",
              "candidates": [
                {
                  "value": "c3292f1abb084883da9f0bf06776dd33343b186505d53bedfbb8b83717e4b319",
                  "evidence": "User said to 'check use percent values'; this matches transition c3292f1abb084883da9f0bf06776dd33343b186505d53bedfbb8b83717e4b319 on the same dialog, which clicks the 'Use percent values' checkbox."
                }
              ]
            },
            {
              "status": "confirmed",
              "candidates": [
                {
                  "value": "26c0ae2d76021672cf80c07928394773aec07f5be831f91ab09b5f7c2392b6aa",
                  "evidence": "User said to 'tap OK' after changing the report appearance. This matches transition 26c0ae2d76021672cf80c07928394773aec07f5be831f91ab09b5f7c2392b6aa, the OK button on the Display of Incomes by Articles dialog, which leads to the crash dialog."
                }
              ]
            }
          ],
          "buggy_behavior": {
            "status": "confirmed",
            "candidates": [
              {
                "value": "the application crashes",
                "evidence": "User explicitly said this action 'causes the application to crash'."
              }
            ]
          },
          "correct_behavior": {
            "status": "confirmed",
            "candidates": [
              {
                "value": "the appearance of the report should be changed to 'use percent values'",
                "evidence": "User explicitly said 'the appearance of the report should be changed to use percent values'."
              }
            ]
          },
          "steps_to_reproduce": [
            {
              "status": "confirmed",
              "candidates": [
                {
                  "value": "fa8baa4de2d1015dd5da60a38bcc25a725e918d25bafb6b4b8bafe8f727ccfcf",
                  "evidence": "User said 'Open the app'. This matches the open-app transition to the SMS permission dialog."
                }
              ]
            },
            {
              "status": "confirmed",
              "candidates": [
                {
                  "value": "8407e328c4a9d75304cf3edee19af6616ae654caca4e79229e0df0c827909816",
                  "evidence": "User said 'tap Allow'. This matches the Allow button on the SMS permission dialog."
                }
              ]
            },
            {
              "status": "confirmed",
              "candidates": [
                {
                  "value": "9a4f389ec16dc06bc51519fd35159ab49c667d2cae3e0323df9bf08cd98bda88",
                  "evidence": "User said 'select Report'. This matches tapping 'Reports' from the dashboard."
                }
              ]
            },
            {
              "status": "confirmed",
              "candidates": [
                {
                  "value": "c010db1badf9deb0564b10c46916ad505c7d1acca0f840fdc12c4867c81990d0",
                  "evidence": "New user evidence says: 'I tapped \"Incomes by Articles\" directly.' On the Reports screen, this directly matches transition c010db1badf9deb0564b10c46916ad505c7d1acca0f840fdc12c4867c81990d0, which selects 'Incomes by Articles' and opens the corresponding report screen."
                }
              ]
            },
            {
              "status": "confirmed",
              "candidates": [
                {
                  "value": "c7c181b4d07f85b6731edefa0c51eca8637b088e992c8d07e2349379db3cd413",
                  "evidence": "User said 'tap View' and identified the 'Display of Incomes by Articles' popup. This matches tapping the Display action on the Incomes by Articles report screen."
                }
              ]
            },
            {
              "status": "confirmed",
              "candidates": [
                {
                  "value": "dc01c666d81db01f9ceb751ff256033bcc27f75ab0951ef2f9eff49e39233d64",
                  "evidence": "User said 'check view values'."
                }
              ]
            },
            {
              "status": "confirmed",
              "candidates": [
                {
                  "value": "c3292f1abb084883da9f0bf06776dd33343b186505d53bedfbb8b83717e4b319",
                  "evidence": "User said 'check use percent values'."
                }
              ]
            },
            {
              "status": "confirmed",
              "candidates": [
                {
                  "value": "26c0ae2d76021672cf80c07928394773aec07f5be831f91ab09b5f7c2392b6aa",
                  "evidence": "User said 'tap OK', which triggers the crash path from the Display of Incomes by Articles dialog."
                }
              ]
            }
          ]
        },
        "information_element_extraction": {
          "triggering_screen_reference": null,
          "triggering_GUI_interactions": null,
          "buggy_behavior": null,
          "correct_behavior": null,
          "steps_to_reproduce": null
        },
        "clarification_window_start_idx": 2
      },
      "meta_data": {
        "latency": "17.30778808300056 s",
        "node_token_consumption": {
          "input_tokens": 32140,
          "output_tokens": 1203,
          "total_tokens": 33343,
          "llm_calls": 1,
          "llm_calls_with_usage": 1,
          "llm_calls_missing_usage": 0
        }
      }
    },
    {
      "entity": "bot",
      "action_name": "evaluate",
      "output": {
        "unknown_and_low_confidence_info": []
      },
      "meta_data": {
        "latency": "6.0832999224658124e-05 s",
        "node_token_consumption": null
      }
    },
    {
      "entity": "user",
      "action_name": "generate_report",
      "output": {
        "full_report": {
          "title": "App crashes when applying the \"Use percent values\" display option for the Incomes by Articles report.",
          "observed_behavior": "On the Display of Incomes by Articles pop-up of the Reports screen, if the user checks \"View values,\" checks \"Use percent values,\" and taps \"OK,\" the application crashes.",
          "expected_behavior": "The appearance of the report should be changed to use percent values.",
          "steps_to_reproduce": "1. Open the app. <fa8baa4de2d1015dd5da60a38bcc25a725e918d25bafb6b4b8bafe8f727ccfcf>\n2. Tap \"Allow\" on the SMS permission dialog. <8407e328c4a9d75304cf3edee19af6616ae654caca4e79229e0df0c827909816>\n3. Tap \"Reports\" from the dashboard. <9a4f389ec16dc06bc51519fd35159ab49c667d2cae3e0323df9bf08cd98bda88>\n4. Tap \"Incomes by Articles\" on the Reports screen. <c010db1badf9deb0564b10c46916ad505c7d1acca0f840fdc12c4867c81990d0>\n5. Tap \"Display\" on the Incomes by Articles report screen. <c7c181b4d07f85b6731edefa0c51eca8637b088e992c8d07e2349379db3cd413>\n6. Check the \"View values\" checkbox. <dc01c666d81db01f9ceb751ff256033bcc27f75ab0951ef2f9eff49e39233d64>\n7. Check the \"Use percent values\" checkbox. <c3292f1abb084883da9f0bf06776dd33343b186505d53bedfbb8b83717e4b319>\n8. Tap \"OK.\" <26c0ae2d76021672cf80c07928394773aec07f5be831f91ab09b5f7c2392b6aa>"
        }
      },
      "meta_data": {
        "latency": "6.346555291000186 s",
        "node_token_consumption": {
          "input_tokens": 27269,
          "output_tokens": 487,
          "total_tokens": 27756,
          "llm_calls": 1,
          "llm_calls_with_usage": 1,
          "llm_calls_missing_usage": 0
        }
      }
    }
  ]
}
{
  "record_type": "conversation_summary",
  "conversation_id": "2",
  "started_at": "2026-04-07T02:21:00.544029+00:00",
  "ended_at": "2026-04-07T02:22:18.793338+00:00",
  "total_latency_seconds": 78.24854191600025,
  "token_consumption": {
    "input_tokens": 124740,
    "output_tokens": 3592,
    "total_tokens": 128332,
    "llm_calls": 8,
    "llm_calls_with_usage": 8,
    "llm_calls_missing_usage": 0
  }
}
