{
  "session_id": "30940fa6-90a8-47b7-bea3-a330c0738191",
  "turn": 1,
  "started_at": "2026-04-23T17:07:20.037255+00:00",
  "ended_at": "2026-04-23T17:07:49.729281+00:00",
  "actions": [
    {
      "entity": "user",
      "action_name": "user_description",
      "output": {
        "messages": {
          "content": "On Display of Incomes by Articles pop-up of the Reports screen changing the report appearance from 'view values' to 'use percent values' causes the application to crash, but the appearance of the report should be changed to 'use percent values'. I took these steps: Open the app, tap Allow, select Report, choose Incomes By Articles or Expenses By Articles, tap View, check 'view values', check 'use percent values', and tap OK.",
          "additional_kwargs": {},
          "response_metadata": {},
          "type": "human",
          "name": null,
          "id": "3cf84782-b766-4493-9161-26bd15b1472d"
        }
      },
      "meta_data": {
        "latency": "2.0167000002402347e-05 s",
        "node_token_consumption": null
      }
    },
    {
      "entity": "bot",
      "action_name": "information_element_extraction",
      "output": {
        "information_element_extraction": {
          "triggering_screen_reference": {
            "value": "Display of Incomes by Articles pop-up of the Reports screen",
            "evidence": [
              "On Display of Incomes by Articles pop-up of the Reports screen"
            ]
          },
          "triggering_GUI_interactions": {
            "value": "changing the report appearance from 'view values' to 'use percent values'",
            "evidence": [
              "changing the report appearance from 'view values' to 'use percent values'"
            ]
          },
          "buggy_behavior": {
            "value": "the application crashes",
            "evidence": [
              "causes the application to crash"
            ]
          },
          "correct_behavior": {
            "value": "the appearance of the report should be changed to 'use percent values'",
            "evidence": [
              "the appearance of the report should be changed to 'use percent values'"
            ]
          },
          "steps_to_reproduce": {
            "value": "Open the app, tap Allow, select Report, choose Incomes By Articles or Expenses By Articles, tap View, check 'view values', check 'use percent values', and tap OK.",
            "evidence": [
              "I took these steps: Open the app, tap Allow, select Report, choose Incomes By Articles or Expenses By Articles, tap View, check 'view values', check 'use percent values', and tap OK."
            ]
          }
        }
      },
      "meta_data": {
        "latency": "4.801343585000012 s",
        "node_token_consumption": {
          "input_tokens": 969,
          "output_tokens": 244,
          "total_tokens": 1213,
          "llm_calls": 1,
          "llm_calls_with_usage": 1,
          "llm_calls_missing_usage": 0
        }
      }
    },
    {
      "entity": "bot",
      "action_name": "clarity_check",
      "output": {
        "clarity_route": "continue",
        "clarity_issues": []
      },
      "meta_data": {
        "latency": "1.2767997510000129 s",
        "node_token_consumption": {
          "input_tokens": 633,
          "output_tokens": 21,
          "total_tokens": 654,
          "llm_calls": 1,
          "llm_calls_with_usage": 1,
          "llm_calls_missing_usage": 0
        }
      }
    },
    {
      "entity": "bot",
      "action_name": "extract_and_update",
      "output": {
        "BugInfo": {
          "triggering_screen_reference": {
            "status": "confirmed",
            "candidates": [
              {
                "value": "f189f23124c6c372973bbff27e30b7107f27022f74836d7085daf2817f565790",
                "evidence": "User states the bug occurs on the 'Display of Incomes by Articles pop-up of the Reports screen'. In the graph, screen f189f23124c6c372973bbff27e30b7107f27022f74836d7085daf2817f565790 is 'ChartActivity(Window=Main): This dialog is titled Display of Incomes by Articles'."
              }
            ]
          },
          "triggering_GUI_interactions": [
            {
              "status": "confirmed",
              "candidates": [
                {
                  "value": "dc01c666d81db01f9ceb751ff256033bcc27f75ab0951ef2f9eff49e39233d64",
                  "evidence": "User says the trigger involves changing report appearance from 'view values' to 'use percent values'. Transition dc01c666d81db01f9ceb751ff256033bcc27f75ab0951ef2f9eff49e39233d64 is clicking the 'View values' checkbox on the Display of Incomes by Articles dialog."
                }
              ]
            },
            {
              "status": "confirmed",
              "candidates": [
                {
                  "value": "c3292f1abb084883da9f0bf06776dd33343b186505d53bedfbb8b83717e4b319",
                  "evidence": "User says the trigger involves changing report appearance to 'use percent values'. Transition c3292f1abb084883da9f0bf06776dd33343b186505d53bedfbb8b83717e4b319 is clicking the 'Use percent values' checkbox on the same Display of Incomes by Articles dialog."
                }
              ]
            },
            {
              "status": "confirmed",
              "candidates": [
                {
                  "value": "26c0ae2d76021672cf80c07928394773aec07f5be831f91ab09b5f7c2392b6aa",
                  "evidence": "User's steps end with tapping OK after checking 'view values' and 'use percent values'. Transition 26c0ae2d76021672cf80c07928394773aec07f5be831f91ab09b5f7c2392b6aa is clicking OK on the Display of Incomes by Articles dialog, after which the app crashes."
                }
              ]
            }
          ],
          "buggy_behavior": {
            "status": "confirmed",
            "candidates": [
              {
                "value": "the application crashes",
                "evidence": "Extracted buggy behavior explicitly says 'causes the application to crash'."
              }
            ]
          },
          "correct_behavior": {
            "status": "confirmed",
            "candidates": [
              {
                "value": "the appearance of the report should be changed to 'use percent values' instead of crashing",
                "evidence": "User explicitly says 'the appearance of the report should be changed to 'use percent values''; grounded to the same interaction sequence that currently leads to a crash."
              }
            ]
          },
          "steps_to_reproduce": [
            {
              "status": "confirmed",
              "candidates": [
                {
                  "value": "fa8baa4de2d1015dd5da60a38bcc25a725e918d25bafb6b4b8bafe8f727ccfcf",
                  "evidence": "User step: 'Open the app'. This open-app transition leads to the permission dialog shown before tapping Allow."
                }
              ]
            },
            {
              "status": "confirmed",
              "candidates": [
                {
                  "value": "8407e328c4a9d75304cf3edee19af6616ae654caca4e79229e0df0c827909816",
                  "evidence": "User step: 'tap Allow'."
                }
              ]
            },
            {
              "status": "confirmed",
              "candidates": [
                {
                  "value": "9a4f389ec16dc06bc51519fd35159ab49c667d2cae3e0323df9bf08cd98bda88",
                  "evidence": "User step: 'select Report'. Transition opens the Reports screen from Dashboard via the Reports button."
                }
              ]
            },
            {
              "status": "ambiguous",
              "candidates": [
                {
                  "value": "c010db1badf9deb0564b10c46916ad505c7d1acca0f840fdc12c4867c81990d0",
                  "evidence": "User says 'choose Incomes By Articles or Expenses By Articles'. One plausible path is choosing 'Incomes by Articles' from the initial Reports screen."
                },
                {
                  "value": "8725429b5f40ee537ff83bd3f7f22b9f4e767bceacea23dc1dd6736c457b18c1",
                  "evidence": "User wording explicitly allows another report tab choice, 'Expenses By Articles', from the initial Reports screen."
                }
              ]
            },
            {
              "status": "confirmed",
              "candidates": [
                {
                  "value": "c7c181b4d07f85b6731edefa0c51eca8637b088e992c8d07e2349379db3cd413",
                  "evidence": "User step: 'tap View' (mapped to the Display action). On the Incomes by Articles screen, transition c7c181b4d07f85b6731edefa0c51eca8637b088e992c8d07e2349379db3cd413 opens the Display of Incomes by Articles pop-up."
                }
              ]
            },
            {
              "status": "confirmed",
              "candidates": [
                {
                  "value": "dc01c666d81db01f9ceb751ff256033bcc27f75ab0951ef2f9eff49e39233d64",
                  "evidence": "User step: 'check view values'."
                }
              ]
            },
            {
              "status": "confirmed",
              "candidates": [
                {
                  "value": "c3292f1abb084883da9f0bf06776dd33343b186505d53bedfbb8b83717e4b319",
                  "evidence": "User step: 'check use percent values'."
                }
              ]
            },
            {
              "status": "confirmed",
              "candidates": [
                {
                  "value": "26c0ae2d76021672cf80c07928394773aec07f5be831f91ab09b5f7c2392b6aa",
                  "evidence": "User step: 'tap OK'. This is the final interaction before the crash."
                }
              ]
            }
          ]
        },
        "information_element_extraction": {
          "triggering_screen_reference": null,
          "triggering_GUI_interactions": null,
          "buggy_behavior": null,
          "correct_behavior": null,
          "steps_to_reproduce": null
        },
        "active_follow_up": null,
        "clarification_window_start_idx": 1
      },
      "meta_data": {
        "latency": "18.808671009000008 s",
        "node_token_consumption": {
          "input_tokens": 30941,
          "output_tokens": 1296,
          "total_tokens": 32237,
          "llm_calls": 1,
          "llm_calls_with_usage": 1,
          "llm_calls_missing_usage": 0
        }
      }
    },
    {
      "entity": "bot",
      "action_name": "evaluate",
      "output": {
        "unknown_and_low_confidence_info": [
          "steps_to_reproduce[3]"
        ]
      },
      "meta_data": {
        "latency": "1.5042000001130873e-05 s",
        "node_token_consumption": null
      }
    },
    {
      "entity": "bot",
      "action_name": "follow_up",
      "output": {
        "active_follow_up": {
          "kind": "more_info",
          "question": "On the Reports screen, which report tab did you open just before tapping Display and changing the options in the “Display of Incomes by Articles” dialog? Was it directly the “Incomes by Articles” tab, or did you first open “Expenses by Articles” and then switch to “Incomes by Articles”?",
          "target_info_elements": [
            "steps_to_reproduce"
          ]
        }
      },
      "meta_data": {
        "latency": "4.787465210000008 s",
        "node_token_consumption": {
          "input_tokens": 31425,
          "output_tokens": 91,
          "total_tokens": 31516,
          "llm_calls": 1,
          "llm_calls_with_usage": 1,
          "llm_calls_missing_usage": 0
        }
      }
    }
  ]
}
{
  "session_id": "30940fa6-90a8-47b7-bea3-a330c0738191",
  "turn": 1,
  "started_at": "2026-04-23T17:08:23.144404+00:00",
  "ended_at": "2026-04-23T17:08:59.054120+00:00",
  "actions": [
    {
      "entity": "user",
      "action_name": "user_description",
      "output": {
        "messages": {
          "content": "It was directly the \"Incomes by Articles\" tab.",
          "additional_kwargs": {},
          "response_metadata": {},
          "type": "human",
          "name": null,
          "id": "1ef03331-8043-419f-88a9-665861d4323f"
        }
      },
      "meta_data": {
        "latency": "1.2499999996862243e-05 s",
        "node_token_consumption": null
      }
    },
    {
      "entity": "bot",
      "action_name": "information_element_extraction",
      "output": {
        "information_element_extraction": {
          "triggering_screen_reference": null,
          "triggering_GUI_interactions": null,
          "buggy_behavior": null,
          "correct_behavior": null,
          "steps_to_reproduce": {
            "value": "Open directly the \"Incomes by Articles\" tab on the Reports screen before tapping Display and changing the options in the \"Display of Incomes by Articles\" dialog.",
            "evidence": [
              "It was directly the \"Incomes by Articles\" tab."
            ]
          }
        }
      },
      "meta_data": {
        "latency": "3.1766841680000084 s",
        "node_token_consumption": {
          "input_tokens": 969,
          "output_tokens": 92,
          "total_tokens": 1061,
          "llm_calls": 1,
          "llm_calls_with_usage": 1,
          "llm_calls_missing_usage": 0
        }
      }
    },
    {
      "entity": "bot",
      "action_name": "clarity_check",
      "output": {
        "clarity_route": "continue",
        "clarity_issues": []
      },
      "meta_data": {
        "latency": "4.670623543999994 s",
        "node_token_consumption": {
          "input_tokens": 452,
          "output_tokens": 21,
          "total_tokens": 473,
          "llm_calls": 1,
          "llm_calls_with_usage": 1,
          "llm_calls_missing_usage": 0
        }
      }
    },
    {
      "entity": "bot",
      "action_name": "extract_and_update",
      "output": {
        "BugInfo": {
          "triggering_screen_reference": {
            "status": "confirmed",
            "candidates": [
              {
                "value": "f189f23124c6c372973bbff27e30b7107f27022f74836d7085daf2817f565790",
                "evidence": "User states the bug occurs on the 'Display of Incomes by Articles pop-up of the Reports screen'. In the graph, screen f189f23124c6c372973bbff27e30b7107f27022f74836d7085daf2817f565790 is 'ChartActivity(Window=Main): This dialog is titled Display of Incomes by Articles'."
              }
            ]
          },
          "triggering_GUI_interactions": [
            {
              "status": "confirmed",
              "candidates": [
                {
                  "value": "dc01c666d81db01f9ceb751ff256033bcc27f75ab0951ef2f9eff49e39233d64",
                  "evidence": "User says the trigger involves changing report appearance from 'view values' to 'use percent values'. Transition dc01c666d81db01f9ceb751ff256033bcc27f75ab0951ef2f9eff49e39233d64 is clicking the 'View values' checkbox on the Display of Incomes by Articles dialog."
                }
              ]
            },
            {
              "status": "confirmed",
              "candidates": [
                {
                  "value": "c3292f1abb084883da9f0bf06776dd33343b186505d53bedfbb8b83717e4b319",
                  "evidence": "User says the trigger involves changing report appearance to 'use percent values'. Transition c3292f1abb084883da9f0bf06776dd33343b186505d53bedfbb8b83717e4b319 is clicking the 'Use percent values' checkbox on the same Display of Incomes by Articles dialog."
                }
              ]
            },
            {
              "status": "confirmed",
              "candidates": [
                {
                  "value": "26c0ae2d76021672cf80c07928394773aec07f5be831f91ab09b5f7c2392b6aa",
                  "evidence": "User's steps end with tapping OK after checking 'view values' and 'use percent values'. Transition 26c0ae2d76021672cf80c07928394773aec07f5be831f91ab09b5f7c2392b6aa is clicking OK on the Display of Incomes by Articles dialog, after which the app crashes."
                }
              ]
            }
          ],
          "buggy_behavior": {
            "status": "confirmed",
            "candidates": [
              {
                "value": "the application crashes",
                "evidence": "Extracted buggy behavior explicitly says 'causes the application to crash'."
              }
            ]
          },
          "correct_behavior": {
            "status": "confirmed",
            "candidates": [
              {
                "value": "the appearance of the report should be changed to 'use percent values' instead of crashing",
                "evidence": "User explicitly says 'the appearance of the report should be changed to 'use percent values''; grounded to the same interaction sequence that currently leads to a crash."
              }
            ]
          },
          "steps_to_reproduce": [
            {
              "status": "confirmed",
              "candidates": [
                {
                  "value": "fa8baa4de2d1015dd5da60a38bcc25a725e918d25bafb6b4b8bafe8f727ccfcf",
                  "evidence": "User step: 'Open the app'. This open-app transition leads to the permission dialog shown before tapping Allow."
                }
              ]
            },
            {
              "status": "confirmed",
              "candidates": [
                {
                  "value": "8407e328c4a9d75304cf3edee19af6616ae654caca4e79229e0df0c827909816",
                  "evidence": "User step: 'tap Allow'."
                }
              ]
            },
            {
              "status": "confirmed",
              "candidates": [
                {
                  "value": "9a4f389ec16dc06bc51519fd35159ab49c667d2cae3e0323df9bf08cd98bda88",
                  "evidence": "User step: 'select Report'. Transition opens the Reports screen from Dashboard via the Reports button."
                }
              ]
            },
            {
              "status": "confirmed",
              "candidates": [
                {
                  "value": "c010db1badf9deb0564b10c46916ad505c7d1acca0f840fdc12c4867c81990d0",
                  "evidence": "New user evidence resolves the prior ambiguity: 'It was directly the \"Incomes by Articles\" tab.' On the Reports screen, transition c010db1badf9deb0564b10c46916ad505c7d1acca0f840fdc12c4867c81990d0 clicks the 'Incomes by Articles' tab."
                }
              ]
            },
            {
              "status": "confirmed",
              "candidates": [
                {
                  "value": "c7c181b4d07f85b6731edefa0c51eca8637b088e992c8d07e2349379db3cd413",
                  "evidence": "User step: 'tap View' (mapped to the Display action). On the Incomes by Articles screen, transition c7c181b4d07f85b6731edefa0c51eca8637b088e992c8d07e2349379db3cd413 opens the Display of Incomes by Articles pop-up."
                }
              ]
            },
            {
              "status": "confirmed",
              "candidates": [
                {
                  "value": "dc01c666d81db01f9ceb751ff256033bcc27f75ab0951ef2f9eff49e39233d64",
                  "evidence": "User step: 'check view values'."
                }
              ]
            },
            {
              "status": "confirmed",
              "candidates": [
                {
                  "value": "c3292f1abb084883da9f0bf06776dd33343b186505d53bedfbb8b83717e4b319",
                  "evidence": "User step: 'check use percent values'."
                }
              ]
            },
            {
              "status": "confirmed",
              "candidates": [
                {
                  "value": "26c0ae2d76021672cf80c07928394773aec07f5be831f91ab09b5f7c2392b6aa",
                  "evidence": "User step: 'tap OK'. This is the final interaction before the crash."
                }
              ]
            }
          ]
        },
        "information_element_extraction": {
          "triggering_screen_reference": null,
          "triggering_GUI_interactions": null,
          "buggy_behavior": null,
          "correct_behavior": null,
          "steps_to_reproduce": null
        },
        "active_follow_up": null,
        "clarification_window_start_idx": 2
      },
      "meta_data": {
        "latency": "21.664604177 s",
        "node_token_consumption": {
          "input_tokens": 32110,
          "output_tokens": 1273,
          "total_tokens": 33383,
          "llm_calls": 1,
          "llm_calls_with_usage": 1,
          "llm_calls_missing_usage": 0
        }
      }
    },
    {
      "entity": "bot",
      "action_name": "evaluate",
      "output": {
        "unknown_and_low_confidence_info": []
      },
      "meta_data": {
        "latency": "2.687500000320142e-05 s",
        "node_token_consumption": null
      }
    },
    {
      "entity": "bot",
      "action_name": "generate_report",
      "output": {
        "full_report": {
          "title": "App crashes when applying both View values and Use percent values in the Incomes by Articles display dialog",
          "observed_behavior": "On the Display of Incomes by Articles pop-up of the Reports screen, if the user checks View values, checks Use percent values, and taps OK, the application crashes.",
          "expected_behavior": "The appearance of the report should be changed to use percent values instead of crashing.",
          "steps_to_reproduce": "1. Open the app. <fa8baa4de2d1015dd5da60a38bcc25a725e918d25bafb6b4b8bafe8f727ccfcf>\n2. Tap Allow on the permission dialog. <8407e328c4a9d75304cf3edee19af6616ae654caca4e79229e0df0c827909816>\n3. Tap Reports from the main screen. <9a4f389ec16dc06bc51519fd35159ab49c667d2cae3e0323df9bf08cd98bda88>\n4. Open the Incomes by Articles tab. <c010db1badf9deb0564b10c46916ad505c7d1acca0f840fdc12c4867c81990d0>\n5. Tap Display to open the Display of Incomes by Articles pop-up. <c7c181b4d07f85b6731edefa0c51eca8637b088e992c8d07e2349379db3cd413>\n6. Check View values. <dc01c666d81db01f9ceb751ff256033bcc27f75ab0951ef2f9eff49e39233d64>\n7. Check Use percent values. <c3292f1abb084883da9f0bf06776dd33343b186505d53bedfbb8b83717e4b319>\n8. Tap OK. <26c0ae2d76021672cf80c07928394773aec07f5be831f91ab09b5f7c2392b6aa>"
        }
      },
      "meta_data": {
        "latency": "6.387332961999988 s",
        "node_token_consumption": {
          "input_tokens": 27352,
          "output_tokens": 471,
          "total_tokens": 27823,
          "llm_calls": 1,
          "llm_calls_with_usage": 1,
          "llm_calls_missing_usage": 0
        }
      }
    }
  ]
}
{
  "record_type": "final_report",
  "session_id": "30940fa6-90a8-47b7-bea3-a330c0738191",
  "final_report": {
    "title": "App crashes when applying both View values and Use percent values in the Incomes by Articles display dialog",
    "observed_behavior": "On the Display of Incomes by Articles pop-up of the Reports screen, if the user checks View values, checks Use percent values, and taps OK, the application crashes.",
    "expected_behavior": "The appearance of the report should be changed to use percent values instead of crashing.",
    "steps_to_reproduce": "1. Open the app. <fa8baa4de2d1015dd5da60a38bcc25a725e918d25bafb6b4b8bafe8f727ccfcf>\n2. Tap Allow on the permission dialog. <8407e328c4a9d75304cf3edee19af6616ae654caca4e79229e0df0c827909816>\n3. Tap Reports from the main screen. <9a4f389ec16dc06bc51519fd35159ab49c667d2cae3e0323df9bf08cd98bda88>\n4. Open the Incomes by Articles tab. <c010db1badf9deb0564b10c46916ad505c7d1acca0f840fdc12c4867c81990d0>\n5. Tap Display to open the Display of Incomes by Articles pop-up. <c7c181b4d07f85b6731edefa0c51eca8637b088e992c8d07e2349379db3cd413>\n6. Check View values. <dc01c666d81db01f9ceb751ff256033bcc27f75ab0951ef2f9eff49e39233d64>\n7. Check Use percent values. <c3292f1abb084883da9f0bf06776dd33343b186505d53bedfbb8b83717e4b319>\n8. Tap OK. <26c0ae2d76021672cf80c07928394773aec07f5be831f91ab09b5f7c2392b6aa>"
  }
}
{
  "record_type": "conversation_summary",
  "session_id": "30940fa6-90a8-47b7-bea3-a330c0738191",
  "started_at": "2026-04-23T17:07:20.037255+00:00",
  "ended_at": "2026-04-23T17:08:59.054120+00:00",
  "total_wall_clock_seconds": 99.016865,
  "total_turn_processing_seconds": 65.601742,
  "total_conversation_turns": 2,
  "token_consumption": {
    "input_tokens": 124851,
    "output_tokens": 3509,
    "total_tokens": 128360,
    "llm_calls": 8,
    "llm_calls_with_usage": 8,
    "llm_calls_missing_usage": 0
  }
}
