{
  "turn": 1,
  "actions": [
    {
      "entity": "user",
      "action_name": "user_description",
      "output": {
        "messages": {
          "content": "Open App, swipe left four times, tap YES, tap Skip, tap YES, open the navigation drawer, select Explore, tap a picture, swipe up twice, tap a category, and tap Parent Categories to reach the Category screen in the Parent Categories tab; clicking the Parent Categories tab results in a blank page, but the Parent Categories of the current category should be displayed.",
          "additional_kwargs": {},
          "response_metadata": {},
          "type": "human",
          "name": null,
          "id": "32a4599f-e059-488b-8918-42adde5ac0c5"
        }
      },
      "meta_data": {
        "latency": "1.2292000064917374e-05 s",
        "node_token_consumption": null
      }
    },
    {
      "entity": "bot",
      "action_name": "information_element_extraction",
      "output": {
        "information_element_extraction": {
          "triggering_screen_reference": {
            "value": "the Category screen in the Parent Categories tab",
            "evidence": [
              "reach the Category screen in the Parent Categories tab"
            ]
          },
          "triggering_GUI_interactions": {
            "value": "clicking the Parent Categories tab",
            "evidence": [
              "clicking the Parent Categories tab results in a blank page"
            ]
          },
          "buggy_behavior": {
            "value": "a blank page is shown",
            "evidence": [
              "clicking the Parent Categories tab results in a blank page"
            ]
          },
          "correct_behavior": {
            "value": "the Parent Categories of the current category should be displayed",
            "evidence": [
              "the Parent Categories of the current category should be displayed"
            ]
          },
          "steps_to_reproduce": {
            "value": "Open App, swipe left four times, tap YES, tap Skip, tap YES, open the navigation drawer, select Explore, tap a picture, swipe up twice, tap a category, and tap Parent Categories to reach the Category screen in the Parent Categories tab",
            "evidence": [
              "Open App, swipe left four times, tap YES, tap Skip, tap YES, open the navigation drawer, select Explore, tap a picture, swipe up twice, tap a category, and tap Parent Categories to reach the Category screen in the Parent Categories tab"
            ]
          }
        }
      },
      "meta_data": {
        "latency": "4.918386916000031 s",
        "node_token_consumption": {
          "input_tokens": 952,
          "output_tokens": 244,
          "total_tokens": 1196,
          "llm_calls": 1,
          "llm_calls_with_usage": 1,
          "llm_calls_missing_usage": 0
        }
      }
    },
    {
      "entity": "bot",
      "action_name": "clarity_check",
      "output": {
        "clarity_route": "continue",
        "clarity_issues": []
      },
      "meta_data": {
        "latency": "1.603149333000033 s",
        "node_token_consumption": {
          "input_tokens": 635,
          "output_tokens": 21,
          "total_tokens": 656,
          "llm_calls": 1,
          "llm_calls_with_usage": 1,
          "llm_calls_missing_usage": 0
        }
      }
    },
    {
      "entity": "bot",
      "action_name": "extract_and_update",
      "output": {
        "BugInfo": {
          "triggering_screen_reference": {
            "status": "confirmed",
            "candidates": [
              {
                "value": "5f73d16c7a634772a51c9c854a69bc9dec5f65b77d44fab362d5462a759767e8",
                "evidence": "User states the bug occurs on 'the Category screen in the Parent Categories tab'; screen 5f73... is CategoryDetailsActivity with tabs 'MEDIA', 'SUBCATEGORIES', and 'PARENT CATEGORIES'."
              }
            ]
          },
          "triggering_GUI_interactions": [
            {
              "status": "confirmed",
              "candidates": [
                {
                  "value": "6be714d047ab21effd5c736c32506e18bd08b4c8e44ecb14442be1e47d5253a5",
                  "evidence": "User: 'clicking the Parent Categories tab results in a blank page'; transition 6be714... is clicking 'PARENT CATEGORIES' on the CategoryDetails screen and remains on the same screen."
                }
              ]
            }
          ],
          "buggy_behavior": {
            "status": "confirmed",
            "candidates": [
              {
                "value": "a blank page is shown",
                "evidence": "User explicitly says 'clicking the Parent Categories tab results in a blank page'."
              }
            ]
          },
          "correct_behavior": {
            "status": "confirmed",
            "candidates": [
              {
                "value": "the Parent Categories of the current category should be displayed",
                "evidence": "User explicitly says 'the Parent Categories of the current category should be displayed'."
              }
            ]
          },
          "steps_to_reproduce": [
            {
              "status": "confirmed",
              "candidates": [
                {
                  "value": "8e8c7133a537849ea1f09bcc2625161404e90d5f93d33e01c0e90230c92a5a7a",
                  "evidence": "User step: 'Open App'."
                }
              ]
            },
            {
              "status": "confirmed",
              "candidates": [
                {
                  "value": "b3d177434c01973aefd635e9b2c077d1ba46bf4e2a80da4ed89474511160b63d",
                  "evidence": "User step: 'swipe left four times' - first swipe left in onboarding."
                }
              ]
            },
            {
              "status": "confirmed",
              "candidates": [
                {
                  "value": "e0f12adac56be76acb79d37d0e90aa329ca9de72ca3481f451a5311f141027c4",
                  "evidence": "User step: 'swipe left four times' - second swipe left in onboarding."
                }
              ]
            },
            {
              "status": "confirmed",
              "candidates": [
                {
                  "value": "8816181fdd2f34a86b06a3bc7208d741eee74c5da62d980f09630d2cf47f6df1",
                  "evidence": "User step: 'swipe left four times' - third swipe left in onboarding."
                }
              ]
            },
            {
              "status": "confirmed",
              "candidates": [
                {
                  "value": "b71f779a1f0963d53f1859ce1784a17f4a319592a660124b62c8f18a53cf46e8",
                  "evidence": "User step: 'swipe left four times' - fourth swipe left in onboarding."
                }
              ]
            },
            {
              "status": "confirmed",
              "candidates": [
                {
                  "value": "9637973e88b508b265333dbf56463d16981017c2c09b4c69c5b9902e347d39e5",
                  "evidence": "User step: 'tap YES' after onboarding."
                }
              ]
            },
            {
              "status": "confirmed",
              "candidates": [
                {
                  "value": "bb009cd969fdfffc3f5842081f292334289f80d5b8fc399d1fce7ec4972173c4",
                  "evidence": "User step: 'tap Skip' on login screen."
                }
              ]
            },
            {
              "status": "confirmed",
              "candidates": [
                {
                  "value": "a15358162dfdc9d6068f688c1a95276f63e1788b93f9311047afa58f7e695b0b",
                  "evidence": "User step: 'tap YES' on skip-login confirmation dialog."
                }
              ]
            },
            {
              "status": "confirmed",
              "candidates": [
                {
                  "value": "1d89fc61d139df7152892234c2a3f5174669a9b3b57a90c88ff95b811528ce5e",
                  "evidence": "User step: 'open the navigation drawer' from Explore screen."
                }
              ]
            },
            {
              "status": "confirmed",
              "candidates": [
                {
                  "value": "2cb54b6b2c319fadcb77770ddc6f08bc1620d2ea99af5e4315a0e04d97476e34",
                  "evidence": "User step: 'select Explore' in navigation drawer."
                }
              ]
            },
            {
              "status": "confirmed",
              "candidates": [
                {
                  "value": "eeb2dcc5b038a5365fc5e3968862c3ae476f8c007955b49e9585b8a8b05bc0c1",
                  "evidence": "User step: 'tap a picture' from Explore grid."
                }
              ]
            },
            {
              "status": "confirmed",
              "candidates": [
                {
                  "value": "d84994fbe18eaf7d76f1dfe454496f07db5e6a0c2213452558c14661322567ac",
                  "evidence": "User step: 'swipe up twice' - first swipe up on media details."
                }
              ]
            },
            {
              "status": "confirmed",
              "candidates": [
                {
                  "value": "44efd4db46c1a856f86f5f10423f5a596b37a4499b0d7f8dbc4036eba4edddf7",
                  "evidence": "User step: 'swipe up twice' - second swipe up on media details."
                }
              ]
            },
            {
              "status": "confirmed",
              "candidates": [
                {
                  "value": "f855240a7c5488e1a1fd483c6fec3b99757ca2940f7ceba50517a42c5e6211dc",
                  "evidence": "User step: 'tap a category' after swiping to the categories list; transition taps category 'Focus stacking images of insects'."
                }
              ]
            },
            {
              "status": "confirmed",
              "candidates": [
                {
                  "value": "31951cb9f29b46f435d8f75ccd1b6f6cc6ead9febe61faa81dad6e547e91a68f",
                  "evidence": "User step: 'tap Parent Categories to reach the Category screen in the Parent Categories tab'; transition 31951... taps 'PARENT CATEGORIES' on the category details screen to reach screen 5f73...."
                }
              ]
            }
          ]
        },
        "information_element_extraction": {
          "triggering_screen_reference": null,
          "triggering_GUI_interactions": null,
          "buggy_behavior": null,
          "correct_behavior": null,
          "steps_to_reproduce": null
        },
        "clarification_window_start_idx": 1
      },
      "meta_data": {
        "latency": "16.589452499999993 s",
        "node_token_consumption": {
          "input_tokens": 22205,
          "output_tokens": 1370,
          "total_tokens": 23575,
          "llm_calls": 1,
          "llm_calls_with_usage": 1,
          "llm_calls_missing_usage": 0
        }
      }
    },
    {
      "entity": "bot",
      "action_name": "evaluate",
      "output": {
        "unknown_and_low_confidence_info": []
      },
      "meta_data": {
        "latency": "0.0002684999999473803 s",
        "node_token_consumption": null
      }
    },
    {
      "entity": "user",
      "action_name": "generate_report",
      "output": {
        "full_report": {
          "title": "Parent Categories tab shows a blank page on the category details screen",
          "observed_behavior": "On the Category Details screen in the Parent Categories tab, if the user taps the PARENT CATEGORIES tab, a blank page is shown.",
          "expected_behavior": "The Parent Categories of the current category should be displayed.",
          "steps_to_reproduce": "1. Open the app. <8e8c7133a537849ea1f09bcc2625161404e90d5f93d33e01c0e90230c92a5a7a>\n2. Swipe left on the first onboarding screen. <b3d177434c01973aefd635e9b2c077d1ba46bf4e2a80da4ed89474511160b63d>\n3. Swipe left on the second onboarding screen. <e0f12adac56be76acb79d37d0e90aa329ca9de72ca3481f451a5311f141027c4>\n4. Swipe left on the third onboarding screen. <8816181fdd2f34a86b06a3bc7208d741eee74c5da62d980f09630d2cf47f6df1>\n5. Swipe left on the fourth onboarding screen. <b71f779a1f0963d53f1859ce1784a17f4a319592a660124b62c8f18a53cf46e8>\n6. Tap YES! on the welcome screen. <9637973e88b508b265333dbf56463d16981017c2c09b4c69c5b9902e347d39e5>\n7. Tap Skip on the login screen. <bb009cd969fdfffc3f5842081f292334289f80d5b8fc399d1fce7ec4972173c4>\n8. Tap YES on the skip-login confirmation dialog. <a15358162dfdc9d6068f688c1a95276f63e1788b93f9311047afa58f7e695b0b>\n9. Open the navigation drawer from the Explore screen. <1d89fc61d139df7152892234c2a3f5174669a9b3b57a90c88ff95b811528ce5e>\n10. Select Explore from the navigation drawer. <2cb54b6b2c319fadcb77770ddc6f08bc1620d2ea99af5e4315a0e04d97476e34>\n11. Tap a picture in the Explore grid. <eeb2dcc5b038a5365fc5e3968862c3ae476f8c007955b49e9585b8a8b05bc0c1>\n12. Swipe up on the media details screen. <d84994fbe18eaf7d76f1dfe454496f07db5e6a0c2213452558c14661322567ac>\n13. Swipe up again on the media details screen. <44efd4db46c1a856f86f5f10423f5a596b37a4499b0d7f8dbc4036eba4edddf7>\n14. Tap a category from the categories list. <f855240a7c5488e1a1fd483c6fec3b99757ca2940f7ceba50517a42c5e6211dc>\n15. Tap the PARENT CATEGORIES tab on the category details screen. <31951cb9f29b46f435d8f75ccd1b6f6cc6ead9febe61faa81dad6e547e91a68f>"
        }
      },
      "meta_data": {
        "latency": "11.39510508300009 s",
        "node_token_consumption": {
          "input_tokens": 18817,
          "output_tokens": 841,
          "total_tokens": 19658,
          "llm_calls": 1,
          "llm_calls_with_usage": 1,
          "llm_calls_missing_usage": 0
        }
      }
    }
  ]
}
{
  "record_type": "conversation_summary",
  "conversation_id": "1",
  "started_at": "2026-04-15T21:25:43.294230+00:00",
  "ended_at": "2026-04-15T21:26:17.805773+00:00",
  "total_latency_seconds": 34.511907665999956,
  "total_conversation_turns": 1,
  "token_consumption": {
    "input_tokens": 42609,
    "output_tokens": 2476,
    "total_tokens": 45085,
    "llm_calls": 4,
    "llm_calls_with_usage": 4,
    "llm_calls_missing_usage": 0
  }
}
