{
  "session_id": "fe7a2039-fcbc-4b45-80db-5ef384b8a24f",
  "turn": 1,
  "started_at": "2026-05-03T21:04:08.689386+00:00",
  "ended_at": "2026-05-03T21:04:15.405478+00:00",
  "actions": [
    {
      "entity": "user",
      "action_name": "user_description",
      "output": {
        "messages": {
          "content": "It is restarting on its own.",
          "additional_kwargs": {},
          "response_metadata": {},
          "type": "human",
          "name": null,
          "id": "f01df5c5-fd24-4077-9188-47151a65bcce"
        }
      },
      "meta_data": {
        "latency": "3.149999999152442e-05 s",
        "node_token_consumption": null
      }
    },
    {
      "entity": "bot",
      "action_name": "information_element_extraction",
      "output": {
        "information_element_extraction": {
          "triggering_screen_reference": null,
          "triggering_GUI_interactions": null,
          "buggy_behavior": {
            "value": "It is restarting on its own.",
            "evidence": [
              "It is restarting on its own."
            ]
          },
          "correct_behavior": null,
          "steps_to_reproduce": null
        }
      },
      "meta_data": {
        "latency": "2.844314167999997 s",
        "node_token_consumption": {
          "input_tokens": 884,
          "output_tokens": 61,
          "total_tokens": 945,
          "llm_calls": 1,
          "llm_calls_with_usage": 1,
          "llm_calls_missing_usage": 0
        }
      }
    },
    {
      "entity": "bot",
      "action_name": "clarity_check",
      "output": {
        "clarity_route": "needs_clarification",
        "clarity_issues": [
          "Buggy Behavior uses unresolved reference 'It'"
        ]
      },
      "meta_data": {
        "latency": "1.9665046669999953 s",
        "node_token_consumption": {
          "input_tokens": 420,
          "output_tokens": 34,
          "total_tokens": 454,
          "llm_calls": 1,
          "llm_calls_with_usage": 1,
          "llm_calls_missing_usage": 0
        }
      }
    },
    {
      "entity": "bot",
      "action_name": "clarity_follow_up",
      "output": {
        "active_follow_up": {
          "kind": "clarity",
          "question": "When you say “it is restarting on its own,” what exactly is restarting—the Material Files app, your phone, or something else?",
          "target_info_elements": []
        },
        "clarification_rounds": 1
      },
      "meta_data": {
        "latency": "1.88692450100001 s",
        "node_token_consumption": {
          "input_tokens": 263,
          "output_tokens": 43,
          "total_tokens": 306,
          "llm_calls": 1,
          "llm_calls_with_usage": 1,
          "llm_calls_missing_usage": 0
        }
      }
    }
  ]
}
{
  "session_id": "fe7a2039-fcbc-4b45-80db-5ef384b8a24f",
  "turn": 1,
  "started_at": "2026-05-03T21:04:26.548663+00:00",
  "ended_at": "2026-05-03T21:04:46.442917+00:00",
  "actions": [
    {
      "entity": "user",
      "action_name": "user_description",
      "output": {
        "messages": {
          "content": "The FTP server is restarting on its own.",
          "additional_kwargs": {},
          "response_metadata": {},
          "type": "human",
          "name": null,
          "id": "ed7dcdea-318c-4c90-9586-3473815acf62"
        }
      },
      "meta_data": {
        "latency": "1.2834000003181245e-05 s",
        "node_token_consumption": null
      }
    },
    {
      "entity": "bot",
      "action_name": "information_element_extraction",
      "output": {
        "information_element_extraction": {
          "triggering_screen_reference": null,
          "triggering_GUI_interactions": null,
          "buggy_behavior": {
            "value": "The FTP server is restarting on its own.",
            "evidence": [
              "It is restarting on its own.",
              "The FTP server is restarting on its own."
            ]
          },
          "correct_behavior": null,
          "steps_to_reproduce": null
        }
      },
      "meta_data": {
        "latency": "2.673175376000003 s",
        "node_token_consumption": {
          "input_tokens": 927,
          "output_tokens": 72,
          "total_tokens": 999,
          "llm_calls": 1,
          "llm_calls_with_usage": 1,
          "llm_calls_missing_usage": 0
        }
      }
    },
    {
      "entity": "bot",
      "action_name": "clarity_check",
      "output": {
        "clarity_route": "continue",
        "clarity_issues": []
      },
      "meta_data": {
        "latency": "1.0465599999999995 s",
        "node_token_consumption": {
          "input_tokens": 433,
          "output_tokens": 21,
          "total_tokens": 454,
          "llm_calls": 1,
          "llm_calls_with_usage": 1,
          "llm_calls_missing_usage": 0
        }
      }
    },
    {
      "entity": "bot",
      "action_name": "extract_and_update",
      "output": {
        "BugInfo": {
          "triggering_screen_reference": {
            "status": "inferred",
            "candidates": [
              {
                "value": "a0ae2c21a12bc864024f18b7af900668f54e251f7fd5fc6e49da5bf1f8c6a013",
                "evidence": "The reported bug is specifically about 'The FTP server is restarting on its own.' The graph has a dedicated FTP server screen: FtpServerActivity(Window=Main), where server status and controls are shown."
              }
            ]
          },
          "triggering_GUI_interactions": [],
          "buggy_behavior": {
            "status": "confirmed",
            "candidates": [
              {
                "value": "The FTP server is restarting on its own.",
                "evidence": "User-stated directly: 'It is restarting on its own.' / 'The FTP server is restarting on its own.'"
              }
            ]
          },
          "correct_behavior": {
            "status": "inferred",
            "candidates": [
              {
                "value": "The FTP server should not restart on its own; it should remain in the user-selected state until the user changes it.",
                "evidence": "Inferred as the direct opposite of the confirmed buggy behavior: 'The FTP server is restarting on its own.'"
              }
            ]
          },
          "steps_to_reproduce": []
        },
        "information_element_extraction": {
          "triggering_screen_reference": null,
          "triggering_GUI_interactions": null,
          "buggy_behavior": null,
          "correct_behavior": null,
          "steps_to_reproduce": null
        },
        "active_follow_up": null,
        "clarification_window_start_idx": 2
      },
      "meta_data": {
        "latency": "5.1021380859999965 s",
        "node_token_consumption": {
          "input_tokens": 47274,
          "output_tokens": 246,
          "total_tokens": 47520,
          "llm_calls": 1,
          "llm_calls_with_usage": 1,
          "llm_calls_missing_usage": 0
        }
      }
    },
    {
      "entity": "bot",
      "action_name": "evaluate",
      "output": {
        "unknown_and_low_confidence_info": [
          "steps_to_reproduce",
          "triggering_GUI_interactions"
        ]
      },
      "meta_data": {
        "latency": "3.841699999895809e-05 s",
        "node_token_consumption": null
      }
    },
    {
      "entity": "bot",
      "action_name": "follow_up",
      "output": {
        "active_follow_up": {
          "kind": "more_info",
          "question": "To help reproduce this, what exact steps did you take from opening Material Files until you reached the FTP server screen? Please list each tap or action in order using the screen labels you saw, such as opening the side menu/navigation drawer, tapping “FTP server,” and whether you turned the FTP server switch on or off before it started restarting by itself. Also, did the restart happen immediately after you interacted with something on the FTP server screen, or did it restart on its own while you were just viewing that screen?",
          "target_info_elements": [
            "steps_to_reproduce",
            "triggering_GUI_interactions"
          ]
        }
      },
      "meta_data": {
        "latency": "11.064489629999997 s",
        "node_token_consumption": {
          "input_tokens": 46804,
          "output_tokens": 137,
          "total_tokens": 46941,
          "llm_calls": 1,
          "llm_calls_with_usage": 1,
          "llm_calls_missing_usage": 0
        }
      }
    }
  ]
}
{
  "session_id": "fe7a2039-fcbc-4b45-80db-5ef384b8a24f",
  "turn": 1,
  "started_at": "2026-05-03T21:06:20.922770+00:00",
  "ended_at": "2026-05-03T21:06:57.334748+00:00",
  "actions": [
    {
      "entity": "user",
      "action_name": "user_description",
      "output": {
        "messages": {
          "content": "I opened the app, accepted the permissions pop-up, opened the navigation drawer, selected FTP server, turned the FTP server on and then off, then I swiped the app away from recents on my phone.",
          "additional_kwargs": {},
          "response_metadata": {},
          "type": "human",
          "name": null,
          "id": "f18798e5-af94-402a-a848-64ecd88b5b99"
        }
      },
      "meta_data": {
        "latency": "1.5666999985342045e-05 s",
        "node_token_consumption": null
      }
    },
    {
      "entity": "bot",
      "action_name": "information_element_extraction",
      "output": {
        "information_element_extraction": {
          "triggering_screen_reference": null,
          "triggering_GUI_interactions": {
            "value": "turned the FTP server on and then off, then swiped the app away from recents on my phone",
            "evidence": [
              "turned the FTP server on and then off",
              "then I swiped the app away from recents on my phone"
            ]
          },
          "buggy_behavior": null,
          "correct_behavior": null,
          "steps_to_reproduce": {
            "value": "opened the app, accepted the permissions pop-up, opened the navigation drawer, selected FTP server, turned the FTP server on and then off, then swiped the app away from recents on my phone",
            "evidence": [
              "I opened the app, accepted the permissions pop-up, opened the navigation drawer, selected FTP server, turned the FTP server on and then off, then I swiped the app away from recents on my phone."
            ]
          }
        }
      },
      "meta_data": {
        "latency": "3.1543256269999915 s",
        "node_token_consumption": {
          "input_tokens": 1044,
          "output_tokens": 180,
          "total_tokens": 1224,
          "llm_calls": 1,
          "llm_calls_with_usage": 1,
          "llm_calls_missing_usage": 0
        }
      }
    },
    {
      "entity": "bot",
      "action_name": "clarity_check",
      "output": {
        "clarity_route": "continue",
        "clarity_issues": []
      },
      "meta_data": {
        "latency": "0.9850754169999902 s",
        "node_token_consumption": {
          "input_tokens": 552,
          "output_tokens": 21,
          "total_tokens": 573,
          "llm_calls": 1,
          "llm_calls_with_usage": 1,
          "llm_calls_missing_usage": 0
        }
      }
    },
    {
      "entity": "bot",
      "action_name": "extract_and_update",
      "output": {
        "BugInfo": {
          "triggering_screen_reference": {
            "status": "inferred",
            "candidates": [
              {
                "value": "a0ae2c21a12bc864024f18b7af900668f54e251f7fd5fc6e49da5bf1f8c6a013",
                "evidence": "The bug is about the FTP server restarting on its own, and the user explicitly says they 'turned the FTP server on and then off' before the issue. This action occurs on the FTP server screen FtpServerActivity(Window=Main)."
              }
            ]
          },
          "triggering_GUI_interactions": [
            {
              "status": "confirmed",
              "candidates": [
                {
                  "value": "8453ee6186ad267c55c0f443ad2d1644911453cf4f005a06837b415345db6be5",
                  "evidence": "Directly matches the user action 'turned the FTP server on' via the ON switch on the FTP server screen."
                }
              ]
            },
            {
              "status": "confirmed",
              "candidates": [
                {
                  "value": "5f369cd30bd1e5644d294c31e5ff58277cad40b2633f69cc4105944721df8b1b",
                  "evidence": "Directly matches the user action 'then off' via the OFF switch on the FTP server screen."
                }
              ]
            },
            {
              "status": "confirmed",
              "candidates": [
                {
                  "value": "944abf1e97748f2436418aea5aa65a35e80ea307f807f0264ae85d2c80188e7c",
                  "evidence": "Matches the user action 'then I swiped the app away from recents on my phone' by leaving the FTP server screen to Android recents using BACK."
                }
              ]
            },
            {
              "status": "confirmed",
              "candidates": [
                {
                  "value": "b05234dc13810ef197b494fe9ce3b3d6e6927d53c722ad904f3dc53e425da84c",
                  "evidence": "On the Android recents screen, this transition dismisses the Files task, matching 'swiped the app away from recents on my phone'."
                }
              ]
            }
          ],
          "buggy_behavior": {
            "status": "confirmed",
            "candidates": [
              {
                "value": "The FTP server is restarting on its own.",
                "evidence": "User-stated directly: 'It is restarting on its own.' / 'The FTP server is restarting on its own.'"
              }
            ]
          },
          "correct_behavior": {
            "status": "inferred",
            "candidates": [
              {
                "value": "The FTP server should not restart on its own; it should remain in the user-selected state until the user changes it.",
                "evidence": "Inferred as the direct opposite of the confirmed buggy behavior: 'The FTP server is restarting on its own.'"
              }
            ]
          },
          "steps_to_reproduce": [
            {
              "status": "confirmed",
              "candidates": [
                {
                  "value": "aa09f6aef3409759f67d672c9efcbd64d8f3b0ee61cf3e8d197f0539e34430d2",
                  "evidence": "Matches 'opened the app'."
                }
              ]
            },
            {
              "status": "confirmed",
              "candidates": [
                {
                  "value": "9253ef287211a96261d15d2522d1499f880b411f5e49851b98bae34f3403ab9d",
                  "evidence": "Matches 'accepted the permissions pop-up' by tapping Allow."
                }
              ]
            },
            {
              "status": "confirmed",
              "candidates": [
                {
                  "value": "3abd760d81519f7d0b2fe5daa74c918b40f9496bef2bf776dd7b0d8e95a47b49",
                  "evidence": "The user says 'opened the navigation drawer'; this transition opens the drawer from the file list."
                }
              ]
            },
            {
              "status": "confirmed",
              "candidates": [
                {
                  "value": "ed4ddd149d2da1bda9c6a957048313602988bce3f183bd199efeacece662aeec",
                  "evidence": "Matches 'selected FTP server' from the navigation drawer."
                }
              ]
            },
            {
              "status": "confirmed",
              "candidates": [
                {
                  "value": "8453ee6186ad267c55c0f443ad2d1644911453cf4f005a06837b415345db6be5",
                  "evidence": "Matches 'turned the FTP server on'."
                }
              ]
            },
            {
              "status": "confirmed",
              "candidates": [
                {
                  "value": "5f369cd30bd1e5644d294c31e5ff58277cad40b2633f69cc4105944721df8b1b",
                  "evidence": "Matches 'and then off'."
                }
              ]
            },
            {
              "status": "confirmed",
              "candidates": [
                {
                  "value": "944abf1e97748f2436418aea5aa65a35e80ea307f807f0264ae85d2c80188e7c",
                  "evidence": "Needed to reach recents after turning the FTP server off, matching the user's move toward 'swiped the app away from recents on my phone'."
                }
              ]
            },
            {
              "status": "confirmed",
              "candidates": [
                {
                  "value": "b05234dc13810ef197b494fe9ce3b3d6e6927d53c722ad904f3dc53e425da84c",
                  "evidence": "Matches 'swiped the app away from recents on my phone' by dismissing the Files task from recents."
                }
              ]
            }
          ]
        },
        "information_element_extraction": {
          "triggering_screen_reference": null,
          "triggering_GUI_interactions": null,
          "buggy_behavior": null,
          "correct_behavior": null,
          "steps_to_reproduce": null
        },
        "active_follow_up": null,
        "clarification_window_start_idx": 3
      },
      "meta_data": {
        "latency": "16.176670966000017 s",
        "node_token_consumption": {
          "input_tokens": 47585,
          "output_tokens": 1101,
          "total_tokens": 48686,
          "llm_calls": 1,
          "llm_calls_with_usage": 1,
          "llm_calls_missing_usage": 0
        }
      }
    },
    {
      "entity": "bot",
      "action_name": "evaluate",
      "output": {
        "unknown_and_low_confidence_info": []
      },
      "meta_data": {
        "latency": "2.8332999988833762e-05 s",
        "node_token_consumption": null
      }
    },
    {
      "entity": "bot",
      "action_name": "generate_report",
      "output": {
        "full_report": {
          "title": "FTP server restarts on its own after being turned off and the app is dismissed from recents",
          "observed_behavior": "On the FTP server screen, if the user turns the FTP server ON, then OFF, exits to recents, and dismisses the Files app, the FTP server is restarting on its own.",
          "expected_behavior": "The FTP server should not restart on its own; it should remain in the user-selected state until the user changes it.",
          "steps_to_reproduce": "1. Open the app. <aa09f6aef3409759f67d672c9efcbd64d8f3b0ee61cf3e8d197f0539e34430d2>\n2. Tap Allow on the permissions pop-up. <9253ef287211a96261d15d2522d1499f880b411f5e49851b98bae34f3403ab9d>\n3. Open the navigation drawer. <3abd760d81519f7d0b2fe5daa74c918b40f9496bef2bf776dd7b0d8e95a47b49>\n4. Select FTP server from the navigation drawer. <ed4ddd149d2da1bda9c6a957048313602988bce3f183bd199efeacece662aeec>\n5. Turn the FTP server ON. <8453ee6186ad267c55c0f443ad2d1644911453cf4f005a06837b415345db6be5>\n6. Turn the FTP server OFF. <5f369cd30bd1e5644d294c31e5ff58277cad40b2633f69cc4105944721df8b1b>\n7. Press Back to leave the app and go to recents. <944abf1e97748f2436418aea5aa65a35e80ea307f807f0264ae85d2c80188e7c>\n8. Dismiss the Files app from recents. <b05234dc13810ef197b494fe9ce3b3d6e6927d53c722ad904f3dc53e425da84c>"
        }
      },
      "meta_data": {
        "latency": "16.08505734000002 s",
        "node_token_consumption": {
          "input_tokens": 39970,
          "output_tokens": 493,
          "total_tokens": 40463,
          "llm_calls": 1,
          "llm_calls_with_usage": 1,
          "llm_calls_missing_usage": 0
        }
      }
    }
  ]
}
{
  "record_type": "final_report",
  "session_id": "fe7a2039-fcbc-4b45-80db-5ef384b8a24f",
  "final_report": {
    "title": "FTP server restarts on its own after being turned off and the app is dismissed from recents",
    "observed_behavior": "On the FTP server screen, if the user turns the FTP server ON, then OFF, exits to recents, and dismisses the Files app, the FTP server is restarting on its own.",
    "expected_behavior": "The FTP server should not restart on its own; it should remain in the user-selected state until the user changes it.",
    "steps_to_reproduce": "1. Open the app. <aa09f6aef3409759f67d672c9efcbd64d8f3b0ee61cf3e8d197f0539e34430d2>\n2. Tap Allow on the permissions pop-up. <9253ef287211a96261d15d2522d1499f880b411f5e49851b98bae34f3403ab9d>\n3. Open the navigation drawer. <3abd760d81519f7d0b2fe5daa74c918b40f9496bef2bf776dd7b0d8e95a47b49>\n4. Select FTP server from the navigation drawer. <ed4ddd149d2da1bda9c6a957048313602988bce3f183bd199efeacece662aeec>\n5. Turn the FTP server ON. <8453ee6186ad267c55c0f443ad2d1644911453cf4f005a06837b415345db6be5>\n6. Turn the FTP server OFF. <5f369cd30bd1e5644d294c31e5ff58277cad40b2633f69cc4105944721df8b1b>\n7. Press Back to leave the app and go to recents. <944abf1e97748f2436418aea5aa65a35e80ea307f807f0264ae85d2c80188e7c>\n8. Dismiss the Files app from recents. <b05234dc13810ef197b494fe9ce3b3d6e6927d53c722ad904f3dc53e425da84c>"
  }
}
{
  "record_type": "conversation_summary",
  "session_id": "fe7a2039-fcbc-4b45-80db-5ef384b8a24f",
  "started_at": "2026-05-03T21:04:08.689386+00:00",
  "ended_at": "2026-05-03T21:06:57.334748+00:00",
  "total_wall_clock_seconds": 168.645362,
  "total_turn_processing_seconds": 63.022324,
  "total_conversation_turns": 3,
  "token_consumption": {
    "input_tokens": 186156,
    "output_tokens": 2409,
    "total_tokens": 188565,
    "llm_calls": 11,
    "llm_calls_with_usage": 11,
    "llm_calls_missing_usage": 0
  }
}
