{
  "session_id": "e89f1f9d-5ee8-495d-87b9-049f98cedf6a",
  "turn": 1,
  "started_at": "2026-04-22T14:15:39.515227+00:00",
  "ended_at": "2026-04-22T14:16:12.594932+00:00",
  "actions": [
    {
      "entity": "user",
      "action_name": "user_description",
      "output": {
        "messages": {
          "content": "On Display of Incomes by Articles pop-up of the Reports screen changing the report appearance from 'view values' to 'use percent values' causes the application to crash, but the appearance of the report should be changed to 'use percent values'. I took these steps: Open the app, tap Allow, select Report, choose Incomes By Articles or Expenses By Articles, tap View, check 'view values', check 'use percent values', and tap OK.",
          "additional_kwargs": {},
          "response_metadata": {},
          "type": "human",
          "name": null,
          "id": "7417860d-a168-4aa1-938e-cebd7f230f46"
        }
      },
      "meta_data": {
        "latency": "1.2916999821754871e-05 s",
        "node_token_consumption": null
      }
    },
    {
      "entity": "bot",
      "action_name": "information_element_extraction",
      "output": {
        "information_element_extraction": {
          "triggering_screen_reference": {
            "value": "Display of Incomes by Articles pop-up of the Reports screen",
            "evidence": [
              "On Display of Incomes by Articles pop-up of the Reports screen"
            ]
          },
          "triggering_GUI_interactions": {
            "value": "changing the report appearance from 'view values' to 'use percent values' by checking 'view values', checking 'use percent values', and tapping OK",
            "evidence": [
              "changing the report appearance from 'view values' to 'use percent values'",
              "check 'view values'",
              "check 'use percent values'",
              "tap OK"
            ]
          },
          "buggy_behavior": {
            "value": "the application crashes",
            "evidence": [
              "causes the application to crash"
            ]
          },
          "correct_behavior": {
            "value": "the appearance of the report should be changed to 'use percent values'",
            "evidence": [
              "the appearance of the report should be changed to 'use percent values'"
            ]
          },
          "steps_to_reproduce": {
            "value": "Open the app, tap Allow, select Report, choose Incomes By Articles or Expenses By Articles, tap View, check 'view values', check 'use percent values', and tap OK.",
            "evidence": [
              "Open the app, tap Allow, select Report, choose Incomes By Articles or Expenses By Articles, tap View, check 'view values', check 'use percent values', and tap OK."
            ]
          }
        }
      },
      "meta_data": {
        "latency": "5.976921544999868 s",
        "node_token_consumption": {
          "input_tokens": 969,
          "output_tokens": 270,
          "total_tokens": 1239,
          "llm_calls": 1,
          "llm_calls_with_usage": 1,
          "llm_calls_missing_usage": 0
        }
      }
    },
    {
      "entity": "bot",
      "action_name": "clarity_check",
      "output": {
        "clarity_route": "continue",
        "clarity_issues": []
      },
      "meta_data": {
        "latency": "1.324299167999925 s",
        "node_token_consumption": {
          "input_tokens": 664,
          "output_tokens": 21,
          "total_tokens": 685,
          "llm_calls": 1,
          "llm_calls_with_usage": 1,
          "llm_calls_missing_usage": 0
        }
      }
    },
    {
      "entity": "bot",
      "action_name": "extract_and_update",
      "output": {
        "BugInfo": {
          "triggering_screen_reference": {
            "status": "confirmed",
            "candidates": [
              {
                "value": "f189f23124c6c372973bbff27e30b7107f27022f74836d7085daf2817f565790",
                "evidence": "User explicitly says the bug occurs on the 'Display of Incomes by Articles pop-up of the Reports screen', which matches screen f189f23124c6c372973bbff27e30b7107f27022f74836d7085daf2817f565790: 'ChartActivity(Window=Main): This dialog is titled Display of Incomes by Articles...'."
              }
            ]
          },
          "triggering_GUI_interactions": [
            {
              "status": "confirmed",
              "candidates": [
                {
                  "value": "dc01c666d81db01f9ceb751ff256033bcc27f75ab0951ef2f9eff49e39233d64",
                  "evidence": "User states to check 'view values'; on the Display of Incomes by Articles dialog, transition dc01c666d81db01f9ceb751ff256033bcc27f75ab0951ef2f9eff49e39233d64 clicks the 'View values' checkbox."
                }
              ]
            },
            {
              "status": "confirmed",
              "candidates": [
                {
                  "value": "c3292f1abb084883da9f0bf06776dd33343b186505d53bedfbb8b83717e4b319",
                  "evidence": "User states to check 'use percent values'; on the same dialog, transition c3292f1abb084883da9f0bf06776dd33343b186505d53bedfbb8b83717e4b319 clicks the 'Use percent values' checkbox."
                }
              ]
            },
            {
              "status": "confirmed",
              "candidates": [
                {
                  "value": "26c0ae2d76021672cf80c07928394773aec07f5be831f91ab09b5f7c2392b6aa",
                  "evidence": "User states to tap OK; on the same dialog, transition 26c0ae2d76021672cf80c07928394773aec07f5be831f91ab09b5f7c2392b6aa clicks the OK button and leads to the crash dialog."
                }
              ]
            }
          ],
          "buggy_behavior": {
            "status": "confirmed",
            "candidates": [
              {
                "value": "the application crashes",
                "evidence": "User explicitly says this action 'causes the application to crash'."
              }
            ]
          },
          "correct_behavior": {
            "status": "confirmed",
            "candidates": [
              {
                "value": "the appearance of the report should be changed to 'use percent values'",
                "evidence": "User explicitly says 'the appearance of the report should be changed to use percent values'."
              }
            ]
          },
          "steps_to_reproduce": [
            {
              "status": "confirmed",
              "candidates": [
                {
                  "value": "fa8baa4de2d1015dd5da60a38bcc25a725e918d25bafb6b4b8bafe8f727ccfcf",
                  "evidence": "User says 'Open the app'; this open-app transition leads to the SMS permission dialog where Allow can be tapped."
                }
              ]
            },
            {
              "status": "confirmed",
              "candidates": [
                {
                  "value": "8407e328c4a9d75304cf3edee19af6616ae654caca4e79229e0df0c827909816",
                  "evidence": "User says 'tap Allow'; transition 8407e328c4a9d75304cf3edee19af6616ae654caca4e79229e0df0c827909816 is the Allow action on the SMS permission dialog."
                }
              ]
            },
            {
              "status": "confirmed",
              "candidates": [
                {
                  "value": "9a4f389ec16dc06bc51519fd35159ab49c667d2cae3e0323df9bf08cd98bda88",
                  "evidence": "User says 'select Report'; transition 9a4f389ec16dc06bc51519fd35159ab49c667d2cae3e0323df9bf08cd98bda88 clicks Reports from the dashboard."
                }
              ]
            },
            {
              "status": "confirmed",
              "candidates": [
                {
                  "value": "2965c3b4debc48c038e78f98002ad0883abcdd8571e00c1287e80981331ef5b4",
                  "evidence": "User says 'choose Incomes By Articles or Expenses By Articles'; to reach the stated Display of Incomes by Articles pop-up, the graph-valid matching step is choosing 'Incomes by Articles' from Reports via transition 2965c3b4debc48c038e78f98002ad0883abcdd8571e00c1287e80981331ef5b4."
                }
              ]
            },
            {
              "status": "inferred",
              "candidates": [
                {
                  "value": "c7c181b4d07f85b6731edefa0c51eca8637b088e992c8d07e2349379db3cd413",
                  "evidence": "User says 'tap View'; the graph contains a 'Display' action, not 'View'. Transition c7c181b4d07f85b6731edefa0c51eca8637b088e992c8d07e2349379db3cd413 opens the 'Display of Incomes by Articles' popup from the Incomes by Articles report screen, which is the closest match."
                }
              ]
            },
            {
              "status": "confirmed",
              "candidates": [
                {
                  "value": "dc01c666d81db01f9ceb751ff256033bcc27f75ab0951ef2f9eff49e39233d64",
                  "evidence": "User says 'check view values'; this transition clicks the 'View values' checkbox."
                }
              ]
            },
            {
              "status": "confirmed",
              "candidates": [
                {
                  "value": "c3292f1abb084883da9f0bf06776dd33343b186505d53bedfbb8b83717e4b319",
                  "evidence": "User says 'check use percent values'; this transition clicks the 'Use percent values' checkbox."
                }
              ]
            },
            {
              "status": "confirmed",
              "candidates": [
                {
                  "value": "26c0ae2d76021672cf80c07928394773aec07f5be831f91ab09b5f7c2392b6aa",
                  "evidence": "User says 'tap OK'; this transition clicks OK from the Display dialog and leads to the crash dialog, completing reproduction."
                }
              ]
            }
          ]
        },
        "information_element_extraction": {
          "triggering_screen_reference": null,
          "triggering_GUI_interactions": null,
          "buggy_behavior": null,
          "correct_behavior": null,
          "steps_to_reproduce": null
        },
        "active_follow_up": null,
        "clarification_window_start_idx": 1
      },
      "meta_data": {
        "latency": "15.966404590000138 s",
        "node_token_consumption": {
          "input_tokens": 30972,
          "output_tokens": 1339,
          "total_tokens": 32311,
          "llm_calls": 1,
          "llm_calls_with_usage": 1,
          "llm_calls_missing_usage": 0
        }
      }
    },
    {
      "entity": "bot",
      "action_name": "evaluate",
      "output": {
        "unknown_and_low_confidence_info": []
      },
      "meta_data": {
        "latency": "2.7458000204205746e-05 s",
        "node_token_consumption": null
      }
    },
    {
      "entity": "bot",
      "action_name": "generate_report",
      "output": {
        "full_report": {
          "title": "App crashes when applying both View values and Use percent values in the Incomes by Articles display dialog",
          "observed_behavior": "On the Display of Incomes by Articles pop-up of the Reports screen, if the user checks View values, checks Use percent values, and taps OK, the application crashes.",
          "expected_behavior": "The appearance of the report should be changed to use percent values.",
          "steps_to_reproduce": "1. Open the app. <fa8baa4de2d1015dd5da60a38bcc25a725e918d25bafb6b4b8bafe8f727ccfcf>\n2. On the SMS permission dialog, tap Allow. <8407e328c4a9d75304cf3edee19af6616ae654caca4e79229e0df0c827909816>\n3. On the main screen, tap Reports. <9a4f389ec16dc06bc51519fd35159ab49c667d2cae3e0323df9bf08cd98bda88>\n4. Select the Incomes by Articles report. <2965c3b4debc48c038e78f98002ad0883abcdd8571e00c1287e80981331ef5b4>\n5. Tap Display to open the Display of Incomes by Articles pop-up. <c7c181b4d07f85b6731edefa0c51eca8637b088e992c8d07e2349379db3cd413>\n6. Check the View values option. <dc01c666d81db01f9ceb751ff256033bcc27f75ab0951ef2f9eff49e39233d64>\n7. Check the Use percent values option. <c3292f1abb084883da9f0bf06776dd33343b186505d53bedfbb8b83717e4b319>\n8. Tap OK. <26c0ae2d76021672cf80c07928394773aec07f5be831f91ab09b5f7c2392b6aa>"
        }
      },
      "meta_data": {
        "latency": "9.795172796000088 s",
        "node_token_consumption": {
          "input_tokens": 27417,
          "output_tokens": 475,
          "total_tokens": 27892,
          "llm_calls": 1,
          "llm_calls_with_usage": 1,
          "llm_calls_missing_usage": 0
        }
      }
    }
  ]
}
{
  "record_type": "final_report",
  "session_id": "e89f1f9d-5ee8-495d-87b9-049f98cedf6a",
  "final_report": {
    "title": "App crashes when applying both View values and Use percent values in the Incomes by Articles display dialog",
    "observed_behavior": "On the Display of Incomes by Articles pop-up of the Reports screen, if the user checks View values, checks Use percent values, and taps OK, the application crashes.",
    "expected_behavior": "The appearance of the report should be changed to use percent values.",
    "steps_to_reproduce": "1. Open the app. <fa8baa4de2d1015dd5da60a38bcc25a725e918d25bafb6b4b8bafe8f727ccfcf>\n2. On the SMS permission dialog, tap Allow. <8407e328c4a9d75304cf3edee19af6616ae654caca4e79229e0df0c827909816>\n3. On the main screen, tap Reports. <9a4f389ec16dc06bc51519fd35159ab49c667d2cae3e0323df9bf08cd98bda88>\n4. Select the Incomes by Articles report. <2965c3b4debc48c038e78f98002ad0883abcdd8571e00c1287e80981331ef5b4>\n5. Tap Display to open the Display of Incomes by Articles pop-up. <c7c181b4d07f85b6731edefa0c51eca8637b088e992c8d07e2349379db3cd413>\n6. Check the View values option. <dc01c666d81db01f9ceb751ff256033bcc27f75ab0951ef2f9eff49e39233d64>\n7. Check the Use percent values option. <c3292f1abb084883da9f0bf06776dd33343b186505d53bedfbb8b83717e4b319>\n8. Tap OK. <26c0ae2d76021672cf80c07928394773aec07f5be831f91ab09b5f7c2392b6aa>"
  }
}
{
  "record_type": "conversation_summary",
  "session_id": "e89f1f9d-5ee8-495d-87b9-049f98cedf6a",
  "started_at": "2026-04-22T14:15:39.515227+00:00",
  "ended_at": "2026-04-22T14:16:12.594932+00:00",
  "total_wall_clock_seconds": 33.079705,
  "total_turn_processing_seconds": 33.079705,
  "total_conversation_turns": 1,
  "token_consumption": {
    "input_tokens": 60022,
    "output_tokens": 2105,
    "total_tokens": 62127,
    "llm_calls": 4,
    "llm_calls_with_usage": 4,
    "llm_calls_missing_usage": 0
  }
}
