{
  "session_id": "local",
  "turn": 1,
  "started_at": "2026-04-21T23:48:51.730405+00:00",
  "ended_at": "2026-04-21T23:49:15.094035+00:00",
  "actions": [
    {
      "entity": "user",
      "action_name": "user_description",
      "output": {
        "messages": {
          "content": "On Display of Incomes by Articles pop-up of the Reports screen changing the report appearance from 'view values' to 'use percent values' causes the application to crash, but the appearance of the report should be changed to 'use percent values'. I took these steps: Open the app, tap Allow, select Report, choose Incomes By Articles or Expenses By Articles, tap View, check 'view values', check 'use percent values', and tap OK.",
          "additional_kwargs": {},
          "response_metadata": {},
          "type": "human",
          "name": null,
          "id": "d5a75689-6bc1-4ccc-858b-0251c8a4973a"
        }
      },
      "meta_data": {
        "latency": "1.1708000101862126e-05 s",
        "node_token_consumption": null
      }
    },
    {
      "entity": "bot",
      "action_name": "information_element_extraction",
      "output": {
        "information_element_extraction": {
          "triggering_screen_reference": {
            "value": "Display of Incomes by Articles pop-up of the Reports screen",
            "evidence": [
              "On Display of Incomes by Articles pop-up of the Reports screen"
            ]
          },
          "triggering_GUI_interactions": {
            "value": "changing the report appearance from 'view values' to 'use percent values'",
            "evidence": [
              "changing the report appearance from 'view values' to 'use percent values'",
              "check 'view values', check 'use percent values', and tap OK"
            ]
          },
          "buggy_behavior": {
            "value": "the application crashes",
            "evidence": [
              "causes the application to crash"
            ]
          },
          "correct_behavior": {
            "value": "the appearance of the report should be changed to 'use percent values'",
            "evidence": [
              "the appearance of the report should be changed to 'use percent values'"
            ]
          },
          "steps_to_reproduce": {
            "value": "Open the app, tap Allow, select Report, choose Incomes By Articles or Expenses By Articles, tap View, check 'view values', check 'use percent values', and tap OK.",
            "evidence": [
              "Open the app, tap Allow, select Report, choose Incomes By Articles or Expenses By Articles, tap View, check 'view values', check 'use percent values', and tap OK."
            ]
          }
        }
      },
      "meta_data": {
        "latency": "4.0419530409999425 s",
        "node_token_consumption": {
          "input_tokens": 969,
          "output_tokens": 254,
          "total_tokens": 1223,
          "llm_calls": 1,
          "llm_calls_with_usage": 1,
          "llm_calls_missing_usage": 0
        }
      }
    },
    {
      "entity": "bot",
      "action_name": "clarity_check",
      "output": {
        "clarity_route": "continue",
        "clarity_issues": []
      },
      "meta_data": {
        "latency": "1.0923079579999921 s",
        "node_token_consumption": {
          "input_tokens": 645,
          "output_tokens": 21,
          "total_tokens": 666,
          "llm_calls": 1,
          "llm_calls_with_usage": 1,
          "llm_calls_missing_usage": 0
        }
      }
    },
    {
      "entity": "bot",
      "action_name": "extract_and_update",
      "output": {
        "BugInfo": {
          "triggering_screen_reference": {
            "status": "confirmed",
            "candidates": [
              {
                "value": "f189f23124c6c372973bbff27e30b7107f27022f74836d7085daf2817f565790",
                "evidence": "User said the bug occurs on the 'Display of Incomes by Articles pop-up of the Reports screen', which matches the screen described as 'Display of Incomes by Articles' dialog."
              }
            ]
          },
          "triggering_GUI_interactions": [
            {
              "status": "confirmed",
              "candidates": [
                {
                  "value": "dc01c666d81db01f9ceb751ff256033bcc27f75ab0951ef2f9eff49e39233d64",
                  "evidence": "User said to check 'view values'; this matches the 'View values' checkbox on the Display of Incomes by Articles dialog."
                }
              ]
            },
            {
              "status": "confirmed",
              "candidates": [
                {
                  "value": "c3292f1abb084883da9f0bf06776dd33343b186505d53bedfbb8b83717e4b319",
                  "evidence": "User said to check 'use percent values'; this matches the 'Use percent values' checkbox on the Display of Incomes by Articles dialog."
                }
              ]
            },
            {
              "status": "confirmed",
              "candidates": [
                {
                  "value": "26c0ae2d76021672cf80c07928394773aec07f5be831f91ab09b5f7c2392b6aa",
                  "evidence": "User said to tap OK after checking 'view values' and 'use percent values'; this matches the OK button on the Display of Incomes by Articles dialog and leads to the crash flow."
                }
              ]
            }
          ],
          "buggy_behavior": {
            "status": "confirmed",
            "candidates": [
              {
                "value": "the application crashes",
                "evidence": "User explicitly reported that this action 'causes the application to crash'."
              }
            ]
          },
          "correct_behavior": {
            "status": "confirmed",
            "candidates": [
              {
                "value": "the appearance of the report should be changed to 'use percent values'",
                "evidence": "User explicitly stated that 'the appearance of the report should be changed to 'use percent values''."
              }
            ]
          },
          "steps_to_reproduce": [
            {
              "status": "confirmed",
              "candidates": [
                {
                  "value": "fa8baa4de2d1015dd5da60a38bcc25a725e918d25bafb6b4b8bafe8f727ccfcf",
                  "evidence": "User said 'Open the app'; this open-app transition leads to the SMS permission dialog before tapping Allow."
                }
              ]
            },
            {
              "status": "confirmed",
              "candidates": [
                {
                  "value": "8407e328c4a9d75304cf3edee19af6616ae654caca4e79229e0df0c827909816",
                  "evidence": "User said 'tap Allow'; this matches the Allow button on the SMS permission dialog."
                }
              ]
            },
            {
              "status": "confirmed",
              "candidates": [
                {
                  "value": "9a4f389ec16dc06bc51519fd35159ab49c667d2cae3e0323df9bf08cd98bda88",
                  "evidence": "User said 'select Report'; this matches tapping 'Reports' on the dashboard."
                }
              ]
            },
            {
              "status": "confirmed",
              "candidates": [
                {
                  "value": "c010db1badf9deb0564b10c46916ad505c7d1acca0f840fdc12c4867c81990d0",
                  "evidence": "User said 'choose Incomes By Articles or Expenses By Articles'; for the reported crash on 'Display of Incomes by Articles', selecting 'Incomes by Articles' is the graph-grounded path."
                }
              ]
            },
            {
              "status": "confirmed",
              "candidates": [
                {
                  "value": "c7c181b4d07f85b6731edefa0c51eca8637b088e992c8d07e2349379db3cd413",
                  "evidence": "User said 'tap View' on the Reports screen; this matches tapping the Display action on the Incomes by Articles report screen."
                }
              ]
            },
            {
              "status": "confirmed",
              "candidates": [
                {
                  "value": "dc01c666d81db01f9ceb751ff256033bcc27f75ab0951ef2f9eff49e39233d64",
                  "evidence": "User said to check 'view values'; this matches the View values checkbox in the display dialog."
                }
              ]
            },
            {
              "status": "confirmed",
              "candidates": [
                {
                  "value": "c3292f1abb084883da9f0bf06776dd33343b186505d53bedfbb8b83717e4b319",
                  "evidence": "User said to check 'use percent values'; this matches the Use percent values checkbox in the display dialog."
                }
              ]
            },
            {
              "status": "confirmed",
              "candidates": [
                {
                  "value": "26c0ae2d76021672cf80c07928394773aec07f5be831f91ab09b5f7c2392b6aa",
                  "evidence": "User said to tap OK; this matches the OK button in the display dialog and produces the crash."
                }
              ]
            }
          ]
        },
        "information_element_extraction": {
          "triggering_screen_reference": null,
          "triggering_GUI_interactions": null,
          "buggy_behavior": null,
          "correct_behavior": null,
          "steps_to_reproduce": null
        },
        "clarification_window_start_idx": 1
      },
      "meta_data": {
        "latency": "11.777127791999874 s",
        "node_token_consumption": {
          "input_tokens": 30953,
          "output_tokens": 1044,
          "total_tokens": 31997,
          "llm_calls": 1,
          "llm_calls_with_usage": 1,
          "llm_calls_missing_usage": 0
        }
      }
    },
    {
      "entity": "bot",
      "action_name": "evaluate",
      "output": {
        "unknown_and_low_confidence_info": []
      },
      "meta_data": {
        "latency": "7.166599993979617e-05 s",
        "node_token_consumption": null
      }
    },
    {
      "entity": "bot",
      "action_name": "generate_report",
      "output": {
        "full_report": {
          "title": "Selecting both View values and Use percent values for the Incomes by Articles report causes the app to crash",
          "observed_behavior": "On the Display of Incomes by Articles pop-up of the Reports screen, if the user checks View values, checks Use percent values, and taps OK, the application crashes.",
          "expected_behavior": "The appearance of the report should be changed to use percent values.",
          "steps_to_reproduce": "1. Open the app. <fa8baa4de2d1015dd5da60a38bcc25a725e918d25bafb6b4b8bafe8f727ccfcf>\n2. Tap Allow on the SMS permission dialog. <8407e328c4a9d75304cf3edee19af6616ae654caca4e79229e0df0c827909816>\n3. Tap Reports on the main screen. <9a4f389ec16dc06bc51519fd35159ab49c667d2cae3e0323df9bf08cd98bda88>\n4. Select Incomes by Articles. <c010db1badf9deb0564b10c46916ad505c7d1acca0f840fdc12c4867c81990d0>\n5. Tap Display. <c7c181b4d07f85b6731edefa0c51eca8637b088e992c8d07e2349379db3cd413>\n6. Check View values. <dc01c666d81db01f9ceb751ff256033bcc27f75ab0951ef2f9eff49e39233d64>\n7. Check Use percent values. <c3292f1abb084883da9f0bf06776dd33343b186505d53bedfbb8b83717e4b319>\n8. Tap OK. <26c0ae2d76021672cf80c07928394773aec07f5be831f91ab09b5f7c2392b6aa>"
        }
      },
      "meta_data": {
        "latency": "6.445025500000156 s",
        "node_token_consumption": {
          "input_tokens": 27122,
          "output_tokens": 457,
          "total_tokens": 27579,
          "llm_calls": 1,
          "llm_calls_with_usage": 1,
          "llm_calls_missing_usage": 0
        }
      }
    }
  ]
}
{
  "record_type": "final_report",
  "session_id": "local",
  "final_report": {
    "title": "Selecting both View values and Use percent values for the Incomes by Articles report causes the app to crash",
    "observed_behavior": "On the Display of Incomes by Articles pop-up of the Reports screen, if the user checks View values, checks Use percent values, and taps OK, the application crashes.",
    "expected_behavior": "The appearance of the report should be changed to use percent values.",
    "steps_to_reproduce": "1. Open the app. <fa8baa4de2d1015dd5da60a38bcc25a725e918d25bafb6b4b8bafe8f727ccfcf>\n2. Tap Allow on the SMS permission dialog. <8407e328c4a9d75304cf3edee19af6616ae654caca4e79229e0df0c827909816>\n3. Tap Reports on the main screen. <9a4f389ec16dc06bc51519fd35159ab49c667d2cae3e0323df9bf08cd98bda88>\n4. Select Incomes by Articles. <c010db1badf9deb0564b10c46916ad505c7d1acca0f840fdc12c4867c81990d0>\n5. Tap Display. <c7c181b4d07f85b6731edefa0c51eca8637b088e992c8d07e2349379db3cd413>\n6. Check View values. <dc01c666d81db01f9ceb751ff256033bcc27f75ab0951ef2f9eff49e39233d64>\n7. Check Use percent values. <c3292f1abb084883da9f0bf06776dd33343b186505d53bedfbb8b83717e4b319>\n8. Tap OK. <26c0ae2d76021672cf80c07928394773aec07f5be831f91ab09b5f7c2392b6aa>"
  }
}
{
  "record_type": "conversation_summary",
  "session_id": "local",
  "started_at": "2026-04-21T23:48:51.730405+00:00",
  "ended_at": "2026-04-21T23:49:15.094035+00:00",
  "total_wall_clock_seconds": 23.36363,
  "total_turn_processing_seconds": 23.36363,
  "total_conversation_turns": 1,
  "token_consumption": {
    "input_tokens": 59689,
    "output_tokens": 1776,
    "total_tokens": 61465,
    "llm_calls": 4,
    "llm_calls_with_usage": 4,
    "llm_calls_missing_usage": 0
  }
}
