{
  "session_id": "ed892ad1-80c4-4bcb-bb10-a5def399b344",
  "turn": 1,
  "started_at": "2026-04-22T14:18:11.932765+00:00",
  "ended_at": "2026-04-22T14:18:17.048319+00:00",
  "actions": [
    {
      "entity": "user",
      "action_name": "user_description",
      "output": {
        "messages": {
          "content": "It restarts on its own.",
          "additional_kwargs": {},
          "response_metadata": {},
          "type": "human",
          "name": null,
          "id": "4102b05b-d60a-4ac2-a901-4a7b6f43b487"
        }
      },
      "meta_data": {
        "latency": "1.2583999932758161e-05 s",
        "node_token_consumption": null
      }
    },
    {
      "entity": "bot",
      "action_name": "information_element_extraction",
      "output": {
        "information_element_extraction": {
          "triggering_screen_reference": null,
          "triggering_GUI_interactions": null,
          "buggy_behavior": {
            "value": "It restarts on its own.",
            "evidence": [
              "It restarts on its own."
            ]
          },
          "correct_behavior": null,
          "steps_to_reproduce": null
        }
      },
      "meta_data": {
        "latency": "1.7317262510000546 s",
        "node_token_consumption": {
          "input_tokens": 884,
          "output_tokens": 61,
          "total_tokens": 945,
          "llm_calls": 1,
          "llm_calls_with_usage": 1,
          "llm_calls_missing_usage": 0
        }
      }
    },
    {
      "entity": "bot",
      "action_name": "clarity_check",
      "output": {
        "clarity_route": "needs_clarification",
        "clarity_issues": [
          "Buggy Behavior: 'It' is unresolved; unclear what is restarting on its own."
        ]
      },
      "meta_data": {
        "latency": "1.5295892510000613 s",
        "node_token_consumption": {
          "input_tokens": 420,
          "output_tokens": 43,
          "total_tokens": 463,
          "llm_calls": 1,
          "llm_calls_with_usage": 1,
          "llm_calls_missing_usage": 0
        }
      }
    },
    {
      "entity": "bot",
      "action_name": "clarity_follow_up",
      "output": {
        "active_follow_up": {
          "kind": "clarity",
          "question": "When you say “it restarts on its own,” what exactly is restarting—the Material Files app, your phone, or something else?",
          "target_info_elements": []
        },
        "clarification_rounds": 1
      },
      "meta_data": {
        "latency": "1.8385597930000586 s",
        "node_token_consumption": {
          "input_tokens": 272,
          "output_tokens": 43,
          "total_tokens": 315,
          "llm_calls": 1,
          "llm_calls_with_usage": 1,
          "llm_calls_missing_usage": 0
        }
      }
    }
  ]
}
{
  "session_id": "ed892ad1-80c4-4bcb-bb10-a5def399b344",
  "turn": 1,
  "started_at": "2026-04-22T14:19:02.277077+00:00",
  "ended_at": "2026-04-22T14:19:17.536268+00:00",
  "actions": [
    {
      "entity": "user",
      "action_name": "user_description",
      "output": {
        "messages": {
          "content": "The FTP server restarts on its own.",
          "additional_kwargs": {},
          "response_metadata": {},
          "type": "human",
          "name": null,
          "id": "5fddabd9-ec1e-4449-8837-ba81ecb8fe38"
        }
      },
      "meta_data": {
        "latency": "1.016600003822532e-05 s",
        "node_token_consumption": null
      }
    },
    {
      "entity": "bot",
      "action_name": "information_element_extraction",
      "output": {
        "information_element_extraction": {
          "triggering_screen_reference": null,
          "triggering_GUI_interactions": null,
          "buggy_behavior": {
            "value": "The FTP server restarts on its own.",
            "evidence": [
              "It restarts on its own.",
              "The FTP server restarts on its own."
            ]
          },
          "correct_behavior": null,
          "steps_to_reproduce": null
        }
      },
      "meta_data": {
        "latency": "1.872076542000059 s",
        "node_token_consumption": {
          "input_tokens": 927,
          "output_tokens": 72,
          "total_tokens": 999,
          "llm_calls": 1,
          "llm_calls_with_usage": 1,
          "llm_calls_missing_usage": 0
        }
      }
    },
    {
      "entity": "bot",
      "action_name": "clarity_check",
      "output": {
        "clarity_route": "continue",
        "clarity_issues": []
      },
      "meta_data": {
        "latency": "2.9591628340001535 s",
        "node_token_consumption": {
          "input_tokens": 433,
          "output_tokens": 21,
          "total_tokens": 454,
          "llm_calls": 1,
          "llm_calls_with_usage": 1,
          "llm_calls_missing_usage": 0
        }
      }
    },
    {
      "entity": "bot",
      "action_name": "extract_and_update",
      "output": {
        "BugInfo": {
          "triggering_screen_reference": {
            "status": "inferred",
            "candidates": [
              {
                "value": "a0ae2c21a12bc864024f18b7af900668f54e251f7fd5fc6e49da5bf1f8c6a013",
                "evidence": "Buggy behavior explicitly mentions 'The FTP server restarts on its own.' The graph has a dedicated 'FTP server' screen (FtpServerActivity) where server status is controlled and observed, making this the most plausible screen where the restart behavior occurs."
              }
            ]
          },
          "triggering_GUI_interactions": [
            {
              "status": "unknown",
              "candidates": []
            }
          ],
          "buggy_behavior": {
            "status": "confirmed",
            "candidates": [
              {
                "value": "The FTP server restarts on its own.",
                "evidence": "User evidence states: 'It restarts on its own.' and 'The FTP server restarts on its own.'"
              }
            ]
          },
          "correct_behavior": {
            "status": "inferred",
            "candidates": [
              {
                "value": "The FTP server should remain in its current state and not restart unless the user explicitly restarts it.",
                "evidence": "Inferred directly from the buggy behavior 'The FTP server restarts on its own.' The expected opposite is that it should not restart automatically."
              }
            ]
          },
          "steps_to_reproduce": [
            {
              "status": "unknown",
              "candidates": []
            }
          ]
        },
        "information_element_extraction": {
          "triggering_screen_reference": null,
          "triggering_GUI_interactions": null,
          "buggy_behavior": null,
          "correct_behavior": null,
          "steps_to_reproduce": null
        },
        "active_follow_up": null,
        "clarification_window_start_idx": 2
      },
      "meta_data": {
        "latency": "6.459523212000022 s",
        "node_token_consumption": {
          "input_tokens": 47274,
          "output_tokens": 273,
          "total_tokens": 47547,
          "llm_calls": 1,
          "llm_calls_with_usage": 1,
          "llm_calls_missing_usage": 0
        }
      }
    },
    {
      "entity": "bot",
      "action_name": "evaluate",
      "output": {
        "unknown_and_low_confidence_info": [
          "triggering_GUI_interactions[0]",
          "steps_to_reproduce[0]"
        ]
      },
      "meta_data": {
        "latency": "5.737500009672658e-05 s",
        "node_token_consumption": null
      }
    },
    {
      "entity": "bot",
      "action_name": "follow_up",
      "output": {
        "active_follow_up": {
          "kind": "more_info",
          "question": "What exactly were you doing just before the FTP server restarted by itself? Please list the steps starting from opening the app until you reached the FTP Server screen—for example, whether you opened the side navigation drawer, tapped “FTP server,” turned the server switch on or off, changed any options like root folder/port/allow writing, or simply left the FTP Server screen open. If possible, also mention whether the restart happened immediately after an action or after waiting for a while.",
          "target_info_elements": [
            "steps_to_reproduce",
            "triggering_GUI_interactions"
          ]
        }
      },
      "meta_data": {
        "latency": "3.956016252000154 s",
        "node_token_consumption": {
          "input_tokens": 46846,
          "output_tokens": 128,
          "total_tokens": 46974,
          "llm_calls": 1,
          "llm_calls_with_usage": 1,
          "llm_calls_missing_usage": 0
        }
      }
    }
  ]
}
{
  "session_id": "ed892ad1-80c4-4bcb-bb10-a5def399b344",
  "turn": 1,
  "started_at": "2026-04-22T14:21:28.115406+00:00",
  "ended_at": "2026-04-22T14:22:07.860044+00:00",
  "actions": [
    {
      "entity": "user",
      "action_name": "user_description",
      "output": {
        "messages": {
          "content": "I opened the app, clicked allow on the permissions pop-up, opened the navigation drawer, selected 'FTP-Server', toggled the server on and then off, then I closed the app by swiping it away from recents on my phone. When I returned to the FTP server screen following this, the server had restarted on its own.",
          "additional_kwargs": {},
          "response_metadata": {},
          "type": "human",
          "name": null,
          "id": "cb1bc5c2-abd6-4280-8a6c-0eb78ff8b013"
        }
      },
      "meta_data": {
        "latency": "9.583000064594671e-06 s",
        "node_token_consumption": null
      }
    },
    {
      "entity": "bot",
      "action_name": "information_element_extraction",
      "output": {
        "information_element_extraction": {
          "triggering_screen_reference": {
            "value": "the FTP server screen",
            "evidence": [
              "When I returned to the FTP server screen following this"
            ]
          },
          "triggering_GUI_interactions": {
            "value": "clicked allow on the permissions pop-up, opened the navigation drawer, selected 'FTP-Server', toggled the server on and then off, and closed the app by swiping it away from recents",
            "evidence": [
              "clicked allow on the permissions pop-up",
              "opened the navigation drawer",
              "selected 'FTP-Server'",
              "toggled the server on and then off",
              "closed the app by swiping it away from recents on my phone"
            ]
          },
          "buggy_behavior": {
            "value": "when returning to the FTP server screen, the server had restarted on its own",
            "evidence": [
              "When I returned to the FTP server screen following this, the server had restarted on its own"
            ]
          },
          "correct_behavior": null,
          "steps_to_reproduce": {
            "value": "Open the app, allow the permissions pop-up, open the navigation drawer, select 'FTP-Server', toggle the server on and then off, close the app by swiping it away from recents on the phone, then return to the FTP server screen.",
            "evidence": [
              "I opened the app, clicked allow on the permissions pop-up, opened the navigation drawer, selected 'FTP-Server', toggled the server on and then off, then I closed the app by swiping it away from recents on my phone.",
              "When I returned to the FTP server screen following this, the server had restarted on its own."
            ]
          }
        }
      },
      "meta_data": {
        "latency": "4.881657669000106 s",
        "node_token_consumption": {
          "input_tokens": 1062,
          "output_tokens": 316,
          "total_tokens": 1378,
          "llm_calls": 1,
          "llm_calls_with_usage": 1,
          "llm_calls_missing_usage": 0
        }
      }
    },
    {
      "entity": "bot",
      "action_name": "clarity_check",
      "output": {
        "clarity_route": "continue",
        "clarity_issues": []
      },
      "meta_data": {
        "latency": "1.3751929589998326 s",
        "node_token_consumption": {
          "input_tokens": 712,
          "output_tokens": 21,
          "total_tokens": 733,
          "llm_calls": 1,
          "llm_calls_with_usage": 1,
          "llm_calls_missing_usage": 0
        }
      }
    },
    {
      "entity": "bot",
      "action_name": "extract_and_update",
      "output": {
        "BugInfo": {
          "triggering_screen_reference": {
            "status": "confirmed",
            "candidates": [
              {
                "value": "a0ae2c21a12bc864024f18b7af900668f54e251f7fd5fc6e49da5bf1f8c6a013",
                "evidence": "User explicitly identifies 'the FTP server screen' and says 'When I returned to the FTP server screen following this, the server had restarted on its own.' This directly matches FtpServerActivity(Window=Main)."
              }
            ]
          },
          "triggering_GUI_interactions": [
            {
              "status": "confirmed",
              "candidates": [
                {
                  "value": "9253ef287211a96261d15d2522d1499f880b411f5e49851b98bae34f3403ab9d",
                  "evidence": "User says 'clicked allow on the permissions pop-up', matching the Allow button on GrantPermissionsActivity."
                }
              ]
            },
            {
              "status": "confirmed",
              "candidates": [
                {
                  "value": "369b8eaf3efcd653bf6c0f02fb30344d6eb464e81911ec741a41a9a26155318d",
                  "evidence": "User says 'opened the navigation drawer', matching tapping the menu button from FileListActivity to open the drawer."
                }
              ]
            },
            {
              "status": "confirmed",
              "candidates": [
                {
                  "value": "ed4ddd149d2da1bda9c6a957048313602988bce3f183bd199efeacece662aeec",
                  "evidence": "User says 'selected FTP-Server', matching the drawer item 'FTP server' leading to FtpServerActivity."
                }
              ]
            },
            {
              "status": "confirmed",
              "candidates": [
                {
                  "value": "8453ee6186ad267c55c0f443ad2d1644911453cf4f005a06837b415345db6be5",
                  "evidence": "User says 'toggled the server on', matching clicking the OFF/ON status switch on the FTP server screen."
                }
              ]
            },
            {
              "status": "confirmed",
              "candidates": [
                {
                  "value": "5f369cd30bd1e5644d294c31e5ff58277cad40b2633f69cc4105944721df8b1b",
                  "evidence": "User says 'and then off', matching clicking the ON/OFF status switch on the FTP server screen."
                }
              ]
            },
            {
              "status": "confirmed",
              "candidates": [
                {
                  "value": "944abf1e97748f2436418aea5aa65a35e80ea307f807f0264ae85d2c80188e7c",
                  "evidence": "To 'close the app by swiping it away from recents', the graph-supported first interaction is pressing back from the FTP server screen to open Android recents."
                }
              ]
            },
            {
              "status": "confirmed",
              "candidates": [
                {
                  "value": "b05234dc13810ef197b494fe9ce3b3d6e6927d53c722ad904f3dc53e425da84c",
                  "evidence": "User says 'closed the app by swiping it away from recents on my phone'; in the graph this corresponds to dismissing the Files task from the Recents screen."
                }
              ]
            }
          ],
          "buggy_behavior": {
            "status": "confirmed",
            "candidates": [
              {
                "value": "The FTP server restarts on its own.",
                "evidence": "User evidence states: 'It restarts on its own.' and 'The FTP server restarts on its own.'"
              }
            ]
          },
          "correct_behavior": {
            "status": "confirmed",
            "candidates": [
              {
                "value": "After turning the FTP server off and closing the app, returning to the FTP server screen should show the server still off and not restarted automatically.",
                "evidence": "Derived from the user's explicit sequence 'toggled the server on and then off' and the reported problem 'When I returned to the FTP server screen following this, the server had restarted on its own.'"
              }
            ]
          },
          "steps_to_reproduce": [
            {
              "status": "confirmed",
              "candidates": [
                {
                  "value": "aa09f6aef3409759f67d672c9efcbd64d8f3b0ee61cf3e8d197f0539e34430d2",
                  "evidence": "User says 'Open the app' / 'I opened the app'."
                }
              ]
            },
            {
              "status": "confirmed",
              "candidates": [
                {
                  "value": "9253ef287211a96261d15d2522d1499f880b411f5e49851b98bae34f3403ab9d",
                  "evidence": "User says 'allow the permissions pop-up' / 'clicked allow on the permissions pop-up'."
                }
              ]
            },
            {
              "status": "confirmed",
              "candidates": [
                {
                  "value": "369b8eaf3efcd653bf6c0f02fb30344d6eb464e81911ec741a41a9a26155318d",
                  "evidence": "User says 'open the navigation drawer' / 'opened the navigation drawer'."
                }
              ]
            },
            {
              "status": "confirmed",
              "candidates": [
                {
                  "value": "ed4ddd149d2da1bda9c6a957048313602988bce3f183bd199efeacece662aeec",
                  "evidence": "User says 'select FTP-Server' / 'selected FTP-Server'."
                }
              ]
            },
            {
              "status": "confirmed",
              "candidates": [
                {
                  "value": "8453ee6186ad267c55c0f443ad2d1644911453cf4f005a06837b415345db6be5",
                  "evidence": "User says 'toggle the server on', matching the FTP server status switch from OFF to ON."
                }
              ]
            },
            {
              "status": "confirmed",
              "candidates": [
                {
                  "value": "5f369cd30bd1e5644d294c31e5ff58277cad40b2633f69cc4105944721df8b1b",
                  "evidence": "User says 'and then off', matching the FTP server status switch from ON to OFF."
                }
              ]
            },
            {
              "status": "confirmed",
              "candidates": [
                {
                  "value": "944abf1e97748f2436418aea5aa65a35e80ea307f807f0264ae85d2c80188e7c",
                  "evidence": "To perform the user's next stated step 'close the app by swiping it away from recents', the valid graph path first goes from the FTP server screen to Recents via back."
                }
              ]
            },
            {
              "status": "confirmed",
              "candidates": [
                {
                  "value": "b05234dc13810ef197b494fe9ce3b3d6e6927d53c722ad904f3dc53e425da84c",
                  "evidence": "User says 'close the app by swiping it away from recents on my phone', matching dismissing the Files task from Recents."
                }
              ]
            },
            {
              "status": "confirmed",
              "candidates": [
                {
                  "value": "04cd15cb46f30016a649cd8febd12f4b4b097da6d72b65dd82dc5ae35e514b84",
                  "evidence": "To 'return' after closing from recents, the graph shows opening Apps from the launcher home screen."
                }
              ]
            },
            {
              "status": "confirmed",
              "candidates": [
                {
                  "value": "8038deffe8ddbc1d6b34be696460e6ecac4b733c9b28d52f7e21cd0fd6d3a1f9",
                  "evidence": "From the app drawer, the user returns to the app by selecting 'Files', which is required to continue back to the FTP server screen."
                }
              ]
            },
            {
              "status": "confirmed",
              "candidates": [
                {
                  "value": "369b8eaf3efcd653bf6c0f02fb30344d6eb464e81911ec741a41a9a26155318d",
                  "evidence": "To 'return to the FTP server screen', the graph-supported path again requires opening the navigation drawer from the file list."
                }
              ]
            },
            {
              "status": "confirmed",
              "candidates": [
                {
                  "value": "ed4ddd149d2da1bda9c6a957048313602988bce3f183bd199efeacece662aeec",
                  "evidence": "User says 'then return to the FTP server screen', which in the graph is achieved by selecting the 'FTP server' drawer item again."
                }
              ]
            }
          ]
        },
        "information_element_extraction": {
          "triggering_screen_reference": null,
          "triggering_GUI_interactions": null,
          "buggy_behavior": null,
          "correct_behavior": null,
          "steps_to_reproduce": null
        },
        "active_follow_up": null,
        "clarification_window_start_idx": 3
      },
      "meta_data": {
        "latency": "23.137509636000004 s",
        "node_token_consumption": {
          "input_tokens": 47783,
          "output_tokens": 1695,
          "total_tokens": 49478,
          "llm_calls": 1,
          "llm_calls_with_usage": 1,
          "llm_calls_missing_usage": 0
        }
      }
    },
    {
      "entity": "bot",
      "action_name": "evaluate",
      "output": {
        "unknown_and_low_confidence_info": []
      },
      "meta_data": {
        "latency": "2.408399996056687e-05 s",
        "node_token_consumption": null
      }
    },
    {
      "entity": "bot",
      "action_name": "generate_report",
      "output": {
        "full_report": {
          "title": "FTP server turns back on automatically after being turned off and the app is closed from Recents",
          "observed_behavior": "On the FTP server screen, if the user allows the permission prompt, opens the navigation drawer, selects FTP server, turns the server on and then off, closes the app from Recents, and later returns to the FTP server screen, the FTP server restarts on its own.",
          "expected_behavior": "After turning the FTP server off and closing the app, returning to the FTP server screen should show the server still off and not restarted automatically.",
          "steps_to_reproduce": "1. Open the app. <aa09f6aef3409759f67d672c9efcbd64d8f3b0ee61cf3e8d197f0539e34430d2>\n2. Tap Allow on the permission prompt. <9253ef287211a96261d15d2522d1499f880b411f5e49851b98bae34f3403ab9d>\n3. Open the navigation drawer. <369b8eaf3efcd653bf6c0f02fb30344d6eb464e81911ec741a41a9a26155318d>\n4. Select FTP server from the navigation drawer. <ed4ddd149d2da1bda9c6a957048313602988bce3f183bd199efeacece662aeec>\n5. Turn the FTP server on using the switch. <8453ee6186ad267c55c0f443ad2d1644911453cf4f005a06837b415345db6be5>\n6. Turn the FTP server off using the switch. <5f369cd30bd1e5644d294c31e5ff58277cad40b2633f69cc4105944721df8b1b>\n7. Press Back to open Android Recents. <944abf1e97748f2436418aea5aa65a35e80ea307f807f0264ae85d2c80188e7c>\n8. Dismiss the Files app from Recents. <b05234dc13810ef197b494fe9ce3b3d6e6927d53c722ad904f3dc53e425da84c>\n9. Open Apps from the launcher/home screen. <04cd15cb46f30016a649cd8febd12f4b4b097da6d72b65dd82dc5ae35e514b84>\n10. Launch the Files app. <8038deffe8ddbc1d6b34be696460e6ecac4b733c9b28d52f7e21cd0fd6d3a1f9>\n11. Open the navigation drawer again. <369b8eaf3efcd653bf6c0f02fb30344d6eb464e81911ec741a41a9a26155318d>\n12. Select FTP server again. <ed4ddd149d2da1bda9c6a957048313602988bce3f183bd199efeacece662aeec>"
        }
      },
      "meta_data": {
        "latency": "10.340950463000127 s",
        "node_token_consumption": {
          "input_tokens": 40634,
          "output_tokens": 702,
          "total_tokens": 41336,
          "llm_calls": 1,
          "llm_calls_with_usage": 1,
          "llm_calls_missing_usage": 0
        }
      }
    }
  ]
}
{
  "record_type": "final_report",
  "session_id": "ed892ad1-80c4-4bcb-bb10-a5def399b344",
  "final_report": {
    "title": "FTP server turns back on automatically after being turned off and the app is closed from Recents",
    "observed_behavior": "On the FTP server screen, if the user allows the permission prompt, opens the navigation drawer, selects FTP server, turns the server on and then off, closes the app from Recents, and later returns to the FTP server screen, the FTP server restarts on its own.",
    "expected_behavior": "After turning the FTP server off and closing the app, returning to the FTP server screen should show the server still off and not restarted automatically.",
    "steps_to_reproduce": "1. Open the app. <aa09f6aef3409759f67d672c9efcbd64d8f3b0ee61cf3e8d197f0539e34430d2>\n2. Tap Allow on the permission prompt. <9253ef287211a96261d15d2522d1499f880b411f5e49851b98bae34f3403ab9d>\n3. Open the navigation drawer. <369b8eaf3efcd653bf6c0f02fb30344d6eb464e81911ec741a41a9a26155318d>\n4. Select FTP server from the navigation drawer. <ed4ddd149d2da1bda9c6a957048313602988bce3f183bd199efeacece662aeec>\n5. Turn the FTP server on using the switch. <8453ee6186ad267c55c0f443ad2d1644911453cf4f005a06837b415345db6be5>\n6. Turn the FTP server off using the switch. <5f369cd30bd1e5644d294c31e5ff58277cad40b2633f69cc4105944721df8b1b>\n7. Press Back to open Android Recents. <944abf1e97748f2436418aea5aa65a35e80ea307f807f0264ae85d2c80188e7c>\n8. Dismiss the Files app from Recents. <b05234dc13810ef197b494fe9ce3b3d6e6927d53c722ad904f3dc53e425da84c>\n9. Open Apps from the launcher/home screen. <04cd15cb46f30016a649cd8febd12f4b4b097da6d72b65dd82dc5ae35e514b84>\n10. Launch the Files app. <8038deffe8ddbc1d6b34be696460e6ecac4b733c9b28d52f7e21cd0fd6d3a1f9>\n11. Open the navigation drawer again. <369b8eaf3efcd653bf6c0f02fb30344d6eb464e81911ec741a41a9a26155318d>\n12. Select FTP server again. <ed4ddd149d2da1bda9c6a957048313602988bce3f183bd199efeacece662aeec>"
  }
}
{
  "record_type": "conversation_summary",
  "session_id": "ed892ad1-80c4-4bcb-bb10-a5def399b344",
  "started_at": "2026-04-22T14:18:11.932765+00:00",
  "ended_at": "2026-04-22T14:22:07.860044+00:00",
  "total_wall_clock_seconds": 235.927279,
  "total_turn_processing_seconds": 60.119383,
  "total_conversation_turns": 3,
  "token_consumption": {
    "input_tokens": 187247,
    "output_tokens": 3375,
    "total_tokens": 190622,
    "llm_calls": 11,
    "llm_calls_with_usage": 11,
    "llm_calls_missing_usage": 0
  }
}
