{
  "turn": 0,
  "actions": [
    {
      "entity": "bot",
      "action_name": "information_element_extraction",
      "output": {
        "information_element_extraction": {
          "triggering_screen_reference": {
            "value": "Display of Incomes by Articles pop-up of the Reports screen",
            "evidence": [
              "On Display of Incomes by Articles pop-up of the Reports screen"
            ]
          },
          "triggering_GUI_interactions": {
            "value": "changing the report appearance from 'view values' to 'use percent values' by checking 'view values', checking 'use percent values', and tapping OK",
            "evidence": [
              "changing the report appearance from 'view values' to 'use percent values' causes the application to crash",
              "check 'view values'",
              "check 'use percent values'",
              "tap OK"
            ]
          },
          "buggy_behavior": {
            "value": "the application crashes",
            "evidence": [
              "causes the application to crash"
            ]
          },
          "correct_behavior": {
            "value": "the appearance of the report should be changed to 'use percent values'",
            "evidence": [
              "the appearance of the report should be changed to 'use percent values'"
            ]
          },
          "steps_to_reproduce": {
            "value": "Open the app, tap Allow, select Report, choose Incomes By Articles or Expenses By Articles, tap View, check 'view values', check 'use percent values', and tap OK.",
            "evidence": [
              "I took these steps: Open the app, tap Allow, select Report, choose Incomes By Articles or Expenses By Articles, tap View, check 'view values', check 'use percent values', and tap OK."
            ]
          }
        }
      },
      "meta_data": {
        "latency": "3.843115832999956 s",
        "node_token_consumption": {
          "input_tokens": 886,
          "output_tokens": 280,
          "total_tokens": 1166,
          "llm_calls": 1,
          "llm_calls_with_usage": 1,
          "llm_calls_missing_usage": 0
        }
      }
    },
    {
      "entity": "bot",
      "action_name": "clarity_check",
      "output": {
        "clarity_route": "continue",
        "clarity_issues": []
      },
      "meta_data": {
        "latency": "0.9799534999997377 s",
        "node_token_consumption": {
          "input_tokens": 663,
          "output_tokens": 21,
          "total_tokens": 684,
          "llm_calls": 1,
          "llm_calls_with_usage": 1,
          "llm_calls_missing_usage": 0
        }
      }
    },
    {
      "entity": "bot",
      "action_name": "extract_and_update",
      "output": {
        "BugInfo": {
          "triggering_screen_reference": {
            "value": "f189f23124c6c372973bbff27e30b7107f27022f74836d7085daf2817f565790",
            "status": "confirmed",
            "evidence": "User explicitly says the bug occurs on the 'Display of Incomes by Articles pop-up of the Reports screen', which matches the Display dialog state titled 'Display of Incomes by Articles'."
          },
          "triggering_GUI_interactions": [
            {
              "value": "dc01c666d81db01f9ceb751ff256033bcc27f75ab0951ef2f9eff49e39233d64",
              "status": "confirmed",
              "evidence": "User explicitly says to check 'view values'; this matches the 'View values' checkbox on the Display dialog."
            },
            {
              "value": "c3292f1abb084883da9f0bf06776dd33343b186505d53bedfbb8b83717e4b319",
              "status": "confirmed",
              "evidence": "User explicitly says to check 'use percent values'; this matches the 'Use percent values' checkbox on the Display dialog."
            },
            {
              "value": "26c0ae2d76021672cf80c07928394773aec07f5be831f91ab09b5f7c2392b6aa",
              "status": "confirmed",
              "evidence": "User explicitly says to tap OK after changing the display options; this matches the OK button on the Display dialog, which leads to the crash dialog."
            }
          ],
          "buggy_behavior": {
            "value": "the application crashes",
            "status": "confirmed",
            "evidence": "User explicitly states that changing the report appearance in this way 'causes the application to crash'."
          },
          "correct_behavior": {
            "value": "the appearance of the report should be changed to 'use percent values'",
            "status": "confirmed",
            "evidence": "User explicitly states that instead of crashing, 'the appearance of the report should be changed to use percent values'."
          },
          "steps_to_reproduce": [
            {
              "value": "fa8baa4de2d1015dd5da60a38bcc25a725e918d25bafb6b4b8bafe8f727ccfcf",
              "status": "confirmed",
              "evidence": "User step 'Open the app' matches the app-open transition into the permission screen."
            },
            {
              "value": "8407e328c4a9d75304cf3edee19af6616ae654caca4e79229e0df0c827909816",
              "status": "confirmed",
              "evidence": "User step 'tap Allow' matches the permission Allow button transition."
            },
            {
              "value": "9a4f389ec16dc06bc51519fd35159ab49c667d2cae3e0323df9bf08cd98bda88",
              "status": "confirmed",
              "evidence": "User step 'select Report' matches tapping 'Reports' from the dashboard."
            },
            {
              "value": "c010db1badf9deb0564b10c46916ad505c7d1acca0f840fdc12c4867c81990d0",
              "status": "ambiguous",
              "evidence": "User says 'choose Incomes By Articles or Expenses By Articles'. Multiple report-tab transitions are plausible; this chosen mapping corresponds to selecting 'Incomes by Articles' from the Reports screen, but 'Expenses by Articles' is also possible."
            },
            {
              "value": "c7c181b4d07f85b6731edefa0c51eca8637b088e992c8d07e2349379db3cd413",
              "status": "confirmed",
              "evidence": "User step 'tap View' matches tapping the 'Display' action on the Incomes by Articles report screen."
            },
            {
              "value": "dc01c666d81db01f9ceb751ff256033bcc27f75ab0951ef2f9eff49e39233d64",
              "status": "confirmed",
              "evidence": "User step 'check view values' matches the 'View values' checkbox on the Display dialog."
            },
            {
              "value": "c3292f1abb084883da9f0bf06776dd33343b186505d53bedfbb8b83717e4b319",
              "status": "confirmed",
              "evidence": "User step 'check use percent values' matches the 'Use percent values' checkbox on the Display dialog."
            },
            {
              "value": "26c0ae2d76021672cf80c07928394773aec07f5be831f91ab09b5f7c2392b6aa",
              "status": "confirmed",
              "evidence": "User step 'tap OK' matches the OK button on the Display dialog, after which the app crashes."
            }
          ]
        },
        "information_element_extraction": {
          "triggering_screen_reference": null,
          "triggering_GUI_interactions": null,
          "buggy_behavior": null,
          "correct_behavior": null,
          "steps_to_reproduce": null
        },
        "clarification_window_start_idx": 1
      },
      "meta_data": {
        "latency": "13.721713458000067 s",
        "node_token_consumption": {
          "input_tokens": 81798,
          "output_tokens": 959,
          "total_tokens": 82757,
          "llm_calls": 1,
          "llm_calls_with_usage": 1,
          "llm_calls_missing_usage": 0
        }
      }
    },
    {
      "entity": "bot",
      "action_name": "evaluate",
      "output": {
        "unknown_and_low_confidence_info": [
          "steps_to_reproduce[3]"
        ]
      },
      "meta_data": {
        "latency": "4.812499992112862e-05 s",
        "node_token_consumption": null
      }
    },
    {
      "entity": "bot",
      "action_name": "follow_up",
      "output": {
        "generated_question": "When you were on the Reports screen, which report tab did you select before opening the Display dialog: **Incomes by Articles** or **Expenses by Articles**?"
      },
      "meta_data": {
        "latency": "3.1719382500000393 s",
        "node_token_consumption": {
          "input_tokens": 81757,
          "output_tokens": 47,
          "total_tokens": 81804,
          "llm_calls": 1,
          "llm_calls_with_usage": 1,
          "llm_calls_missing_usage": 0
        }
      }
    }
  ]
}
{
  "turn": 1,
  "actions": [
    {
      "entity": "user",
      "action_name": "user_description",
      "output": {
        "messages": {
          "content": "I selected Incomes by Articles.",
          "additional_kwargs": {},
          "response_metadata": {},
          "type": "human",
          "name": null,
          "id": "7c60b99d-d47e-4b1b-a913-d73f65e5ed95"
        }
      },
      "meta_data": {
        "latency": "9.3375000233209e-05 s",
        "node_token_consumption": null
      }
    },
    {
      "entity": "bot",
      "action_name": "information_element_extraction",
      "output": {
        "information_element_extraction": {
          "triggering_screen_reference": {
            "value": "Reports screen, Incomes by Articles report tab",
            "evidence": [
              "When you were on the Reports screen, which report tab did you select before opening the Display dialog: Incomes by Articles or Expenses by Articles?",
              "I selected Incomes by Articles."
            ]
          },
          "triggering_GUI_interactions": null,
          "buggy_behavior": null,
          "correct_behavior": null,
          "steps_to_reproduce": null
        }
      },
      "meta_data": {
        "latency": "2.4176723340001445 s",
        "node_token_consumption": {
          "input_tokens": 832,
          "output_tokens": 94,
          "total_tokens": 926,
          "llm_calls": 1,
          "llm_calls_with_usage": 1,
          "llm_calls_missing_usage": 0
        }
      }
    },
    {
      "entity": "bot",
      "action_name": "clarity_check",
      "output": {
        "clarity_route": "continue",
        "clarity_issues": []
      },
      "meta_data": {
        "latency": "1.5788414579997152 s",
        "node_token_consumption": {
          "input_tokens": 443,
          "output_tokens": 21,
          "total_tokens": 464,
          "llm_calls": 1,
          "llm_calls_with_usage": 1,
          "llm_calls_missing_usage": 0
        }
      }
    },
    {
      "entity": "bot",
      "action_name": "extract_and_update",
      "output": {
        "BugInfo": {
          "triggering_screen_reference": {
            "value": "c73baec5341ca7597ddef244067a27040e0496b4ead7b7f27231070848c360d0",
            "status": "confirmed",
            "evidence": "User explicitly states they selected 'Incomes by Articles' on the Reports screen before opening the Display dialog; this matches the Reports screen state for the Incomes by Articles tab."
          },
          "triggering_GUI_interactions": [
            {
              "value": "dc01c666d81db01f9ceb751ff256033bcc27f75ab0951ef2f9eff49e39233d64",
              "status": "confirmed",
              "evidence": "User explicitly says to check 'view values'; this matches the 'View values' checkbox on the Display dialog."
            },
            {
              "value": "c3292f1abb084883da9f0bf06776dd33343b186505d53bedfbb8b83717e4b319",
              "status": "confirmed",
              "evidence": "User explicitly says to check 'use percent values'; this matches the 'Use percent values' checkbox on the Display dialog."
            },
            {
              "value": "26c0ae2d76021672cf80c07928394773aec07f5be831f91ab09b5f7c2392b6aa",
              "status": "confirmed",
              "evidence": "User explicitly says to tap OK after changing the display options; this matches the OK button on the Display dialog, which leads to the crash dialog."
            }
          ],
          "buggy_behavior": {
            "value": "the application crashes",
            "status": "confirmed",
            "evidence": "User explicitly states that changing the report appearance in this way 'causes the application to crash'."
          },
          "correct_behavior": {
            "value": "the appearance of the report should be changed to 'use percent values'",
            "status": "confirmed",
            "evidence": "User explicitly states that instead of crashing, 'the appearance of the report should be changed to use percent values'."
          },
          "steps_to_reproduce": [
            {
              "value": "fa8baa4de2d1015dd5da60a38bcc25a725e918d25bafb6b4b8bafe8f727ccfcf",
              "status": "confirmed",
              "evidence": "User step 'Open the app' matches the app-open transition into the permission screen."
            },
            {
              "value": "8407e328c4a9d75304cf3edee19af6616ae654caca4e79229e0df0c827909816",
              "status": "confirmed",
              "evidence": "User step 'tap Allow' matches the permission Allow button transition."
            },
            {
              "value": "9a4f389ec16dc06bc51519fd35159ab49c667d2cae3e0323df9bf08cd98bda88",
              "status": "confirmed",
              "evidence": "User step 'select Report' matches tapping 'Reports' from the dashboard."
            },
            {
              "value": "c010db1badf9deb0564b10c46916ad505c7d1acca0f840fdc12c4867c81990d0",
              "status": "confirmed",
              "evidence": "User explicitly clarified 'I selected Incomes by Articles,' which matches selecting the Incomes by Articles tab from the Reports screen."
            },
            {
              "value": "c7c181b4d07f85b6731edefa0c51eca8637b088e992c8d07e2349379db3cd413",
              "status": "confirmed",
              "evidence": "User step 'tap View' matches tapping the 'Display' action on the Incomes by Articles report screen."
            },
            {
              "value": "dc01c666d81db01f9ceb751ff256033bcc27f75ab0951ef2f9eff49e39233d64",
              "status": "confirmed",
              "evidence": "User step 'check view values' matches the 'View values' checkbox on the Display dialog."
            },
            {
              "value": "c3292f1abb084883da9f0bf06776dd33343b186505d53bedfbb8b83717e4b319",
              "status": "confirmed",
              "evidence": "User step 'check use percent values' matches the 'Use percent values' checkbox on the Display dialog."
            },
            {
              "value": "26c0ae2d76021672cf80c07928394773aec07f5be831f91ab09b5f7c2392b6aa",
              "status": "confirmed",
              "evidence": "User step 'tap OK' matches the OK button on the Display dialog, after which the app crashes."
            }
          ]
        },
        "information_element_extraction": {
          "triggering_screen_reference": null,
          "triggering_GUI_interactions": null,
          "buggy_behavior": null,
          "correct_behavior": null,
          "steps_to_reproduce": null
        },
        "clarification_window_start_idx": 2
      },
      "meta_data": {
        "latency": "10.546740499999942 s",
        "node_token_consumption": {
          "input_tokens": 82465,
          "output_tokens": 934,
          "total_tokens": 83399,
          "llm_calls": 1,
          "llm_calls_with_usage": 1,
          "llm_calls_missing_usage": 0
        }
      }
    },
    {
      "entity": "bot",
      "action_name": "evaluate",
      "output": {
        "unknown_and_low_confidence_info": []
      },
      "meta_data": {
        "latency": "3.416700019442942e-05 s",
        "node_token_consumption": null
      }
    },
    {
      "entity": "user",
      "action_name": "generate_report",
      "output": {
        "full_report": {
          "title": "App crashes when applying the Display settings with both \"View values\" and \"Use percent values\" enabled for Incomes by Articles report",
          "observed_behavior": "On the Reports screen showing the Incomes by Articles chart, if the user opens the Display dialog, enables \"View values,\" enables \"Use percent values,\" and taps \"OK,\" the application crashes.",
          "expected_behavior": "The appearance of the report should be changed to use percent values.",
          "steps_to_reproduce": "1. Open the app.\n2. On the permission prompt, tap \"Allow.\"\n3. On the dashboard, tap \"Reports.\"\n4. In Reports, open the \"Incomes by Articles\" tab.\n5. Tap \"Display.\"\n6. In the Display dialog, enable \"View values.\"\n7. Enable \"Use percent values.\"\n8. Tap \"OK.\""
        }
      },
      "meta_data": {
        "latency": "11.985847791999731 s",
        "node_token_consumption": {
          "input_tokens": 81193,
          "output_tokens": 190,
          "total_tokens": 81383,
          "llm_calls": 1,
          "llm_calls_with_usage": 1,
          "llm_calls_missing_usage": 0
        }
      }
    }
  ]
}
{
  "record_type": "conversation_summary",
  "conversation_id": "2",
  "started_at": "2026-04-05T14:32:34.267873+00:00",
  "ended_at": "2026-04-05T14:33:42.073323+00:00",
  "total_latency_seconds": 67.80483224999989,
  "token_consumption": {
    "input_tokens": 330037,
    "output_tokens": 2546,
    "total_tokens": 332583,
    "llm_calls": 8,
    "llm_calls_with_usage": 8,
    "llm_calls_missing_usage": 0
  }
}
