{
  "turn": 0,
  "actions": [
    {
      "entity": "bot",
      "action_name": "information_element_extraction",
      "output": {
        "information_element_extraction": {
          "triggering_screen_reference": {
            "value": "Parent Categories tab (for the current category)",
            "evidence": [
              "\"Clicking the Parent Categories tab\"",
              "\"Parent Categories of the current category\""
            ]
          },
          "triggering_GUI_interactions": {
            "value": "Clicking/tapping the \"Parent Categories\" tab",
            "evidence": [
              "\"Clicking the Parent Categories tab\""
            ]
          },
          "buggy_behavior": {
            "value": "A blank page is shown after clicking the Parent Categories tab",
            "evidence": [
              "\"results in a blank page\""
            ]
          },
          "correct_behavior": {
            "value": "The parent categories of the current category should be displayed",
            "evidence": [
              "\"the Parent Categories of the current category should be displayed\""
            ]
          },
          "steps_to_reproduce": null
        },
        "clarification_window_start_idx": 0
      },
      "meta_data": {
        "latency": "2.303206333000162 s",
        "node_token_consumption": {
          "input_tokens": 816,
          "output_tokens": 150,
          "total_tokens": 966,
          "llm_calls": 1,
          "llm_calls_with_usage": 1,
          "llm_calls_missing_usage": 0
        }
      }
    },
    {
      "entity": "bot",
      "action_name": "clarity_check",
      "output": {
        "clarity_route": "continue",
        "clarity_issues": []
      },
      "meta_data": {
        "latency": "1.1322519169998486 s",
        "node_token_consumption": {
          "input_tokens": 519,
          "output_tokens": 21,
          "total_tokens": 540,
          "llm_calls": 1,
          "llm_calls_with_usage": 1,
          "llm_calls_missing_usage": 0
        }
      }
    },
    {
      "entity": "bot",
      "action_name": "extract_and_update",
      "output": {
        "BugInfo": {
          "triggering_screen_reference": {
            "value": "5f73d16c7a634772a51c9c854a69bc9dec5f65b77d44fab362d5462a759767e8",
            "status": "confirmed",
            "evidence": "User says the bug happens on the category screen: \"Parent Categories tab (for the current category)\" / \"Parent Categories of the current category\". In the graph, state 5f73d16c... is CategoryDetailsActivity showing tabs MEDIA / SUBCATEGORIES / PARENT CATEGORIES."
          },
          "triggering_GUI_interactions": [
            {
              "value": "6be714d047ab21effd5c736c32506e18bd08b4c8e44ecb14442be1e47d5253a5",
              "status": "confirmed",
              "evidence": "User action: \"Clicking/tapping the 'Parent Categories' tab\". Transition 6be714d... is a click on TextView with tx=\"PARENT CATEGORIES\" from the CategoryDetailsActivity tab bar (state 5f73d16c...)."
            }
          ],
          "buggy_behavior": {
            "value": "After tapping the \"PARENT CATEGORIES\" tab, the app shows a blank page (no content displayed).",
            "status": "confirmed",
            "evidence": "User reports: \"Clicking the Parent Categories tab\" \"results in a blank page\"."
          },
          "correct_behavior": {
            "value": "After tapping the \"PARENT CATEGORIES\" tab, the app should display the parent categories of the current category.",
            "status": "confirmed",
            "evidence": "User expectation: \"the Parent Categories of the current category should be displayed\"."
          },
          "steps_to_reproduce": [
            {
              "value": "8e8c7133a537849ea1f09bcc2625161404e90d5f93d33e01c0e90230c92a5a7a",
              "status": "inferred",
              "evidence": "Only reproducible navigation path present from app start in this graph begins with transition act=(6) open app to reach the app UI."
            },
            {
              "value": "b3d177434c01973aefd635e9b2c077d1ba46bf4e2a80da4ed89474511160b63d",
              "status": "inferred",
              "evidence": "To proceed through the welcome/onboarding carousel, the graph shows swipe-left transitions between WelcomeActivity pages."
            },
            {
              "value": "e0f12adac56be76acb79d37d0e90aa329ca9de72ca3481f451a5311f141027c4",
              "status": "inferred",
              "evidence": "Continuation of onboarding swipe-left path shown in the graph."
            },
            {
              "value": "8816181fdd2f34a86b06a3bc7208d741eee74c5da62d980f09630d2cf47f6df1",
              "status": "inferred",
              "evidence": "Continuation of onboarding swipe-left path shown in the graph."
            },
            {
              "value": "b71f779a1f0963d53f1859ce1784a17f4a319592a660124b62c8f18a53cf46e8",
              "status": "inferred",
              "evidence": "Continuation of onboarding swipe-left path shown in the graph."
            },
            {
              "value": "603e704cb3a4d89b9512eb62fcb0c8f93d10ee708131c2492858fe54b37e7d93",
              "status": "inferred",
              "evidence": "Graph shows finishing onboarding by clicking the YES! button (welcomeYesButton) to enter the app."
            },
            {
              "value": "738b1be7acd4234c8f3960ed0b484e5f36707addded2ececa123a90c9fc1a1a6",
              "status": "inferred",
              "evidence": "From the Bookmarks screen, the graph shows using the navigation drawer via the toolbar 'Open' button to access other sections."
            },
            {
              "value": "ff04b29c802df577283c246c035c77e7a4275f22b5b9b56894a9aff8875bdf5c",
              "status": "inferred",
              "evidence": "In the opened drawer, the graph includes selecting \"Bookmarks\" (design_menu_item_text) to arrive at BookmarksActivity main state."
            },
            {
              "value": "7c5259ec36f178cb73d25caa30ee502f0260fe40fe484a23ac5de60393f13105",
              "status": "inferred",
              "evidence": "Graph shows switching to the LOCATIONS tab from BookmarksActivity; used here as part of the only complete navigation path provided."
            },
            {
              "value": "8ee31434d92a04aa288421c903a5e1fcb8f3819f0847224661e606a1501f829f",
              "status": "inferred",
              "evidence": "Graph shows opening the drawer again from this BookmarksActivity state via toolbar 'Open'."
            },
            {
              "value": "79483861ea0be6bca5dd0d94f2ff6a67bbeabcb8339d276e155774262988ae16",
              "status": "inferred",
              "evidence": "From the drawer, selecting \"Explore\" leads to CategoryImagesActivity (explore listing), which is the path toward a category details screen."
            },
            {
              "value": "8a5e9e75126660d60392ee6c2946d0f28be30676865462118ea818c1459fda98",
              "status": "inferred",
              "evidence": "Graph shows swiping up in Explore list to another list state, enabling access to a category image tile."
            },
            {
              "value": "eeb2dcc5b038a5365fc5e3968862c3ae476f8c007955b49e9585b8a8b05bc0c1",
              "status": "inferred",
              "evidence": "Graph shows tapping a category image (categoryImageView) to open a media details screen."
            },
            {
              "value": "d84994fbe18eaf7d76f1dfe454496f07db5e6a0c2213452558c14661322567ac",
              "status": "inferred",
              "evidence": "Graph shows swiping up within media details to reach the section containing category links."
            },
            {
              "value": "44efd4db46c1a856f86f5f10423f5a596b37a4499b0d7f8dbc4036eba4edddf7",
              "status": "inferred",
              "evidence": "Graph shows another swipe up within media details to reach a screen with clickable category items."
            },
            {
              "value": "f855240a7c5488e1a1fd483c6fec3b99757ca2940f7ceba50517a42c5e6211dc",
              "status": "inferred",
              "evidence": "Graph shows clicking a category chip/text (mediaDetailCategoryItemText) to open CategoryDetailsActivity (state 602a7968...)."
            },
            {
              "value": "31951cb9f29b46f435d8f75ccd1b6f6cc6ead9febe61faa81dad6e547e91a68f",
              "status": "inferred",
              "evidence": "From CategoryDetailsActivity, graph shows tapping the PARENT CATEGORIES tab to reach the tabbed CategoryDetails state (5f73d16c...)."
            },
            {
              "value": "6be714d047ab21effd5c736c32506e18bd08b4c8e44ecb14442be1e47d5253a5",
              "status": "confirmed",
              "evidence": "Trigger step per user: \"Clicking the Parent Categories tab\"; matches transition 6be714d... (click tx=\"PARENT CATEGORIES\")."
            }
          ]
        }
      },
      "meta_data": {
        "latency": "24.05007383299926 s",
        "node_token_consumption": {
          "input_tokens": 72070,
          "output_tokens": 1622,
          "total_tokens": 73692,
          "llm_calls": 1,
          "llm_calls_with_usage": 1,
          "llm_calls_missing_usage": 0
        }
      }
    },
    {
      "entity": "bot",
      "action_name": "evaluate",
      "output": {
        "unknown_and_low_confidence_info": []
      },
      "meta_data": {
        "latency": "5.208400034462102e-05 s",
        "node_token_consumption": null
      }
    },
    {
      "entity": "user",
      "action_name": "generate_report",
      "output": {
        "full_report": {
          "title": "Category details \"PARENT CATEGORIES\" tab shows a blank page",
          "observed_behavior": "On the CategoryDetailsActivity screen for a category, if the user taps the \"PARENT CATEGORIES\" tab, the app shows a blank page (no content displayed).",
          "expected_behavior": "The app should display the parent categories of the current category after tapping the \"PARENT CATEGORIES\" tab.",
          "steps_to_reproduce": "1. Open the app.\n2. Swipe left on the welcome/onboarding screen.\n3. Swipe left again.\n4. Swipe left again.\n5. Swipe left again.\n6. Tap \"YES!\" on the final onboarding screen.\n7. Open the navigation drawer (hamburger button).\n8. Tap \"Bookmarks\".\n9. Tap the navigation drawer \"Open\" button.\n10. In the navigation drawer, tap \"Explore\".\n11. From Explore (category images grid), tap a category image.\n12. Swipe up.\n13. Tap a category image again.\n14. Swipe up.\n15. Swipe up.\n16. Tap a category image.\n17. Swipe up.\n18. Tap a category name under \"Categories\" (e.g., \"Focus stacking images of insects\") to open the category details screen.\n19. Tap the \"PARENT CATEGORIES\" tab."
        },
        "extracted_information_elements": {
          "buggy_behavior": "the app shows a blank page (no content displayed)",
          "triggering_gui_interactions": "taps the \"PARENT CATEGORIES\" tab",
          "triggering_screen_reference": "On the CategoryDetailsActivity screen for a category",
          "correct_behavior": "display the parent categories of the current category after tapping the \"PARENT CATEGORIES\" tab"
        }
      },
      "meta_data": {
        "latency": "7.209410583000135 s",
        "node_token_consumption": {
          "input_tokens": 72596,
          "output_tokens": 372,
          "total_tokens": 72968,
          "llm_calls": 2,
          "llm_calls_with_usage": 2,
          "llm_calls_missing_usage": 0
        }
      }
    }
  ]
}
{
  "record_type": "conversation_summary",
  "conversation_id": "0",
  "started_at": "2026-03-03T04:26:53.326424+00:00",
  "ended_at": "2026-03-03T04:27:28.028425+00:00",
  "total_latency_seconds": 34.70209516599971,
  "token_consumption": {
    "input_tokens": 146001,
    "output_tokens": 2165,
    "total_tokens": 148166,
    "llm_calls": 5,
    "llm_calls_with_usage": 5,
    "llm_calls_missing_usage": 0
  }
}
