{
  "turn": 0,
  "actions": [
    {
      "entity": "bot",
      "action_name": "information_element_extraction",
      "output": {
        "information_element_extraction": {
          "triggering_screen_reference": {
            "value": "report appearance",
            "evidence": [
              "Changing the report appearance from 'view values' to 'use percent values'"
            ]
          },
          "triggering_GUI_interactions": {
            "value": "Changing the report appearance setting from 'view values' to 'use percent values'",
            "evidence": [
              "Changing the report appearance from 'view values' to 'use percent values'"
            ]
          },
          "buggy_behavior": {
            "value": "The application crashes when changing the report appearance from 'view values' to 'use percent values'",
            "evidence": [
              "results in the application crashing"
            ]
          },
          "correct_behavior": null,
          "steps_to_reproduce": null
        },
        "clarification_window_start_idx": 0
      },
      "meta_data": {
        "latency": "2.3670551249997516 s",
        "node_token_consumption": {
          "input_tokens": 815,
          "output_tokens": 132,
          "total_tokens": 947,
          "llm_calls": 1,
          "llm_calls_with_usage": 1,
          "llm_calls_missing_usage": 0
        }
      }
    },
    {
      "entity": "bot",
      "action_name": "clarity_check",
      "output": {
        "clarity_route": "continue",
        "clarity_issues": []
      },
      "meta_data": {
        "latency": "0.9215407499996218 s",
        "node_token_consumption": {
          "input_tokens": 494,
          "output_tokens": 21,
          "total_tokens": 515,
          "llm_calls": 1,
          "llm_calls_with_usage": 1,
          "llm_calls_missing_usage": 0
        }
      }
    },
    {
      "entity": "bot",
      "action_name": "extract_and_update",
      "output": {
        "BugInfo": {
          "triggering_screen_reference": {
            "value": "f189f23124c6c372973bbff27e30b7107f27022f74836d7085daf2817f565790",
            "status": "inferred",
            "evidence": "Information element says the bug occurs when changing the report appearance setting (View values vs Use percent values). In the app graph, these options appear on the 'Display of Incomes by Articles' dialog (ChartActivity(Window=Main)) which contains checkboxes 'view_values' and 'use_percent_values'."
          },
          "triggering_GUI_interactions": [
            {
              "value": "c3292f1abb084883da9f0bf06776dd33343b186505d53bedfbb8b83717e4b319",
              "status": "ambiguous",
              "evidence": "User says they changed the report appearance from 'view values' to 'use percent values'. The graph has an explicit click interaction for the 'Use percent values' checkbox (idx=use_percent_values) on the Display dialog."
            }
          ],
          "buggy_behavior": {
            "value": "The application crashes when changing the report appearance setting from 'view values' to 'use percent values'.",
            "status": "confirmed",
            "evidence": "User evidence: 'Changing the report appearance from \\\"view values\\\" to \\\"use percent values\\\"' and 'results in the application crashing'."
          },
          "correct_behavior": {
            "value": null,
            "status": "unknown",
            "evidence": null
          },
          "steps_to_reproduce": []
        }
      },
      "meta_data": {
        "latency": "4.76486875000046 s",
        "node_token_consumption": {
          "input_tokens": 81640,
          "output_tokens": 308,
          "total_tokens": 81948,
          "llm_calls": 1,
          "llm_calls_with_usage": 1,
          "llm_calls_missing_usage": 0
        }
      }
    },
    {
      "entity": "bot",
      "action_name": "evaluate",
      "output": {
        "unknown_and_low_confidence_info": [
          "steps_to_reproduce",
          "triggering_GUI_interactions[0]",
          "correct_behavior"
        ]
      },
      "meta_data": {
        "latency": "5.4416000239143614e-05 s",
        "node_token_consumption": null
      }
    },
    {
      "entity": "bot",
      "action_name": "follow_up",
      "output": {
        "generated_question": "After you switch the report display option from “View values” to “Use percent values”, what should happen instead of the crash (e.g., should the chart stay open and update to show percentages on the same report, without any error)?"
      },
      "meta_data": {
        "latency": "3.011743750000278 s",
        "node_token_consumption": {
          "input_tokens": 81119,
          "output_tokens": 63,
          "total_tokens": 81182,
          "llm_calls": 1,
          "llm_calls_with_usage": 1,
          "llm_calls_missing_usage": 0
        }
      }
    }
  ]
}
{
  "turn": 1,
  "actions": [
    {
      "entity": "user",
      "action_name": "user_description",
      "output": {
        "messages": {
          "content": "The view should be switched from view values to use percent values, and the app should not crash.",
          "additional_kwargs": {},
          "response_metadata": {},
          "type": "human",
          "name": null,
          "id": "f9f85cb9-8110-4894-a8a2-7dc1a7afa5af"
        }
      },
      "meta_data": {
        "latency": "6.283400034590159e-05 s",
        "node_token_consumption": null
      }
    },
    {
      "entity": "bot",
      "action_name": "information_element_extraction",
      "output": {
        "information_element_extraction": {
          "triggering_screen_reference": null,
          "triggering_GUI_interactions": null,
          "buggy_behavior": {
            "value": "The app crashes after switching the report display option from “View values” to “Use percent values”.",
            "evidence": [
              "\"instead of the crash\"",
              "\"the app should not crash\""
            ]
          },
          "correct_behavior": {
            "value": "The view should switch from “View values” to “Use percent values” without crashing.",
            "evidence": [
              "\"The view should be switched from view values to use percent values, and the app should not crash.\""
            ]
          },
          "steps_to_reproduce": null
        },
        "clarification_window_start_idx": 1
      },
      "meta_data": {
        "latency": "3.287921417000689 s",
        "node_token_consumption": {
          "input_tokens": 860,
          "output_tokens": 126,
          "total_tokens": 986,
          "llm_calls": 1,
          "llm_calls_with_usage": 1,
          "llm_calls_missing_usage": 0
        }
      }
    },
    {
      "entity": "bot",
      "action_name": "clarity_check",
      "output": {
        "clarity_route": "needs_clarification",
        "clarity_issues": [
          "Buggy Behavior evidence is unclear/fragmentary (e.g., \"instead of the crash\" does not clearly describe what happened)"
        ]
      },
      "meta_data": {
        "latency": "1.52950037500068 s",
        "node_token_consumption": {
          "input_tokens": 479,
          "output_tokens": 51,
          "total_tokens": 530,
          "llm_calls": 1,
          "llm_calls_with_usage": 1,
          "llm_calls_missing_usage": 0
        }
      }
    },
    {
      "entity": "bot",
      "action_name": "clarity_follow_up",
      "output": {
        "generated_question": "When you switch the report display from “View values” to “Use percent values,” what exactly happens right before/after—does the app immediately close to the home screen, show an error message (what text), freeze, or show a blank/incorrect report?",
        "clarification_rounds": 1
      },
      "meta_data": {
        "latency": "1.5845050830002947 s",
        "node_token_consumption": {
          "input_tokens": 383,
          "output_tokens": 67,
          "total_tokens": 450,
          "llm_calls": 1,
          "llm_calls_with_usage": 1,
          "llm_calls_missing_usage": 0
        }
      }
    }
  ]
}
{
  "turn": 2,
  "actions": [
    {
      "entity": "user",
      "action_name": "user_description",
      "output": {
        "messages": {
          "content": "The app shows: unfortunately, family finance has stopped.",
          "additional_kwargs": {},
          "response_metadata": {},
          "type": "human",
          "name": null,
          "id": "59dce102-5e01-4fc7-923b-561a4f1833d3"
        }
      },
      "meta_data": {
        "latency": "2.1167000340938102e-05 s",
        "node_token_consumption": null
      }
    },
    {
      "entity": "bot",
      "action_name": "information_element_extraction",
      "output": {
        "information_element_extraction": {
          "triggering_screen_reference": null,
          "triggering_GUI_interactions": {
            "value": "Switch the report display from “view values” to “use percent values.”",
            "evidence": [
              "\"The view should be switched from view values to use percent values\""
            ]
          },
          "buggy_behavior": {
            "value": "The app crashes and shows a crash dialog/message: “Unfortunately, Family Finance has stopped.”",
            "evidence": [
              "\"The app shows: unfortunately, family finance has stopped.\"",
              "\"the app should not crash\""
            ]
          },
          "correct_behavior": {
            "value": "The view should switch from “view values” to “use percent values” without crashing.",
            "evidence": [
              "\"The view should be switched from view values to use percent values, and the app should not crash.\""
            ]
          },
          "steps_to_reproduce": null
        },
        "clarification_window_start_idx": 2
      },
      "meta_data": {
        "latency": "2.7108928339994236 s",
        "node_token_consumption": {
          "input_tokens": 877,
          "output_tokens": 165,
          "total_tokens": 1042,
          "llm_calls": 1,
          "llm_calls_with_usage": 1,
          "llm_calls_missing_usage": 0
        }
      }
    },
    {
      "entity": "bot",
      "action_name": "clarity_check",
      "output": {
        "clarity_route": "continue",
        "clarity_issues": []
      },
      "meta_data": {
        "latency": "1.0247287500005768 s",
        "node_token_consumption": {
          "input_tokens": 526,
          "output_tokens": 21,
          "total_tokens": 547,
          "llm_calls": 1,
          "llm_calls_with_usage": 1,
          "llm_calls_missing_usage": 0
        }
      }
    },
    {
      "entity": "bot",
      "action_name": "extract_and_update",
      "output": {
        "BugInfo": {
          "triggering_screen_reference": {
            "value": "f189f23124c6c372973bbff27e30b7107f27022f74836d7085daf2817f565790",
            "status": "inferred",
            "evidence": "Unchanged: the reported setting switch ('view values' vs 'use percent values') corresponds to the Display dialog in ChartActivity that contains CheckBox ids view_values and use_percent_values."
          },
          "triggering_GUI_interactions": [
            {
              "value": "c3292f1abb084883da9f0bf06776dd33343b186505d53bedfbb8b83717e4b319",
              "status": "confirmed",
              "evidence": "User: \"Switch the report display from 'view values' to 'use percent values.'\" Graph transition c3292f1... is a click on CheckBox idx=use_percent_values (tx='Use percent values') on the Display dialog (state f189f231...)."
            }
          ],
          "buggy_behavior": {
            "value": "The app crashes and shows a crash dialog/message: “Unfortunately, Family Finance has stopped.”",
            "status": "confirmed",
            "evidence": "User: \"The app shows: unfortunately, family finance has stopped.\" (crash dialog). App graph includes a crash dialog state 2957d1cfee... with text \"Unfortunately, Family Finance has stopped.\""
          },
          "correct_behavior": {
            "value": "The view should switch from “view values” to “use percent values” without crashing.",
            "status": "confirmed",
            "evidence": "User: \"The view should be switched from view values to use percent values, and the app should not crash.\""
          },
          "steps_to_reproduce": []
        }
      },
      "meta_data": {
        "latency": "6.245834416999969 s",
        "node_token_consumption": {
          "input_tokens": 81907,
          "output_tokens": 343,
          "total_tokens": 82250,
          "llm_calls": 1,
          "llm_calls_with_usage": 1,
          "llm_calls_missing_usage": 0
        }
      }
    },
    {
      "entity": "bot",
      "action_name": "evaluate",
      "output": {
        "unknown_and_low_confidence_info": [
          "steps_to_reproduce"
        ]
      },
      "meta_data": {
        "latency": "5.8958000408892985e-05 s",
        "node_token_consumption": null
      }
    },
    {
      "entity": "bot",
      "action_name": "follow_up",
      "output": {
        "generated_question": "From a fresh app launch, what exact taps did you do to reach the Reports “Display of Incomes by Articles” dialog before toggling “Use percent values” (please list the screens/buttons in order, e.g., Open app → Allow/Deny permissions → Dashboard → Reports → select which report/tab → Display → toggle “Use percent values”)? "
      },
      "meta_data": {
        "latency": "2.822858582999288 s",
        "node_token_consumption": {
          "input_tokens": 81141,
          "output_tokens": 85,
          "total_tokens": 81226,
          "llm_calls": 1,
          "llm_calls_with_usage": 1,
          "llm_calls_missing_usage": 0
        }
      }
    }
  ]
}
{
  "turn": 3,
  "actions": [
    {
      "entity": "user",
      "action_name": "user_description",
      "output": {
        "messages": {
          "content": "I opened the app, tapped allow to let family finance send and view SMS messages, clicked on reports, clicked on the itab",
          "additional_kwargs": {},
          "response_metadata": {},
          "type": "human",
          "name": null,
          "id": "a8990917-d468-42ab-b183-3670059b803b"
        }
      },
      "meta_data": {
        "latency": "3.7292000342858955e-05 s",
        "node_token_consumption": null
      }
    },
    {
      "entity": "bot",
      "action_name": "information_element_extraction",
      "output": {
        "information_element_extraction": {
          "triggering_screen_reference": {
            "value": "Reports screen (after clicking on the iTab)",
            "evidence": [
              "clicked on reports, clicked on the itab"
            ]
          },
          "triggering_GUI_interactions": {
            "value": "Open the app, tap “Allow” for the SMS permission, then click “Reports”, then click the “iTab”",
            "evidence": [
              "I opened the app, tapped allow to let family finance send and view SMS messages, clicked on reports, clicked on the itab"
            ]
          },
          "buggy_behavior": {
            "value": "The app crashes and shows an error message: “unfortunately, family finance has stopped.”",
            "evidence": [
              "The app shows: unfortunately, family finance has stopped."
            ]
          },
          "correct_behavior": null,
          "steps_to_reproduce": {
            "value": "Open app → tap “Allow” to let Family Finance “send and view SMS messages” → Reports → iTab",
            "evidence": [
              "I opened the app, tapped allow to let family finance send and view SMS messages, clicked on reports, clicked on the itab"
            ]
          }
        },
        "clarification_window_start_idx": 3
      },
      "meta_data": {
        "latency": "3.1234650409996902 s",
        "node_token_consumption": {
          "input_tokens": 902,
          "output_tokens": 214,
          "total_tokens": 1116,
          "llm_calls": 1,
          "llm_calls_with_usage": 1,
          "llm_calls_missing_usage": 0
        }
      }
    },
    {
      "entity": "bot",
      "action_name": "clarity_check",
      "output": {
        "clarity_route": "continue",
        "clarity_issues": []
      },
      "meta_data": {
        "latency": "1.0265411250002217 s",
        "node_token_consumption": {
          "input_tokens": 585,
          "output_tokens": 21,
          "total_tokens": 606,
          "llm_calls": 1,
          "llm_calls_with_usage": 1,
          "llm_calls_missing_usage": 0
        }
      }
    },
    {
      "entity": "bot",
      "action_name": "extract_and_update",
      "output": {
        "BugInfo": {
          "triggering_screen_reference": {
            "value": "caead4a7727e1c1f5cfd36bf05391cf318af588ab6d690f93472bdf8c7bb0e91",
            "status": "ambiguous",
            "evidence": "Info element says: \"Reports screen (after clicking on the iTab)\" and \"clicked on reports, clicked on the itab\". In the graph, the Reports area is ChartActivity with multiple possible tab states (caead4a... / b64ffe... / c73bae... / 01a341... / 72adbf...). Mapping to the base Reports/ChartActivity screen (caead4a...) is plausible, but the specific iTab/tab target is unclear."
          },
          "triggering_GUI_interactions": [
            {
              "value": "2965c3b4debc48c038e78f98002ad0883abcdd8571e00c1287e80981331ef5b4",
              "status": "ambiguous",
              "evidence": "User says they clicked \"the itab\" on Reports. In ChartActivity, switching to the 'Incomes by Articles' tab can be done via ActionBar Tab click (transition 2965c3b... from caead4a... to c73bae...). However multiple tab clicks exist (e.g., 872542..., c010db..., 8a1190..., etc.), and 'iTab' could refer to any 'Incomes...' tab. Keeping existing confirmed interaction (c3292f1... use_percent_values) unchanged; this new interaction is added but remains ambiguous."
            },
            {
              "value": "c3292f1abb084883da9f0bf06776dd33343b186505d53bedfbb8b83717e4b319",
              "status": "confirmed",
              "evidence": "Unchanged (already confirmed): user switched display to \"Use percent values\"; transition c3292f1... clicks CheckBox idx=use_percent_values on state f189f231... (Display dialog)."
            }
          ],
          "buggy_behavior": {
            "value": "The app crashes and shows a crash dialog/message: “Unfortunately, Family Finance has stopped.”",
            "status": "confirmed",
            "evidence": "Unchanged. User evidence: \"The app shows: unfortunately, family finance has stopped.\" Graph contains crash dialog state 2957d1cfee... with the same message."
          },
          "correct_behavior": {
            "value": "The view should switch from “view values” to “use percent values” without crashing.",
            "status": "confirmed",
            "evidence": "Unchanged. User: \"The view should be switched from view values to use percent values, and the app should not crash.\""
          },
          "steps_to_reproduce": [
            {
              "value": "fa8baa4de2d1015dd5da60a38bcc25a725e918d25bafb6b4b8bafe8f727ccfcf",
              "status": "confirmed",
              "evidence": "User: \"I opened the app\". Transition fa8baa4d... is an 'open app' action from start state to the permissions screen (98690a...)."
            },
            {
              "value": "8407e328c4a9d75304cf3edee19af6616ae654caca4e79229e0df0c827909816",
              "status": "confirmed",
              "evidence": "User: \"tapped allow to let family finance send and view SMS messages\". Transition 8407e328... clicks the permission_allow_button (Allow) on the SMS permission dialog (98690a...) leading to Dashboard (23d6f9...)."
            },
            {
              "value": "9a4f389ec16dc06bc51519fd35159ab49c667d2cae3e0323df9bf08cd98bda88",
              "status": "confirmed",
              "evidence": "User: \"clicked on reports\". Transition 9a4f389e... clicks Dashboard button 'Reports' (select_charts) from Dashboard (23d6f9...) to ChartActivity/Reports (caead4a...)."
            },
            {
              "value": "2965c3b4debc48c038e78f98002ad0883abcdd8571e00c1287e80981331ef5b4",
              "status": "ambiguous",
              "evidence": "User: \"clicked on the itab\" on Reports. The closest matching tab interaction from the initial ChartActivity state is transition 2965c3b... selecting the 'Incomes by Articles' ActionBar tab. Labeled ambiguous because 'iTab' could refer to another 'Incomes...' tab in later chart states."
            }
          ]
        }
      },
      "meta_data": {
        "latency": "11.779508625000744 s",
        "node_token_consumption": {
          "input_tokens": 82002,
          "output_tokens": 951,
          "total_tokens": 82953,
          "llm_calls": 1,
          "llm_calls_with_usage": 1,
          "llm_calls_missing_usage": 0
        }
      }
    },
    {
      "entity": "bot",
      "action_name": "evaluate",
      "output": {
        "unknown_and_low_confidence_info": [
          "triggering_screen_reference",
          "triggering_GUI_interactions[0]",
          "steps_to_reproduce[3]"
        ]
      },
      "meta_data": {
        "latency": "7.554100011475384e-05 s",
        "node_token_consumption": null
      }
    },
    {
      "entity": "bot",
      "action_name": "follow_up",
      "output": {
        "generated_question": "On the Reports screen, what exactly was the “iTab” you tapped—was it the tab labeled “INCOMES BY ARTICLES” (not the pie chart tab), or a different tab (e.g., “INCOMES BY ARTICLES (PIE CHART)”)? Please tell me the exact tab label you tapped right before opening the Display dialog and checking “Use percent values.”"
      },
      "meta_data": {
        "latency": "2.2345016249992113 s",
        "node_token_consumption": {
          "input_tokens": 81767,
          "output_tokens": 92,
          "total_tokens": 81859,
          "llm_calls": 1,
          "llm_calls_with_usage": 1,
          "llm_calls_missing_usage": 0
        }
      }
    }
  ]
}
{
  "turn": 4,
  "actions": [
    {
      "entity": "user",
      "action_name": "user_description",
      "output": {
        "messages": {
          "content": "It was the tab labeled exactly Incomes By Articles.",
          "additional_kwargs": {},
          "response_metadata": {},
          "type": "human",
          "name": null,
          "id": "1a11065f-0d01-4dbd-921e-bccc14e96595"
        }
      },
      "meta_data": {
        "latency": "0.0013667919993167743 s",
        "node_token_consumption": null
      }
    },
    {
      "entity": "bot",
      "action_name": "information_element_extraction",
      "output": {
        "information_element_extraction": {
          "triggering_screen_reference": {
            "value": "Reports screen; tab labeled \"Incomes By Articles\"",
            "evidence": [
              "\"clicked on reports\"",
              "\"It was the tab labeled exactly Incomes By Articles.\""
            ]
          },
          "triggering_GUI_interactions": {
            "value": "Tapped Allow for SMS permission, opened Reports, then tapped the tab labeled \"Incomes By Articles\"",
            "evidence": [
              "\"tapped allow to let family finance send and view SMS messages\"",
              "\"clicked on reports\"",
              "\"clicked on the itab\"",
              "\"It was the tab labeled exactly Incomes By Articles.\""
            ]
          },
          "buggy_behavior": null,
          "correct_behavior": null,
          "steps_to_reproduce": {
            "value": "Open the app → tap Allow to let Family Finance send and view SMS messages → go to Reports → tap the tab labeled \"Incomes By Articles\"",
            "evidence": [
              "\"I opened the app, tapped allow to let family finance send and view SMS messages, clicked on reports, clicked on the itab\"",
              "\"It was the tab labeled exactly Incomes By Articles.\""
            ]
          }
        },
        "clarification_window_start_idx": 4
      },
      "meta_data": {
        "latency": "2.8526772089999213 s",
        "node_token_consumption": {
          "input_tokens": 909,
          "output_tokens": 221,
          "total_tokens": 1130,
          "llm_calls": 1,
          "llm_calls_with_usage": 1,
          "llm_calls_missing_usage": 0
        }
      }
    },
    {
      "entity": "bot",
      "action_name": "clarity_check",
      "output": {
        "clarity_route": "continue",
        "clarity_issues": []
      },
      "meta_data": {
        "latency": "1.7530587500004913 s",
        "node_token_consumption": {
          "input_tokens": 589,
          "output_tokens": 21,
          "total_tokens": 610,
          "llm_calls": 1,
          "llm_calls_with_usage": 1,
          "llm_calls_missing_usage": 0
        }
      }
    },
    {
      "entity": "bot",
      "action_name": "extract_and_update",
      "output": {
        "BugInfo": {
          "triggering_screen_reference": {
            "value": "c73baec5341ca7597ddef244067a27040e0496b4ead7b7f27231070848c360d0",
            "status": "confirmed",
            "evidence": "User уточнил: \"Reports screen; tab labeled 'Incomes By Articles'\" / \"It was the tab labeled exactly Incomes By Articles.\" В графе состояние c73baec... — ChartActivity (Reports) с активной вкладкой 'Incomes by Articles'."
          },
          "triggering_GUI_interactions": [
            {
              "value": "2965c3b4debc48c038e78f98002ad0883abcdd8571e00c1287e80981331ef5b4",
              "status": "confirmed",
              "evidence": "Пользователь: \"clicked on the itab\" и уточнил, что это вкладка \"Incomes By Articles\". Переход 2965c3b... — click по ActionBar Tab с dsc='Incomes by Articles' из базового Reports/ChartActivity (caead4a...) в состояние вкладки (c73baec...)."
            },
            {
              "value": "c3292f1abb084883da9f0bf06776dd33343b186505d53bedfbb8b83717e4b319",
              "status": "confirmed",
              "evidence": "Unchanged (already confirmed): user switched display to \"Use percent values\"; transition c3292f1... clicks CheckBox idx=use_percent_values on state f189f231... (Display dialog)."
            }
          ],
          "buggy_behavior": {
            "value": "The app crashes and shows a crash dialog/message: “Unfortunately, Family Finance has stopped.”",
            "status": "confirmed",
            "evidence": "Unchanged. User evidence: \"The app shows: unfortunately, family finance has stopped.\" Graph contains crash dialog state 2957d1cfee... with the same message."
          },
          "correct_behavior": {
            "value": "The view should switch from “view values” to “use percent values” without crashing.",
            "status": "confirmed",
            "evidence": "Unchanged. User: \"The view should be switched from view values to use percent values, and the app should not crash.\""
          },
          "steps_to_reproduce": [
            {
              "value": "fa8baa4de2d1015dd5da60a38bcc25a725e918d25bafb6b4b8bafe8f727ccfcf",
              "status": "confirmed",
              "evidence": "User: \"I opened the app\". Transition fa8baa4d... is an 'open app' action from start state to the permissions screen (98690a...)."
            },
            {
              "value": "8407e328c4a9d75304cf3edee19af6616ae654caca4e79229e0df0c827909816",
              "status": "confirmed",
              "evidence": "User: \"tapped allow to let family finance send and view SMS messages\". Transition 8407e328... clicks the permission_allow_button (Allow) on the SMS permission dialog (98690a...) leading to Dashboard (23d6f9...)."
            },
            {
              "value": "9a4f389ec16dc06bc51519fd35159ab49c667d2cae3e0323df9bf08cd98bda88",
              "status": "confirmed",
              "evidence": "User: \"clicked on reports\". Transition 9a4f389e... clicks Dashboard button 'Reports' (select_charts) from Dashboard (23d6f9...) to ChartActivity/Reports (caead4a...)."
            },
            {
              "value": "2965c3b4debc48c038e78f98002ad0883abcdd8571e00c1287e80981331ef5b4",
              "status": "confirmed",
              "evidence": "User уточнил что 'iTab' — это вкладка, подписанная ровно \"Incomes By Articles\". В графе это соответствует transition 2965c3b... (ActionBar$Tab dsc='Incomes by Articles') из caead4a... в c73baec...."
            }
          ]
        }
      },
      "meta_data": {
        "latency": "9.932353457999852 s",
        "node_token_consumption": {
          "input_tokens": 82613,
          "output_tokens": 851,
          "total_tokens": 83464,
          "llm_calls": 1,
          "llm_calls_with_usage": 1,
          "llm_calls_missing_usage": 0
        }
      }
    },
    {
      "entity": "bot",
      "action_name": "evaluate",
      "output": {
        "unknown_and_low_confidence_info": []
      },
      "meta_data": {
        "latency": "5.7375000324100256e-05 s",
        "node_token_consumption": null
      }
    },
    {
      "entity": "user",
      "action_name": "generate_report",
      "output": {
        "full_report": {
          "title": "Crash when enabling “Use percent values” in Reports > Incomes by Articles display options",
          "observed_behavior": "On the Reports screen (Incomes by Articles tab), if the user opens the “Display” dialog and taps the “Use percent values” checkbox, the app crashes and shows a crash dialog/message: “Unfortunately, Family Finance has stopped.”",
          "expected_behavior": "The view should switch from “view values” to “use percent values” without crashing.",
          "steps_to_reproduce": "1. Open the Family Finance app.\n2. On the permissions prompt, tap “Allow”.\n3. On the Dashboard, tap “Reports”.\n4. In Reports, switch to the “Incomes by Articles” tab."
        },
        "extracted_information_elements": {
          "buggy_behavior": "the app crashes and shows a crash dialog/message: “Unfortunately, Family Finance has stopped.”",
          "triggering_gui_interactions": "opens the “Display” dialog and taps the “Use percent values” checkbox",
          "triggering_screen_reference": "On the Reports screen (Incomes by Articles tab)",
          "correct_behavior": "The view should switch from “view values” to “use percent values” without crashing."
        }
      },
      "meta_data": {
        "latency": "8.396584500000245 s",
        "node_token_consumption": {
          "input_tokens": 81680,
          "output_tokens": 254,
          "total_tokens": 81934,
          "llm_calls": 2,
          "llm_calls_with_usage": 2,
          "llm_calls_missing_usage": 0
        }
      }
    }
  ]
}
{
  "record_type": "conversation_summary",
  "conversation_id": "0",
  "started_at": "2026-03-03T04:05:48.383422+00:00",
  "ended_at": "2026-03-03T04:10:46.276386+00:00",
  "total_latency_seconds": 297.89573225000004,
  "token_consumption": {
    "input_tokens": 661288,
    "output_tokens": 4007,
    "total_tokens": 665295,
    "llm_calls": 20,
    "llm_calls_with_usage": 20,
    "llm_calls_missing_usage": 0
  }
}
